

=====================================================================
== C:\DayZ\servers\0\DayZServer_x64.exe
== ./servers/0/DayZServer_x64.exe -config=serverDZ.cfg.active -port=2302 -profiles=profiles  -adminlog -freezecheck -dologs "-mod=@CF;@MuchStuffPack;@Community-Online-Tools;@Mass'sManyItemOverhaul;@Modular Vest System;@DayZ-Expansion-Licensed;@DayZ-Expansion-Core;@CarCover;@DayZ-Expansion-Market;@DayZ-Expansion-Book;@DayZ-Expansion-Vehicles;@DayZ-Expansion-Navigation;@DayZ-Expansion-BaseBuilding;@DayZ-Expansion-Chat;@DayZ-Expansion-Weapons;@DayZ-Expansion;@Arma 2 Helicopters Remastered;@SlowerMetabolism;@ZenNotes;@CodeLock to ExpansionCodeLock Bridge;@Dabs Framework;@DayZ-Expansion-Map-Assets;@MunghardsItempack;"
=====================================================================
Exe timestamp: 2023/07/18 11:17:55
Current time:  2023/07/21 14:14:20

Version 1.21.156300
14:14:20.375 String "STR_DF_NAME" not found (not in localization table)
14:14:20.655 String "STR_server_shutdown" listed twice in "Global"
14:14:20.671 Localization not present: STR_DATE_FORMAT_SHORT
14:14:20.671 Localization not present: STR_TIME_FORMAT
14:14:20.671 Localization not present: STR_CONFIG_CONTROLLER_NORMAL_LOOK
14:14:20.671 Localization not present: STR_CONFIG_CONTROLLER_REVERSED_LOOK
14:14:20.671 Localization not present: STR_MP_VALIDERROR
14:14:20.671 Localization not present: STR_MP_CONNECTION_LOOSING
14:14:20.671 Localization not present: STR_MSG_MP_NO_PASSWORD
14:14:20.671 Localization not present: STR_MSG_LAUNCH_GAME
14:14:20.671 Localization not present: STR_LOAD_INIT
14:14:20.671 Localization not present: STR_LOAD_WORLD
14:14:20.671 Localization not present: STR_LOAD_GAME
14:14:20.671 Localization not present: STR_SAVE_GAME
14:14:20.671 Localization not present: STR_MP_CONNECT
14:14:20.671 Localization not present: STR_MP_DISCONNECT
14:14:20.671 Localization not present: STR_MP_CONNECTING
14:14:20.671 Localization not present: STR_MP_TIMEOUT
14:14:20.671 Localization not present: STR_DISP_CLIENT_TEXT_EDIT
14:14:20.671 Localization not present: STR_MP_LOGIN_QUEUE_FULL
14:14:20.676 Localization not present: STR_DATE_FORMAT_SHORT
14:14:20.676 Localization not present: STR_TIME_FORMAT
14:14:20.676 Localization not present: STR_CONFIG_CONTROLLER_NORMAL_LOOK
14:14:20.676 Localization not present: STR_CONFIG_CONTROLLER_REVERSED_LOOK
14:14:20.676 Localization not present: STR_MP_VALIDERROR
14:14:20.676 Localization not present: STR_MP_CONNECTION_LOOSING
14:14:20.676 Localization not present: STR_MSG_MP_NO_PASSWORD
14:14:20.676 Localization not present: STR_MSG_LAUNCH_GAME
14:14:20.676 Localization not present: STR_LOAD_INIT
14:14:20.676 Localization not present: STR_LOAD_WORLD
14:14:20.676 Localization not present: STR_LOAD_GAME
14:14:20.676 Localization not present: STR_SAVE_GAME
14:14:20.676 Localization not present: STR_MP_CONNECT
14:14:20.676 Localization not present: STR_MP_DISCONNECT
14:14:20.676 Localization not present: STR_MP_CONNECTING
14:14:20.676 Localization not present: STR_MP_TIMEOUT
14:14:20.676 Localization not present: STR_DISP_CLIENT_TEXT_EDIT
14:14:20.676 Localization not present: STR_MP_LOGIN_QUEUE_FULL
14:14:20.688 Initializing stats manager.
14:14:20.689 Stats config disabled.
14:14:21.941 Conflicting addon Munghardsflashlights in 'MunghardsItems\mx991\', previous definition in 'MunghardsItems\maglite\'
14:14:21.975 Conflicting addon Munghardsstielhandgranate in 'MunghardsItems\stielhandgranate\', previous definition in 'MunghardsItems\decoygrenade\'
14:14:21.997 Conflicting addon Munghardsscope in 'MunghardsItems\testscope\', previous definition in 'MunghardsItems\scope2\'
14:14:22.128 Conflicting addon DayZExpansion_Sounds_Ground_Vehicle_Sedan_02 in 'DayZExpansion\Sounds\Vehicles\Ground\Sedan_02\', previous definition in 'DayZExpansion\Sounds\Vehicles\Ground\Bus\'
14:14:22.253 Conflicting addon Mass_Textures in 'MassTextures\masstextures\', previous definition in 'MassTextures\'
14:14:22.310 Conflicting addon Mass_Textures in 'MuchStuffPack\MSP_Storage_proxies\dependency\', previous definition in 'MassTextures\'
14:14:22.310 Conflicting addon Munghardsgunwall in 'MuchStuffPack\MSP_Storage_proxies\dependency\', previous definition in 'MunghardsItems\gunwall\'
14:14:22.310 Conflicting addon MassBuildings in 'MuchStuffPack\MSP_Storage_proxies\dependency\', previous definition in 'MassBuildings\'
14:14:23.81 Updating base class All->AllVehicles, by DZ\data\config.bin/CfgVehicles/Man/
14:14:23.81 Updating base class WeaponMode_Base->, by DZ\data\config.bin/Mode_SemiAuto/
14:14:23.83 Updating base class Name->NameIcon, by DayZExpansion\Navigation\Worlds\locationtypes\config.bin/CfgLocationTypes/Hill/
14:14:23.83 Updating base class Hill->NameIcon, by DayZExpansion\Navigation\Worlds\locationtypes\config.bin/CfgLocationTypes/ViewPoint/
14:14:23.83 Updating base class Hill->NameIcon, by DayZExpansion\Navigation\Worlds\locationtypes\config.bin/CfgLocationTypes/RockArea/
14:14:23.83 Updating base class Hill->NameIcon, by DayZExpansion\Navigation\Worlds\locationtypes\config.bin/CfgLocationTypes/BorderCrossing/
14:14:23.83 Updating base class Hill->NameIcon, by DayZExpansion\Navigation\Worlds\locationtypes\config.bin/CfgLocationTypes/VegetationBroadleaf/
14:14:23.83 Updating base class Hill->NameIcon, by DayZExpansion\Navigation\Worlds\locationtypes\config.bin/CfgLocationTypes/VegetationFir/
14:14:23.83 Updating base class Hill->NameIcon, by DayZExpansion\Navigation\Worlds\locationtypes\config.bin/CfgLocationTypes/VegetationPalm/
14:14:23.83 Updating base class Hill->NameIcon, by DayZExpansion\Navigation\Worlds\locationtypes\config.bin/CfgLocationTypes/VegetationVineyard/
14:14:23.86 Updating base class ->Inventory_Base, by DayZExpansion\Objects\Misc\config.bin/CfgVehicles/ExpansionParkingMeter/
14:14:23.166 Updating base class ->Inventory_Base, by DZ\gear\camping\config.bin/CfgVehicles/Flag_Base/
14:14:23.296 Updating base class ->Rifle_Base, by DZ\weapons\firearms\m4\config.bin/cfgWeapons/M4A1_Base/
14:14:23.296 Updating base class ->M4A1_Base, by DZ\weapons\firearms\m4\config.bin/cfgWeapons/M4A1/
14:14:23.302 Updating base class ->CAWorld, by DZ\worlds\enoch\world\config.bin/CfgWorlds/Enoch/
14:14:23.308 Updating base class ->Names, by JM\COT\GUI\config.bin/CfgWorlds/ChernarusPlus/Names/
14:14:23.308 Updating base class ->Settlement_Chernogorsk, by JM\COT\GUI\config.bin/CfgWorlds/ChernarusPlus/Names/Settlement_Chernogorsk/
14:14:23.308 Updating base class ->Settlement_Novodmitrovsk, by JM\COT\GUI\config.bin/CfgWorlds/ChernarusPlus/Names/Settlement_Novodmitrovsk/
14:14:23.308 Updating base class ->Settlement_Novoselki, by JM\COT\GUI\config.bin/CfgWorlds/ChernarusPlus/Names/Settlement_Novoselki/
14:14:23.308 Updating base class ->Settlement_Dubovo, by JM\COT\GUI\config.bin/CfgWorlds/ChernarusPlus/Names/Settlement_Dubovo/
14:14:23.308 Updating base class ->Settlement_Vysotovo, by JM\COT\GUI\config.bin/CfgWorlds/ChernarusPlus/Names/Settlement_Vysotovo/
14:14:23.308 Updating base class ->Settlement_Zelenogorsk, by JM\COT\GUI\config.bin/CfgWorlds/ChernarusPlus/Names/Settlement_Zelenogorsk/
14:14:23.308 Updating base class ->Settlement_Berezino, by JM\COT\GUI\config.bin/CfgWorlds/ChernarusPlus/Names/Settlement_Berezino/
14:14:23.308 Updating base class ->Settlement_Elektrozavodsk, by JM\COT\GUI\config.bin/CfgWorlds/ChernarusPlus/Names/Settlement_Elektrozavodsk/
14:14:23.308 Updating base class ->Settlement_NovayaPetrovka, by JM\COT\GUI\config.bin/CfgWorlds/ChernarusPlus/Names/Settlement_NovayaPetrovka/
14:14:23.308 Updating base class ->Settlement_Gorka, by JM\COT\GUI\config.bin/CfgWorlds/ChernarusPlus/Names/Settlement_Gorka/
14:14:23.308 Updating base class ->Settlement_Solnechny, by JM\COT\GUI\config.bin/CfgWorlds/ChernarusPlus/Names/Settlement_Solnechny/
14:14:23.308 Updating base class ->Settlement_StarySobor, by JM\COT\GUI\config.bin/CfgWorlds/ChernarusPlus/Names/Settlement_StarySobor/
14:14:23.308 Updating base class ->Settlement_Vybor, by JM\COT\GUI\config.bin/CfgWorlds/ChernarusPlus/Names/Settlement_Vybor/
14:14:23.308 Updating base class ->Settlement_Severograd, by JM\COT\GUI\config.bin/CfgWorlds/ChernarusPlus/Names/Settlement_Severograd/
14:14:23.308 Updating base class ->Settlement_Bor, by JM\COT\GUI\config.bin/CfgWorlds/ChernarusPlus/Names/Settlement_Bor/
14:14:23.308 Updating base class ->Settlement_Svetloyarsk, by JM\COT\GUI\config.bin/CfgWorlds/ChernarusPlus/Names/Settlement_Svetloyarsk/
14:14:23.308 Updating base class ->Settlement_Krasnostav, by JM\COT\GUI\config.bin/CfgWorlds/ChernarusPlus/Names/Settlement_Krasnostav/
14:14:23.308 Updating base class ->Settlement_ChernayaPolyana, by JM\COT\GUI\config.bin/CfgWorlds/ChernarusPlus/Names/Settlement_ChernayaPolyana/
14:14:23.308 Updating base class ->Settlement_Polyana, by JM\COT\GUI\config.bin/CfgWorlds/ChernarusPlus/Names/Settlement_Polyana/
14:14:23.308 Updating base class ->Settlement_Tulga, by JM\COT\GUI\config.bin/CfgWorlds/ChernarusPlus/Names/Settlement_Tulga/
14:14:23.308 Updating base class ->Settlement_Msta, by JM\COT\GUI\config.bin/CfgWorlds/ChernarusPlus/Names/Settlement_Msta/
14:14:23.308 Updating base class ->Settlement_Staroye, by JM\COT\GUI\config.bin/CfgWorlds/ChernarusPlus/Names/Settlement_Staroye/
14:14:23.308 Updating base class ->Settlement_Shakhovka, by JM\COT\GUI\config.bin/CfgWorlds/ChernarusPlus/Names/Settlement_Shakhovka/
14:14:23.308 Updating base class ->Settlement_Dolina, by JM\COT\GUI\config.bin/CfgWorlds/ChernarusPlus/Names/Settlement_Dolina/
14:14:23.308 Updating base class ->Settlement_Orlovets, by JM\COT\GUI\config.bin/CfgWorlds/ChernarusPlus/Names/Settlement_Orlovets/
14:14:23.308 Updating base class ->Settlement_NovySobor, by JM\COT\GUI\config.bin/CfgWorlds/ChernarusPlus/Names/Settlement_NovySobor/
14:14:23.308 Updating base class ->Settlement_Kabanino, by JM\COT\GUI\config.bin/CfgWorlds/ChernarusPlus/Names/Settlement_Kabanino/
14:14:23.308 Updating base class ->Settlement_Mogilevka, by JM\COT\GUI\config.bin/CfgWorlds/ChernarusPlus/Names/Settlement_Mogilevka/
14:14:23.308 Updating base class ->Settlement_Nadezhdino, by JM\COT\GUI\config.bin/CfgWorlds/ChernarusPlus/Names/Settlement_Nadezhdino/
14:14:23.308 Updating base class ->Settlement_Guglovo, by JM\COT\GUI\config.bin/CfgWorlds/ChernarusPlus/Names/Settlement_Guglovo/
14:14:23.308 Updating base class ->Settlement_Kamyshovo, by JM\COT\GUI\config.bin/CfgWorlds/ChernarusPlus/Names/Settlement_Kamyshovo/
14:14:23.308 Updating base class ->Settlement_Pusta, by JM\COT\GUI\config.bin/CfgWorlds/ChernarusPlus/Names/Settlement_Pusta/
14:14:23.308 Updating base class ->Settlement_Dubrovka, by JM\COT\GUI\config.bin/CfgWorlds/ChernarusPlus/Names/Settlement_Dubrovka/
14:14:23.308 Updating base class ->Settlement_VyshnayaDubrovka, by JM\COT\GUI\config.bin/CfgWorlds/ChernarusPlus/Names/Settlement_VyshnayaDubrovka/
14:14:23.308 Updating base class ->Settlement_Khelm, by JM\COT\GUI\config.bin/CfgWorlds/ChernarusPlus/Names/Settlement_Khelm/
14:14:23.308 Updating base class ->Settlement_Olsha, by JM\COT\GUI\config.bin/CfgWorlds/ChernarusPlus/Names/Settlement_Olsha/
14:14:23.308 Updating base class ->Settlement_Gvozdno, by JM\COT\GUI\config.bin/CfgWorlds/ChernarusPlus/Names/Settlement_Gvozdno/
14:14:23.308 Updating base class ->Settlement_Grishino, by JM\COT\GUI\config.bin/CfgWorlds/ChernarusPlus/Names/Settlement_Grishino/
14:14:23.308 Updating base class ->Settlement_Rogovo, by JM\COT\GUI\config.bin/CfgWorlds/ChernarusPlus/Names/Settlement_Rogovo/
14:14:23.308 Updating base class ->Settlement_Pogorevka, by JM\COT\GUI\config.bin/CfgWorlds/ChernarusPlus/Names/Settlement_Pogorevka/
14:14:23.308 Updating base class ->Settlement_Pustoshka, by JM\COT\GUI\config.bin/CfgWorlds/ChernarusPlus/Names/Settlement_Pustoshka/
14:14:23.308 Updating base class ->Settlement_Kozlovka, by JM\COT\GUI\config.bin/CfgWorlds/ChernarusPlus/Names/Settlement_Kozlovka/
14:14:23.308 Updating base class ->Settlement_Karmanovka, by JM\COT\GUI\config.bin/CfgWorlds/ChernarusPlus/Names/Settlement_Karmanovka/
14:14:23.308 Updating base class ->Settlement_Balota, by JM\COT\GUI\config.bin/CfgWorlds/ChernarusPlus/Names/Settlement_Balota/
14:14:23.308 Updating base class ->Settlement_Komarovo, by JM\COT\GUI\config.bin/CfgWorlds/ChernarusPlus/Names/Settlement_Komarovo/
14:14:23.308 Updating base class ->Settlement_Kamenka, by JM\COT\GUI\config.bin/CfgWorlds/ChernarusPlus/Names/Settlement_Kamenka/
14:14:23.308 Updating base class ->Settlement_Myshkino, by JM\COT\GUI\config.bin/CfgWorlds/ChernarusPlus/Names/Settlement_Myshkino/
14:14:23.308 Updating base class ->Settlement_Pavlovo, by JM\COT\GUI\config.bin/CfgWorlds/ChernarusPlus/Names/Settlement_Pavlovo/
14:14:23.308 Updating base class ->Settlement_Lopatino, by JM\COT\GUI\config.bin/CfgWorlds/ChernarusPlus/Names/Settlement_Lopatino/
14:14:23.308 Updating base class ->Settlement_Vyshnoye, by JM\COT\GUI\config.bin/CfgWorlds/ChernarusPlus/Names/Settlement_Vyshnoye/
14:14:23.308 Updating base class ->Settlement_Prigorodki, by JM\COT\GUI\config.bin/CfgWorlds/ChernarusPlus/Names/Settlement_Prigorodki/
14:14:23.308 Updating base class ->Settlement_Drozhino, by JM\COT\GUI\config.bin/CfgWorlds/ChernarusPlus/Names/Settlement_Drozhino/
14:14:23.308 Updating base class ->Settlement_Sosnovka, by JM\COT\GUI\config.bin/CfgWorlds/ChernarusPlus/Names/Settlement_Sosnovka/
14:14:23.308 Updating base class ->Settlement_Nizhneye, by JM\COT\GUI\config.bin/CfgWorlds/ChernarusPlus/Names/Settlement_Nizhneye/
14:14:23.308 Updating base class ->Settlement_Pulkovo, by JM\COT\GUI\config.bin/CfgWorlds/ChernarusPlus/Names/Settlement_Pulkovo/
14:14:23.308 Updating base class ->Settlement_Berezhki, by JM\COT\GUI\config.bin/CfgWorlds/ChernarusPlus/Names/Settlement_Berezhki/
14:14:23.308 Updating base class ->Settlement_Turovo, by JM\COT\GUI\config.bin/CfgWorlds/ChernarusPlus/Names/Settlement_Turovo/
14:14:23.308 Updating base class ->Settlement_BelayaPolyana, by JM\COT\GUI\config.bin/CfgWorlds/ChernarusPlus/Names/Settlement_BelayaPolyana/
14:14:23.308 Updating base class ->Settlement_Dobroye, by JM\COT\GUI\config.bin/CfgWorlds/ChernarusPlus/Names/Settlement_Dobroye/
14:14:23.308 Updating base class ->Settlement_Nagornoye, by JM\COT\GUI\config.bin/CfgWorlds/ChernarusPlus/Names/Settlement_Nagornoye/
14:14:23.308 Updating base class ->Settlement_Svergino, by JM\COT\GUI\config.bin/CfgWorlds/ChernarusPlus/Names/Settlement_Svergino/
14:14:23.308 Updating base class ->Settlement_Ratnoye, by JM\COT\GUI\config.bin/CfgWorlds/ChernarusPlus/Names/Settlement_Ratnoye/
14:14:23.308 Updating base class ->Settlement_Kamensk, by JM\COT\GUI\config.bin/CfgWorlds/ChernarusPlus/Names/Settlement_Kamensk/
14:14:23.308 Updating base class ->Settlement_Krasnoye, by JM\COT\GUI\config.bin/CfgWorlds/ChernarusPlus/Names/Settlement_Krasnoye/
14:14:23.308 Updating base class ->Settlement_StaryYar, by JM\COT\GUI\config.bin/CfgWorlds/ChernarusPlus/Names/Settlement_StaryYar/
14:14:23.308 Updating base class ->Settlement_Polesovo, by JM\COT\GUI\config.bin/CfgWorlds/ChernarusPlus/Names/Settlement_Polesovo/
14:14:23.308 Updating base class ->Settlement_Tisy, by JM\COT\GUI\config.bin/CfgWorlds/ChernarusPlus/Names/Settlement_Tisy/
14:14:23.308 Updating base class ->Settlement_Topolniki, by JM\COT\GUI\config.bin/CfgWorlds/ChernarusPlus/Names/Settlement_Topolniki/
14:14:23.308 Updating base class ->Settlement_Zaprudnoye, by JM\COT\GUI\config.bin/CfgWorlds/ChernarusPlus/Names/Settlement_Zaprudnoye/
14:14:23.308 Updating base class ->Settlement_Sinystok, by JM\COT\GUI\config.bin/CfgWorlds/ChernarusPlus/Names/Settlement_Sinystok/
14:14:23.308 Updating base class ->Settlement_Vavilovo, by JM\COT\GUI\config.bin/CfgWorlds/ChernarusPlus/Names/Settlement_Vavilovo/
14:14:23.308 Updating base class ->Settlement_Kumyrna, by JM\COT\GUI\config.bin/CfgWorlds/ChernarusPlus/Names/Settlement_Kumyrna/
14:14:23.308 Updating base class ->Settlement_Kalinovka, by JM\COT\GUI\config.bin/CfgWorlds/ChernarusPlus/Names/Settlement_Kalinovka/
14:14:23.308 Updating base class ->Settlement_Bogatyrka, by JM\COT\GUI\config.bin/CfgWorlds/ChernarusPlus/Names/Settlement_Bogatyrka/
14:14:23.308 Updating base class ->Settlement_SvyatoyRomanSkiResort, by JM\COT\GUI\config.bin/CfgWorlds/ChernarusPlus/Names/Settlement_SvyatoyRomanSkiResort/
14:14:23.308 Updating base class ->Settlement_SKVSChBiathlonArena, by JM\COT\GUI\config.bin/CfgWorlds/ChernarusPlus/Names/Settlement_SKVSChBiathlonArena/
14:14:23.308 Updating base class ->Settlement_Zvir, by JM\COT\GUI\config.bin/CfgWorlds/ChernarusPlus/Names/Settlement_Zvir/
14:14:23.308 Updating base class ->Settlement_Zabolotye, by JM\COT\GUI\config.bin/CfgWorlds/ChernarusPlus/Names/Settlement_Zabolotye/
14:14:23.308 Updating base class ->Settlement_Galkino, by JM\COT\GUI\config.bin/CfgWorlds/ChernarusPlus/Names/Settlement_Galkino/
14:14:23.308 Updating base class ->Camp_Arsenovo, by JM\COT\GUI\config.bin/CfgWorlds/ChernarusPlus/Names/Camp_Arsenovo/
14:14:23.308 Updating base class ->Camp_Stroytel, by JM\COT\GUI\config.bin/CfgWorlds/ChernarusPlus/Names/Camp_Stroytel/
14:14:23.308 Updating base class ->Camp_Romashka, by JM\COT\GUI\config.bin/CfgWorlds/ChernarusPlus/Names/Camp_Romashka/
14:14:23.308 Updating base class ->Camp_Kometa, by JM\COT\GUI\config.bin/CfgWorlds/ChernarusPlus/Names/Camp_Kometa/
14:14:23.308 Updating base class ->Camp_Druzhba, by JM\COT\GUI\config.bin/CfgWorlds/ChernarusPlus/Names/Camp_Druzhba/
14:14:23.308 Updating base class ->Camp_Nadezhda, by JM\COT\GUI\config.bin/CfgWorlds/ChernarusPlus/Names/Camp_Nadezhda/
14:14:23.308 Updating base class ->Camp_YouthPioneer, by JM\COT\GUI\config.bin/CfgWorlds/ChernarusPlus/Names/Camp_YouthPioneer/
14:14:23.308 Updating base class ->Camp_ProudChernarus, by JM\COT\GUI\config.bin/CfgWorlds/ChernarusPlus/Names/Camp_ProudChernarus/
14:14:23.308 Updating base class ->Camp_Shkolnik, by JM\COT\GUI\config.bin/CfgWorlds/ChernarusPlus/Names/Camp_Shkolnik/
14:14:23.308 Updating base class ->Camp_Pobeda, by JM\COT\GUI\config.bin/CfgWorlds/ChernarusPlus/Names/Camp_Pobeda/
14:14:23.308 Updating base class ->Camp_Metalurg, by JM\COT\GUI\config.bin/CfgWorlds/ChernarusPlus/Names/Camp_Metalurg/
14:14:23.308 Updating base class ->Hill_Zelenayagora, by JM\COT\GUI\config.bin/CfgWorlds/ChernarusPlus/Names/Hill_Zelenayagora/
14:14:23.308 Updating base class ->Local_Dichina, by JM\COT\GUI\config.bin/CfgWorlds/ChernarusPlus/Names/Local_Dichina/
14:14:23.308 Updating base class ->Local_Novylug, by JM\COT\GUI\config.bin/CfgWorlds/ChernarusPlus/Names/Local_Novylug/
14:14:23.308 Updating base class ->Local_Staryeluga, by JM\COT\GUI\config.bin/CfgWorlds/ChernarusPlus/Names/Local_Staryeluga/
14:14:23.308 Updating base class ->Hill_Vysota, by JM\COT\GUI\config.bin/CfgWorlds/ChernarusPlus/Names/Hill_Vysota/
14:14:23.308 Updating base class ->Hill_Kopyto, by JM\COT\GUI\config.bin/CfgWorlds/ChernarusPlus/Names/Hill_Kopyto/
14:14:23.308 Updating base class ->Local_Grubyeskaly, by JM\COT\GUI\config.bin/CfgWorlds/ChernarusPlus/Names/Local_Grubyeskaly/
14:14:23.308 Updating base class ->Local_Chernyles, by JM\COT\GUI\config.bin/CfgWorlds/ChernarusPlus/Names/Local_Chernyles/
14:14:23.308 Updating base class ->Hill_Altar, by JM\COT\GUI\config.bin/CfgWorlds/ChernarusPlus/Names/Hill_Altar/
14:14:23.308 Updating base class ->Local_RadioZenit, by JM\COT\GUI\config.bin/CfgWorlds/ChernarusPlus/Names/Local_RadioZenit/
14:14:23.308 Updating base class ->Hill_PikKozlova, by JM\COT\GUI\config.bin/CfgWorlds/ChernarusPlus/Names/Hill_PikKozlova/
14:14:23.308 Updating base class ->Local_Pustoykhrebet, by JM\COT\GUI\config.bin/CfgWorlds/ChernarusPlus/Names/Local_Pustoykhrebet/
14:14:23.308 Updating base class ->Hill_Bashnya, by JM\COT\GUI\config.bin/CfgWorlds/ChernarusPlus/Names/Hill_Bashnya/
14:14:23.308 Updating base class ->Hill_Veresnik, by JM\COT\GUI\config.bin/CfgWorlds/ChernarusPlus/Names/Hill_Veresnik/
14:14:23.308 Updating base class ->Hill_Kurgan, by JM\COT\GUI\config.bin/CfgWorlds/ChernarusPlus/Names/Hill_Kurgan/
14:14:23.308 Updating base class ->Hill_Kustryk, by JM\COT\GUI\config.bin/CfgWorlds/ChernarusPlus/Names/Hill_Kustryk/
14:14:23.308 Updating base class ->Hill_Vetryanayagora, by JM\COT\GUI\config.bin/CfgWorlds/ChernarusPlus/Names/Hill_Vetryanayagora/
14:14:23.308 Updating base class ->Hill_Kalmyk, by JM\COT\GUI\config.bin/CfgWorlds/ChernarusPlus/Names/Hill_Kalmyk/
14:14:23.308 Updating base class ->Hill_PopIvan, by JM\COT\GUI\config.bin/CfgWorlds/ChernarusPlus/Names/Hill_PopIvan/
14:14:23.308 Updating base class ->Hill_Erbenka, by JM\COT\GUI\config.bin/CfgWorlds/ChernarusPlus/Names/Hill_Erbenka/
14:14:23.308 Updating base class ->Local_Lesnoykhrebet, by JM\COT\GUI\config.bin/CfgWorlds/ChernarusPlus/Names/Local_Lesnoykhrebet/
14:14:23.308 Updating base class ->Hill_Vysokiykamen, by JM\COT\GUI\config.bin/CfgWorlds/ChernarusPlus/Names/Hill_Vysokiykamen/
14:14:23.308 Updating base class ->Hill_Dobry, by JM\COT\GUI\config.bin/CfgWorlds/ChernarusPlus/Names/Hill_Dobry/
14:14:23.308 Updating base class ->Hill_Baranchik, by JM\COT\GUI\config.bin/CfgWorlds/ChernarusPlus/Names/Hill_Baranchik/
14:14:23.308 Updating base class ->Hill_Malinovka, by JM\COT\GUI\config.bin/CfgWorlds/ChernarusPlus/Names/Hill_Malinovka/
14:14:23.308 Updating base class ->Hill_Dubina, by JM\COT\GUI\config.bin/CfgWorlds/ChernarusPlus/Names/Hill_Dubina/
14:14:23.308 Updating base class ->Hill_Klen, by JM\COT\GUI\config.bin/CfgWorlds/ChernarusPlus/Names/Hill_Klen/
14:14:23.308 Updating base class ->Hill_Chernayagora, by JM\COT\GUI\config.bin/CfgWorlds/ChernarusPlus/Names/Hill_Chernayagora/
14:14:23.308 Updating base class ->Ruin_Zolotar, by JM\COT\GUI\config.bin/CfgWorlds/ChernarusPlus/Names/Ruin_Zolotar/
14:14:23.308 Updating base class ->Hill_Ostry, by JM\COT\GUI\config.bin/CfgWorlds/ChernarusPlus/Names/Hill_Ostry/
14:14:23.308 Updating base class ->Hill_Olsha, by JM\COT\GUI\config.bin/CfgWorlds/ChernarusPlus/Names/Hill_Olsha/
14:14:23.308 Updating base class ->Marine_Tikhiyzaliv, by JM\COT\GUI\config.bin/CfgWorlds/ChernarusPlus/Names/Marine_Tikhiyzaliv/
14:14:23.308 Updating base class ->Marine_Mutnyizaliv, by JM\COT\GUI\config.bin/CfgWorlds/ChernarusPlus/Names/Marine_Mutnyizaliv/
14:14:23.308 Updating base class ->Marine_Chernyzaliv, by JM\COT\GUI\config.bin/CfgWorlds/ChernarusPlus/Names/Marine_Chernyzaliv/
14:14:23.308 Updating base class ->Marine_Zelenyzaliv, by JM\COT\GUI\config.bin/CfgWorlds/ChernarusPlus/Names/Marine_Zelenyzaliv/
14:14:23.308 Updating base class ->Marine_Skalistyproliv, by JM\COT\GUI\config.bin/CfgWorlds/ChernarusPlus/Names/Marine_Skalistyproliv/
14:14:23.308 Updating base class ->Marine_Nizhniyzaliv, by JM\COT\GUI\config.bin/CfgWorlds/ChernarusPlus/Names/Marine_Nizhniyzaliv/
14:14:23.308 Updating base class ->Marine_ZalivGuba, by JM\COT\GUI\config.bin/CfgWorlds/ChernarusPlus/Names/Marine_ZalivGuba/
14:14:23.308 Updating base class ->Marine_Rify, by JM\COT\GUI\config.bin/CfgWorlds/ChernarusPlus/Names/Marine_Rify/
14:14:23.308 Updating base class ->Marine_Ivovoyeozero, by JM\COT\GUI\config.bin/CfgWorlds/ChernarusPlus/Names/Marine_Ivovoyeozero/
14:14:23.308 Updating base class ->Marine_Chernoyeozero, by JM\COT\GUI\config.bin/CfgWorlds/ChernarusPlus/Names/Marine_Chernoyeozero/
14:14:23.308 Updating base class ->Marine_PlotinaTopolka, by JM\COT\GUI\config.bin/CfgWorlds/ChernarusPlus/Names/Marine_PlotinaTopolka/
14:14:23.308 Updating base class ->Marine_PlotinaPobeda, by JM\COT\GUI\config.bin/CfgWorlds/ChernarusPlus/Names/Marine_PlotinaPobeda/
14:14:23.308 Updating base class ->Marine_PlotinaTishina, by JM\COT\GUI\config.bin/CfgWorlds/ChernarusPlus/Names/Marine_PlotinaTishina/
14:14:23.308 Updating base class ->Marine_Ozerko, by JM\COT\GUI\config.bin/CfgWorlds/ChernarusPlus/Names/Marine_Ozerko/
14:14:23.308 Updating base class ->Marine_Prud, by JM\COT\GUI\config.bin/CfgWorlds/ChernarusPlus/Names/Marine_Prud/
14:14:23.308 Updating base class ->Ruin_Chortovzamok, by JM\COT\GUI\config.bin/CfgWorlds/ChernarusPlus/Names/Ruin_Chortovzamok/
14:14:23.308 Updating base class ->Ruin_Zub, by JM\COT\GUI\config.bin/CfgWorlds/ChernarusPlus/Names/Ruin_Zub/
14:14:23.308 Updating base class ->Ruin_Rog, by JM\COT\GUI\config.bin/CfgWorlds/ChernarusPlus/Names/Ruin_Rog/
14:14:23.308 Updating base class ->Local_Grozovypereval, by JM\COT\GUI\config.bin/CfgWorlds/ChernarusPlus/Names/Local_Grozovypereval/
14:14:23.308 Updating base class ->Local_Sosnovypereval, by JM\COT\GUI\config.bin/CfgWorlds/ChernarusPlus/Names/Local_Sosnovypereval/
14:14:23.308 Updating base class ->Local_PerevalOreshka, by JM\COT\GUI\config.bin/CfgWorlds/ChernarusPlus/Names/Local_PerevalOreshka/
14:14:23.308 Updating base class ->Local_Turovskiypereval, by JM\COT\GUI\config.bin/CfgWorlds/ChernarusPlus/Names/Local_Turovskiypereval/
14:14:23.308 Updating base class ->Local_Tridoliny, by JM\COT\GUI\config.bin/CfgWorlds/ChernarusPlus/Names/Local_Tridoliny/
14:14:23.308 Updating base class ->Local_Grozovyedoly, by JM\COT\GUI\config.bin/CfgWorlds/ChernarusPlus/Names/Local_Grozovyedoly/
14:14:23.308 Updating base class ->Ruin_Klyuch, by JM\COT\GUI\config.bin/CfgWorlds/ChernarusPlus/Names/Ruin_Klyuch/
14:14:23.308 Updating base class ->Hill_Lysayagora, by JM\COT\GUI\config.bin/CfgWorlds/ChernarusPlus/Names/Hill_Lysayagora/
14:14:23.308 Updating base class ->Marine_Glubokoyeozero, by JM\COT\GUI\config.bin/CfgWorlds/ChernarusPlus/Names/Marine_Glubokoyeozero/
14:14:23.308 Updating base class ->Local_Skalka, by JM\COT\GUI\config.bin/CfgWorlds/ChernarusPlus/Names/Local_Skalka/
14:14:23.308 Updating base class ->Local_Vidy, by JM\COT\GUI\config.bin/CfgWorlds/ChernarusPlus/Names/Local_Vidy/
14:14:23.308 Updating base class ->Hill_Tumannyverkh, by JM\COT\GUI\config.bin/CfgWorlds/ChernarusPlus/Names/Hill_Tumannyverkh/
14:14:23.308 Updating base class ->Local_Adamovka, by JM\COT\GUI\config.bin/CfgWorlds/ChernarusPlus/Names/Local_Adamovka/
14:14:23.308 Updating base class ->Hill_Shishok, by JM\COT\GUI\config.bin/CfgWorlds/ChernarusPlus/Names/Hill_Shishok/
14:14:23.308 Updating base class ->Settlement_Skalisty, by JM\COT\GUI\config.bin/CfgWorlds/ChernarusPlus/Names/Settlement_Skalisty/
14:14:23.308 Updating base class ->Ruin_Storozh, by JM\COT\GUI\config.bin/CfgWorlds/ChernarusPlus/Names/Ruin_Storozh/
14:14:23.308 Updating base class ->Local_Drakon, by JM\COT\GUI\config.bin/CfgWorlds/ChernarusPlus/Names/Local_Drakon/
14:14:23.308 Updating base class ->Local_Otmel, by JM\COT\GUI\config.bin/CfgWorlds/ChernarusPlus/Names/Local_Otmel/
14:14:23.308 Updating base class ->Local_MysGolova, by JM\COT\GUI\config.bin/CfgWorlds/ChernarusPlus/Names/Local_MysGolova/
14:14:23.308 Updating base class ->Local_MysKrutoy, by JM\COT\GUI\config.bin/CfgWorlds/ChernarusPlus/Names/Local_MysKrutoy/
14:14:23.308 Updating base class ->Hill_Tokarnya, by JM\COT\GUI\config.bin/CfgWorlds/ChernarusPlus/Names/Hill_Tokarnya/
14:14:23.308 Updating base class ->Hill_Ostrog, by JM\COT\GUI\config.bin/CfgWorlds/ChernarusPlus/Names/Hill_Ostrog/
14:14:23.308 Updating base class ->Local_Maryanka, by JM\COT\GUI\config.bin/CfgWorlds/ChernarusPlus/Names/Local_Maryanka/
14:14:23.308 Updating base class ->Local_Polonina, by JM\COT\GUI\config.bin/CfgWorlds/ChernarusPlus/Names/Local_Polonina/
14:14:23.308 Updating base class ->Local_Kalinka, by JM\COT\GUI\config.bin/CfgWorlds/ChernarusPlus/Names/Local_Kalinka/
14:14:23.308 Updating base class ->Hill_Kikimora, by JM\COT\GUI\config.bin/CfgWorlds/ChernarusPlus/Names/Hill_Kikimora/
14:14:23.308 Updating base class ->Hill_BolshoyKotel, by JM\COT\GUI\config.bin/CfgWorlds/ChernarusPlus/Names/Hill_BolshoyKotel/
14:14:23.308 Updating base class ->Hill_Simurg, by JM\COT\GUI\config.bin/CfgWorlds/ChernarusPlus/Names/Hill_Simurg/
14:14:23.308 Updating base class ->Hill_Volchiypik, by JM\COT\GUI\config.bin/CfgWorlds/ChernarusPlus/Names/Hill_Volchiypik/
14:14:23.308 Updating base class ->Ruin_Krona, by JM\COT\GUI\config.bin/CfgWorlds/ChernarusPlus/Names/Ruin_Krona/
14:14:23.308 Updating base class ->Local_TriKresta, by JM\COT\GUI\config.bin/CfgWorlds/ChernarusPlus/Names/Local_TriKresta/
14:14:23.308 Updating base class ->Local_Rostoki, by JM\COT\GUI\config.bin/CfgWorlds/ChernarusPlus/Names/Local_Rostoki/
14:14:23.308 Updating base class ->Marine_OrlyeOzero, by JM\COT\GUI\config.bin/CfgWorlds/ChernarusPlus/Names/Marine_OrlyeOzero/
14:14:23.308 Updating base class ->Local_Makosh, by JM\COT\GUI\config.bin/CfgWorlds/ChernarusPlus/Names/Local_Makosh/
14:14:23.308 Updating base class ->Local_Klenovyipereval, by JM\COT\GUI\config.bin/CfgWorlds/ChernarusPlus/Names/Local_Klenovyipereval/
14:14:23.308 Updating base class ->Local_Zmeinykhrebet, by JM\COT\GUI\config.bin/CfgWorlds/ChernarusPlus/Names/Local_Zmeinykhrebet/
14:14:23.308 Updating base class ->Hill_Sokol, by JM\COT\GUI\config.bin/CfgWorlds/ChernarusPlus/Names/Hill_Sokol/
14:14:23.308 Updating base class ->Local_Krutyeskaly, by JM\COT\GUI\config.bin/CfgWorlds/ChernarusPlus/Names/Local_Krutyeskaly/
14:14:23.308 Updating base class ->Local_Bogat, by JM\COT\GUI\config.bin/CfgWorlds/ChernarusPlus/Names/Local_Bogat/
14:14:23.308 Updating base class ->Local_Dubnik, by JM\COT\GUI\config.bin/CfgWorlds/ChernarusPlus/Names/Local_Dubnik/
14:14:23.308 Updating base class ->Hill_Viselitsa, by JM\COT\GUI\config.bin/CfgWorlds/ChernarusPlus/Names/Hill_Viselitsa/
14:14:23.308 Updating base class ->Local_Dazhbog, by JM\COT\GUI\config.bin/CfgWorlds/ChernarusPlus/Names/Local_Dazhbog/
14:14:23.308 Updating base class ->Marine_Verbnik, by JM\COT\GUI\config.bin/CfgWorlds/ChernarusPlus/Names/Marine_Verbnik/
14:14:23.308 Updating base class ->Local_Medvezhilugi, by JM\COT\GUI\config.bin/CfgWorlds/ChernarusPlus/Names/Local_Medvezhilugi/
14:14:23.308 Updating base class ->Ruin_Voron, by JM\COT\GUI\config.bin/CfgWorlds/ChernarusPlus/Names/Ruin_Voron/
14:14:23.308 Updating base class ->Ruin_Gnomovzamok, by JM\COT\GUI\config.bin/CfgWorlds/ChernarusPlus/Names/Ruin_Gnomovzamok/
14:14:23.308 Updating base class ->Marine_Glaza, by JM\COT\GUI\config.bin/CfgWorlds/ChernarusPlus/Names/Marine_Glaza/
14:14:23.308 Updating base class ->Local_KarerKrasnayaZarya, by JM\COT\GUI\config.bin/CfgWorlds/ChernarusPlus/Names/Local_KarerKrasnayaZarya/
14:14:23.308 Updating base class ->Local_Matveyevo, by JM\COT\GUI\config.bin/CfgWorlds/ChernarusPlus/Names/Local_Matveyevo/
14:14:23.308 Updating base class ->Local_Kotka, by JM\COT\GUI\config.bin/CfgWorlds/ChernarusPlus/Names/Local_Kotka/
14:14:23.308 Updating base class ->Local_Chernyeskaly, by JM\COT\GUI\config.bin/CfgWorlds/ChernarusPlus/Names/Local_Chernyeskaly/
14:14:23.308 Updating base class ->Hill_SvyatoyRoman, by JM\COT\GUI\config.bin/CfgWorlds/ChernarusPlus/Names/Hill_SvyatoyRoman/
14:14:23.308 Updating base class ->Hill_Koman, by JM\COT\GUI\config.bin/CfgWorlds/ChernarusPlus/Names/Hill_Koman/
14:14:23.308 Updating base class ->Hill_Mayak, by JM\COT\GUI\config.bin/CfgWorlds/ChernarusPlus/Names/Hill_Mayak/
14:14:23.308 Updating base class ->Local_MB_VMC, by JM\COT\GUI\config.bin/CfgWorlds/ChernarusPlus/Names/Local_MB_VMC/
14:14:23.308 Updating base class ->Local_MB_Tisy, by JM\COT\GUI\config.bin/CfgWorlds/ChernarusPlus/Names/Local_MB_Tisy/
14:14:23.308 Updating base class ->Local_MB_Kamensk, by JM\COT\GUI\config.bin/CfgWorlds/ChernarusPlus/Names/Local_MB_Kamensk/
14:14:23.308 Updating base class ->Local_MB_Zeleno, by JM\COT\GUI\config.bin/CfgWorlds/ChernarusPlus/Names/Local_MB_Zeleno/
14:14:23.308 Updating base class ->Local_MB_Pavlovo, by JM\COT\GUI\config.bin/CfgWorlds/ChernarusPlus/Names/Local_MB_Pavlovo/
14:14:23.308 Updating base class ->Local_AF_Balota, by JM\COT\GUI\config.bin/CfgWorlds/ChernarusPlus/Names/Local_AF_Balota/
14:14:23.308 Updating base class ->Local_AF_Krasno, by JM\COT\GUI\config.bin/CfgWorlds/ChernarusPlus/Names/Local_AF_Krasno/
14:14:23.308 Updating base class ->Local_AF_Vybor, by JM\COT\GUI\config.bin/CfgWorlds/ChernarusPlus/Names/Local_AF_Vybor/
14:14:23.327 Updating base class ->ItemOptics, by MunghardsItems\testscope\config.bin/cfgvehicles/Leupold_mung/
14:14:23.369 Updating base class MapDefaults->, by DayZExpansion\Navigation\Worlds\chernarusplus\config.bin/RscMapControl/
14:14:23.370 Updating base class ->GUIInventoryAttachmentsProps, by DayZExpansion\Objects\Basebuilding\Vanilla\Tents\config.bin/CfgVehicles/MediumTent/GUIInventoryAttachmentsProps/
14:14:23.370 Updating base class ->GUIInventoryAttachmentsProps, by DayZExpansion\Objects\Basebuilding\Vanilla\Tents\config.bin/CfgVehicles/LargeTent/GUIInventoryAttachmentsProps/
14:14:23.370 Updating base class ->GUIInventoryAttachmentsProps, by DayZExpansion\Objects\Basebuilding\Vanilla\Tents\config.bin/CfgVehicles/CarTent/GUIInventoryAttachmentsProps/
14:14:23.370 Updating base class ->GUIInventoryAttachmentsProps, by DayZExpansion\Objects\Basebuilding\Vanilla\Tents\config.bin/CfgVehicles/PartyTent/GUIInventoryAttachmentsProps/
14:14:23.601 Updating base class ->GUIInventoryAttachmentsProps, by DayZExpansion\Vehicles\Ground\CivillianSedan\config.bin/CfgVehicles/CivilianSedan/GUIInventoryAttachmentsProps/
14:14:23.601 Updating base class ->Body, by DayZExpansion\Vehicles\Ground\CivillianSedan\config.bin/CfgVehicles/CivilianSedan/GUIInventoryAttachmentsProps/Body/
14:14:23.601 Updating base class DamageSystem->, by DayZExpansion\Vehicles\Ground\CivillianSedan\config.bin/CfgVehicles/CivSedanDoors_Driver/DamageSystem/
14:14:23.601 Updating base class GlobalHealth->, by DayZExpansion\Vehicles\Ground\CivillianSedan\config.bin/CfgVehicles/CivSedanDoors_Driver/DamageSystem/GlobalHealth/
14:14:23.601 Updating base class DamageZones->, by DayZExpansion\Vehicles\Ground\CivillianSedan\config.bin/CfgVehicles/CivSedanDoors_Driver/DamageSystem/DamageZones/
14:14:23.601 Updating base class Window->, by DayZExpansion\Vehicles\Ground\CivillianSedan\config.bin/CfgVehicles/CivSedanDoors_Driver/DamageSystem/DamageZones/Window/
14:14:23.601 Updating base class Health->, by DayZExpansion\Vehicles\Ground\CivillianSedan\config.bin/CfgVehicles/CivSedanDoors_Driver/DamageSystem/DamageZones/Window/Health/
14:14:23.601 Updating base class Doors->, by DayZExpansion\Vehicles\Ground\CivillianSedan\config.bin/CfgVehicles/CivSedanDoors_Driver/DamageSystem/DamageZones/Doors/
14:14:23.601 Updating base class Health->, by DayZExpansion\Vehicles\Ground\CivillianSedan\config.bin/CfgVehicles/CivSedanDoors_Driver/DamageSystem/DamageZones/Doors/Health/
14:14:23.608 Updating base class ->GUIInventoryAttachmentsProps, by DayZExpansion\Vehicles\Ground\Hatchback_02\config.bin/CfgVehicles/Hatchback_02/GUIInventoryAttachmentsProps/
14:14:23.608 Updating base class ->Body, by DayZExpansion\Vehicles\Ground\Hatchback_02\config.bin/CfgVehicles/Hatchback_02/GUIInventoryAttachmentsProps/Body/
14:14:23.608 Updating base class DamageSystem->, by DayZExpansion\Vehicles\Ground\Hatchback_02\config.bin/CfgVehicles/Hatchback_02_Door_1_1/DamageSystem/
14:14:23.608 Updating base class GlobalHealth->, by DayZExpansion\Vehicles\Ground\Hatchback_02\config.bin/CfgVehicles/Hatchback_02_Door_1_1/DamageSystem/GlobalHealth/
14:14:23.608 Updating base class DamageZones->, by DayZExpansion\Vehicles\Ground\Hatchback_02\config.bin/CfgVehicles/Hatchback_02_Door_1_1/DamageSystem/DamageZones/
14:14:23.608 Updating base class Window->, by DayZExpansion\Vehicles\Ground\Hatchback_02\config.bin/CfgVehicles/Hatchback_02_Door_1_1/DamageSystem/DamageZones/Window/
14:14:23.608 Updating base class Health->, by DayZExpansion\Vehicles\Ground\Hatchback_02\config.bin/CfgVehicles/Hatchback_02_Door_1_1/DamageSystem/DamageZones/Window/Health/
14:14:23.608 Updating base class Doors->, by DayZExpansion\Vehicles\Ground\Hatchback_02\config.bin/CfgVehicles/Hatchback_02_Door_1_1/DamageSystem/DamageZones/Doors/
14:14:23.608 Updating base class Health->, by DayZExpansion\Vehicles\Ground\Hatchback_02\config.bin/CfgVehicles/Hatchback_02_Door_1_1/DamageSystem/DamageZones/Doors/Health/
14:14:23.608 Updating base class DamageSystem->, by DayZExpansion\Vehicles\Ground\Hatchback_02\config.bin/CfgVehicles/Hatchback_02_Door_1_2/DamageSystem/
14:14:23.608 Updating base class GlobalHealth->, by DayZExpansion\Vehicles\Ground\Hatchback_02\config.bin/CfgVehicles/Hatchback_02_Door_1_2/DamageSystem/GlobalHealth/
14:14:23.608 Updating base class DamageZones->, by DayZExpansion\Vehicles\Ground\Hatchback_02\config.bin/CfgVehicles/Hatchback_02_Door_1_2/DamageSystem/DamageZones/
14:14:23.608 Updating base class Window->, by DayZExpansion\Vehicles\Ground\Hatchback_02\config.bin/CfgVehicles/Hatchback_02_Door_1_2/DamageSystem/DamageZones/Window/
14:14:23.608 Updating base class Health->, by DayZExpansion\Vehicles\Ground\Hatchback_02\config.bin/CfgVehicles/Hatchback_02_Door_1_2/DamageSystem/DamageZones/Window/Health/
14:14:23.608 Updating base class Doors->, by DayZExpansion\Vehicles\Ground\Hatchback_02\config.bin/CfgVehicles/Hatchback_02_Door_1_2/DamageSystem/DamageZones/Doors/
14:14:23.608 Updating base class Health->, by DayZExpansion\Vehicles\Ground\Hatchback_02\config.bin/CfgVehicles/Hatchback_02_Door_1_2/DamageSystem/DamageZones/Doors/Health/
14:14:23.608 Updating base class Hatchback_02_Door_1_1->CarDoor, by DayZExpansion\Vehicles\Ground\Hatchback_02\config.bin/CfgVehicles/Hatchback_02_Hood/
14:14:23.609 Updating base class Hatchback_02_Door_1_1->CarDoor, by DayZExpansion\Vehicles\Ground\Hatchback_02\config.bin/CfgVehicles/Hatchback_02_Trunk/
14:14:23.609 Updating base class DamageSystem->, by DayZExpansion\Vehicles\Ground\Hatchback_02\config.bin/CfgVehicles/Hatchback_02_Trunk/DamageSystem/
14:14:23.609 Updating base class GlobalHealth->, by DayZExpansion\Vehicles\Ground\Hatchback_02\config.bin/CfgVehicles/Hatchback_02_Trunk/DamageSystem/GlobalHealth/
14:14:23.626 Updating base class ->GUIInventoryAttachmentsProps, by DayZExpansion\Vehicles\Ground\OffroadHatchback\config.bin/CfgVehicles/OffroadHatchback/GUIInventoryAttachmentsProps/
14:14:23.626 Updating base class ->Body, by DayZExpansion\Vehicles\Ground\OffroadHatchback\config.bin/CfgVehicles/OffroadHatchback/GUIInventoryAttachmentsProps/Body/
14:14:23.626 Updating base class DamageSystem->, by DayZExpansion\Vehicles\Ground\OffroadHatchback\config.bin/CfgVehicles/HatchbackDoors_Driver/DamageSystem/
14:14:23.626 Updating base class GlobalHealth->, by DayZExpansion\Vehicles\Ground\OffroadHatchback\config.bin/CfgVehicles/HatchbackDoors_Driver/DamageSystem/GlobalHealth/
14:14:23.626 Updating base class DamageZones->, by DayZExpansion\Vehicles\Ground\OffroadHatchback\config.bin/CfgVehicles/HatchbackDoors_Driver/DamageSystem/DamageZones/
14:14:23.626 Updating base class Window->, by DayZExpansion\Vehicles\Ground\OffroadHatchback\config.bin/CfgVehicles/HatchbackDoors_Driver/DamageSystem/DamageZones/Window/
14:14:23.626 Updating base class Health->, by DayZExpansion\Vehicles\Ground\OffroadHatchback\config.bin/CfgVehicles/HatchbackDoors_Driver/DamageSystem/DamageZones/Window/Health/
14:14:23.626 Updating base class Doors->, by DayZExpansion\Vehicles\Ground\OffroadHatchback\config.bin/CfgVehicles/HatchbackDoors_Driver/DamageSystem/DamageZones/Doors/
14:14:23.626 Updating base class Health->, by DayZExpansion\Vehicles\Ground\OffroadHatchback\config.bin/CfgVehicles/HatchbackDoors_Driver/DamageSystem/DamageZones/Doors/Health/
14:14:23.626 Updating base class DamageSystem->, by DayZExpansion\Vehicles\Ground\OffroadHatchback\config.bin/CfgVehicles/HatchbackTrunk/DamageSystem/
14:14:23.634 Updating base class ->GUIInventoryAttachmentsProps, by DayZExpansion\Vehicles\Ground\Sedan_02\config.bin/CfgVehicles/Sedan_02/GUIInventoryAttachmentsProps/
14:14:23.634 Updating base class ->Body, by DayZExpansion\Vehicles\Ground\Sedan_02\config.bin/CfgVehicles/Sedan_02/GUIInventoryAttachmentsProps/Body/
14:14:23.634 Updating base class DamageSystem->, by DayZExpansion\Vehicles\Ground\Sedan_02\config.bin/CfgVehicles/Sedan_02_Door_1_1/DamageSystem/
14:14:23.634 Updating base class GlobalHealth->, by DayZExpansion\Vehicles\Ground\Sedan_02\config.bin/CfgVehicles/Sedan_02_Door_1_1/DamageSystem/GlobalHealth/
14:14:23.634 Updating base class DamageZones->, by DayZExpansion\Vehicles\Ground\Sedan_02\config.bin/CfgVehicles/Sedan_02_Door_1_1/DamageSystem/DamageZones/
14:14:23.634 Updating base class Window->, by DayZExpansion\Vehicles\Ground\Sedan_02\config.bin/CfgVehicles/Sedan_02_Door_1_1/DamageSystem/DamageZones/Window/
14:14:23.634 Updating base class Health->, by DayZExpansion\Vehicles\Ground\Sedan_02\config.bin/CfgVehicles/Sedan_02_Door_1_1/DamageSystem/DamageZones/Window/Health/
14:14:23.634 Updating base class Doors->, by DayZExpansion\Vehicles\Ground\Sedan_02\config.bin/CfgVehicles/Sedan_02_Door_1_1/DamageSystem/DamageZones/Doors/
14:14:23.634 Updating base class Health->, by DayZExpansion\Vehicles\Ground\Sedan_02\config.bin/CfgVehicles/Sedan_02_Door_1_1/DamageSystem/DamageZones/Doors/Health/
14:14:23.634 Updating base class DamageSystem->, by DayZExpansion\Vehicles\Ground\Sedan_02\config.bin/CfgVehicles/Sedan_02_Door_1_2/DamageSystem/
14:14:23.634 Updating base class GlobalHealth->, by DayZExpansion\Vehicles\Ground\Sedan_02\config.bin/CfgVehicles/Sedan_02_Door_1_2/DamageSystem/GlobalHealth/
14:14:23.634 Updating base class DamageZones->, by DayZExpansion\Vehicles\Ground\Sedan_02\config.bin/CfgVehicles/Sedan_02_Door_1_2/DamageSystem/DamageZones/
14:14:23.634 Updating base class Window->, by DayZExpansion\Vehicles\Ground\Sedan_02\config.bin/CfgVehicles/Sedan_02_Door_1_2/DamageSystem/DamageZones/Window/
14:14:23.634 Updating base class Health->, by DayZExpansion\Vehicles\Ground\Sedan_02\config.bin/CfgVehicles/Sedan_02_Door_1_2/DamageSystem/DamageZones/Window/Health/
14:14:23.634 Updating base class Doors->, by DayZExpansion\Vehicles\Ground\Sedan_02\config.bin/CfgVehicles/Sedan_02_Door_1_2/DamageSystem/DamageZones/Doors/
14:14:23.634 Updating base class Health->, by DayZExpansion\Vehicles\Ground\Sedan_02\config.bin/CfgVehicles/Sedan_02_Door_1_2/DamageSystem/DamageZones/Doors/Health/
14:14:23.634 Updating base class DamageSystem->, by DayZExpansion\Vehicles\Ground\Sedan_02\config.bin/CfgVehicles/Sedan_02_Door_2_2/DamageSystem/
14:14:23.634 Updating base class GlobalHealth->, by DayZExpansion\Vehicles\Ground\Sedan_02\config.bin/CfgVehicles/Sedan_02_Door_2_2/DamageSystem/GlobalHealth/
14:14:23.634 Updating base class DamageZones->, by DayZExpansion\Vehicles\Ground\Sedan_02\config.bin/CfgVehicles/Sedan_02_Door_2_2/DamageSystem/DamageZones/
14:14:23.634 Updating base class Window->, by DayZExpansion\Vehicles\Ground\Sedan_02\config.bin/CfgVehicles/Sedan_02_Door_2_2/DamageSystem/DamageZones/Window/
14:14:23.634 Updating base class Health->, by DayZExpansion\Vehicles\Ground\Sedan_02\config.bin/CfgVehicles/Sedan_02_Door_2_2/DamageSystem/DamageZones/Window/Health/
14:14:23.634 Updating base class Doors->, by DayZExpansion\Vehicles\Ground\Sedan_02\config.bin/CfgVehicles/Sedan_02_Door_2_2/DamageSystem/DamageZones/Doors/
14:14:23.634 Updating base class Health->, by DayZExpansion\Vehicles\Ground\Sedan_02\config.bin/CfgVehicles/Sedan_02_Door_2_2/DamageSystem/DamageZones/Doors/Health/
14:14:23.649 Updating base class ->GUIInventoryAttachmentsProps, by DayZExpansion\Vehicles\Ground\Truck_01\config.bin/CfgVehicles/Truck_01_Covered/GUIInventoryAttachmentsProps/
14:14:23.649 Updating base class ->Body, by DayZExpansion\Vehicles\Ground\Truck_01\config.bin/CfgVehicles/Truck_01_Covered/GUIInventoryAttachmentsProps/Body/
14:14:23.675 Updating base class Inventory_Base->CamoNet, by DayZExpansion\Vehicles\Objects\Gear\config.bin/CfgVehicles/CamoNetCivil/
14:14:23.675 Updating base class Inventory_Base->CamoNet, by DayZExpansion\Vehicles\Objects\Gear\config.bin/CfgVehicles/CamoNetDesert/
14:14:23.675 Updating base class Inventory_Base->CamoNet, by DayZExpansion\Vehicles\Objects\Gear\config.bin/CfgVehicles/CamoNetWinter/
14:14:23.675 Updating base class ->Inventory_Base, by DayZExpansion\Vehicles\Objects\Gear\config.bin/CfgVehicles/ExpansionVehicleCover/
14:14:23.675 Updating base class CarCoverBase->ExpansionVehicleCover, by DayZExpansion\Vehicles\Objects\Gear\config.bin/CfgVehicles/ExpansionBus_Cover/
14:14:23.675 Updating base class CarCoverBase->ExpansionVehicleCover, by DayZExpansion\Vehicles\Objects\Gear\config.bin/CfgVehicles/ExpansionUAZ_Cover/
14:14:23.676 Updating base class CarCoverBase->ExpansionVehicleCover, by DayZExpansion\Vehicles\Objects\Gear\config.bin/CfgVehicles/ExpansionMh6_Cover/
14:14:23.676 Updating base class CarCoverBase->ExpansionVehicleCover, by DayZExpansion\Vehicles\Objects\Gear\config.bin/CfgVehicles/ExpansionUh1h_Cover/
14:14:23.676 Updating base class CarCoverBase->ExpansionVehicleCover, by DayZExpansion\Vehicles\Objects\Gear\config.bin/CfgVehicles/ExpansionMerlin_Cover/
14:14:23.677 Updating base class CarCoverBase->ExpansionVehicleCover, by DayZExpansion\Vehicles\Objects\Gear\config.bin/CfgVehicles/ExpansionTractor_Cover/
14:14:23.677 Updating base class CarCoverBase->ExpansionVehicleCover, by DayZExpansion\Vehicles\Objects\Gear\config.bin/CfgVehicles/ExpansionVodnik_Cover/
14:14:24.05 Updating base class Weather->, by DZ\sounds\hpp\config.bin/CfgWorlds/CAWorld/Weather/
14:14:24.26 Updating base class ->Magazine_Base, by DZ\weapons\ammunition\config.bin/CfgMagazines/Ammunition_Base/
14:14:24.27 Updating base class ->Ammunition_Base, by DZ\weapons\ammunition\config.bin/CfgMagazines/Ammo_22/
14:14:24.27 Updating base class ->Box_Base, by DZ\weapons\ammunition\config.bin/CfgVehicles/AmmoBox_556x45_20Rnd/
14:14:24.28 Updating base class ->Bullet_Base, by DZ\weapons\melee\config.bin/CfgAmmo/MeleeDamage/
14:14:24.29 Updating base class ->MeleeDamage, by DZ\weapons\melee\config.bin/CfgAmmo/MeleeFist/
14:14:24.29 Updating base class ->MeleeFist, by DZ\weapons\melee\config.bin/CfgAmmo/MeleeFist_Heavy/
14:14:24.107 Updating base class ->Inventory_Base, by ModularVestSystem\config.cpp/cfgVehicles/Pliers/
14:14:24.107 Updating base class Inventory_Base->Container_Base, by ModularVestSystem\config.cpp/cfgVehicles/Morphine/
14:14:24.107 Updating base class Inventory_Base->Container_Base, by ModularVestSystem\config.cpp/cfgVehicles/Epinephrine/
14:14:24.147 Updating base class ->Container_Base, by MuchStuffPack\MSP_Scripts\config.bin/CfgVehicles/Msp_Item/
14:14:24.147 Updating base class ->Container_Base, by MuchStuffPack\MSP_Scripts\config.bin/CfgVehicles/Msp_Kit/
14:14:24.226 Updating base class ->ExpansionSpraycanBase, by DayZExpansion\Vehicles\Air\Merlin\config.bin/CfgVehicles/ExpansionSpraycanDahoman/
14:14:24.227 Updating base class ->ExpansionSpraycanBase, by DayZExpansion\Vehicles\Air\Merlin\config.bin/CfgVehicles/ExpansionSpraycanIon/
14:14:24.227 Updating base class ->ExpansionSpraycanBase, by DayZExpansion\Vehicles\Air\Merlin\config.bin/CfgVehicles/ExpansionSpraycanPresident/
14:14:24.227 Updating base class ->ExpansionSpraycanBase, by DayZExpansion\Vehicles\Air\Merlin\config.bin/CfgVehicles/ExpansionSpraycanVrana/
14:14:24.227 Updating base class ->ExpansionSpraycanBase, by DayZExpansion\Vehicles\Air\Merlin\config.bin/CfgVehicles/ExpansionSpraycanWave/
14:14:24.231 Updating base class ->ExpansionSpraycanBase, by DayZExpansion\Vehicles\Air\Mh6\config.bin/CfgVehicles/ExpansionSpraycanBlueline/
14:14:24.232 Updating base class ->ExpansionSpraycanBase, by DayZExpansion\Vehicles\Air\Mh6\config.bin/CfgVehicles/ExpansionSpraycanDigital/
14:14:24.234 Updating base class ->ExpansionSpraycanBase, by DayZExpansion\Vehicles\Air\Mh6\config.bin/CfgVehicles/ExpansionSpraycanElliptical/
14:14:24.234 Updating base class ->ExpansionSpraycanBase, by DayZExpansion\Vehicles\Air\Mh6\config.bin/CfgVehicles/ExpansionSpraycanFurious/
14:14:24.235 Updating base class ->ExpansionSpraycanBase, by DayZExpansion\Vehicles\Air\Mh6\config.bin/CfgVehicles/ExpansionSpraycanGrayWatcher/
14:14:24.236 Updating base class ->ExpansionSpraycanBase, by DayZExpansion\Vehicles\Air\Mh6\config.bin/CfgVehicles/ExpansionSpraycanJeans/
14:14:24.237 Updating base class ->ExpansionSpraycanBase, by DayZExpansion\Vehicles\Air\Mh6\config.bin/CfgVehicles/ExpansionSpraycanResistance/
14:14:24.238 Updating base class ->ExpansionSpraycanBase, by DayZExpansion\Vehicles\Air\Mh6\config.bin/CfgVehicles/ExpansionSpraycanShadow/
14:14:24.239 Updating base class ->ExpansionSpraycanBase, by DayZExpansion\Vehicles\Air\Mh6\config.bin/CfgVehicles/ExpansionSpraycanSheriff/
14:14:24.239 Updating base class ->ExpansionSpraycanBase, by DayZExpansion\Vehicles\Air\Mh6\config.bin/CfgVehicles/ExpansionSpraycanSpeedy/
14:14:24.240 Updating base class ->ExpansionSpraycanBase, by DayZExpansion\Vehicles\Air\Mh6\config.bin/CfgVehicles/ExpansionSpraycanSunset/
14:14:24.242 Updating base class ->ExpansionSpraycanBase, by DayZExpansion\Vehicles\Air\Mh6\config.bin/CfgVehicles/ExpansionSpraycanWasp/
14:14:24.248 Updating base class ->ExpansionSpraycanBase, by DayZExpansion\Vehicles\Air\Uh1h\config.bin/CfgVehicles/ExpansionSpraycanCivilian/
14:14:24.249 Updating base class ->ExpansionSpraycanBase, by DayZExpansion\Vehicles\Air\Uh1h\config.bin/CfgVehicles/ExpansionSpraycanMedical/
14:14:24.251 Updating base class ->ExpansionSpraycanBase, by DayZExpansion\Vehicles\Air\Uh1h\config.bin/CfgVehicles/ExpansionSpraycanUber/
14:14:24.258 Updating base class ->Inventory_Base, by DZ\gear\tools\config.bin/CfgVehicles/Pen_ColorBase/
14:14:24.263 Updating base class ->GUIInventoryAttachmentsProps, by Extension_Helicopters\Toolbox\config.bin/CfgVehicles/ExpansionGyrocopter/GUIInventoryAttachmentsProps/
14:14:24.263 Updating base class ->GUIInventoryAttachmentsProps, by Extension_Helicopters\Toolbox\config.bin/CfgVehicles/ExpansionMerlin/GUIInventoryAttachmentsProps/
14:14:24.263 Updating base class ->GUIInventoryAttachmentsProps, by Extension_Helicopters\Toolbox\config.bin/CfgVehicles/ExpansionMh6/GUIInventoryAttachmentsProps/
14:14:24.263 Updating base class ->GUIInventoryAttachmentsProps, by Extension_Helicopters\Toolbox\config.bin/CfgVehicles/ExpansionUh1h/GUIInventoryAttachmentsProps/
14:14:24.264 Updating base class ->ProxyAttachment, by MassTextures\config.bin/CfgNonAIVehicles/Proxyweapon/
14:14:24.300 Updating base class ->MountainBag_ColorBase, by MassTextures\config.bin/cfgVehicles/MassBox/
14:14:24.318 Updating base class ExplosivesBase->Inventory_Base, by MuchStuffPack\MSP_Storage_proxies\config.bin/CfgVehicles/Grenade_Base/
14:14:24.319 MuchStuffPack\MSP_Storage_proxies\config.bin/CfgNonAIVehicles/Proxyshoulder1.inventorySlot: Cannot update non array from array
14:14:24.319 MuchStuffPack\MSP_Storage_proxies\config.bin/CfgNonAIVehicles/Proxyshoulder2.inventorySlot: Cannot update non array from array
14:14:24.319 MuchStuffPack\MSP_Storage_proxies\config.bin/CfgNonAIVehicles/Proxyshoulder3.inventorySlot: Cannot update non array from array
14:14:24.319 MuchStuffPack\MSP_Storage_proxies\config.bin/CfgNonAIVehicles/Proxyshoulder4.inventorySlot: Cannot update non array from array
14:14:24.319 MuchStuffPack\MSP_Storage_proxies\config.bin/CfgNonAIVehicles/Proxyshoulder5.inventorySlot: Cannot update non array from array
14:14:24.319 MuchStuffPack\MSP_Storage_proxies\config.bin/CfgNonAIVehicles/Proxyshoulder6.inventorySlot: Cannot update non array from array
14:14:24.319 MuchStuffPack\MSP_Storage_proxies\config.bin/CfgNonAIVehicles/Proxyshoulder7.inventorySlot: Cannot update non array from array
14:14:24.321 MunghardsItems\6b38\config.bin/CfgSlots/Slot_flashlight.name: Cannot update non array from array
14:14:24.327 Updating base class ItemCompass->Inventory_Base, by MunghardsItems\hikingbag\config.bin/CfgVehicles/OrienteeringCompass/
14:14:24.327 Updating base class TentBase->Container_Base, by MunghardsItems\hikingbag\config.bin/CfgVehicles/MediumTent/
14:14:24.327 MunghardsItems\hikingbag\config.bin/CfgSlots/Slot_flashlight.name: Cannot update non array from array
14:14:25.109 ENGINE    (W): No module info used, trying to identify -> 0xC7140000

14:14:25.111 ENGINE    (W): Global job queue size 20480 is not power of 2. Increasing to next power of 2.

14:14:25.111 ENGINE    (W): Per thread job queue size 10240 is not power of 2. Increasing to next power of 2.

14:14:25.239 [Inputs] Loading inputs default "bin/constants.xml"
14:14:25.241 [Inputs] Loading inputs default "bin/specific.xml"
14:14:25.242 [Inputs] Loading inputs default "JM/COT/Scripts/Data/Inputs.xml"
14:14:25.243 !!! [Inputs] Cannot Register "UAObjectModuleDeleteOnCursor" non-existent input - Fix Preset!
14:14:25.243 [Inputs] Loading inputs default "DayZExpansion/Navigation/Scripts/Data/Inputs.xml"
14:14:25.243 [Inputs] Loading inputs default "DayZExpansion/PlayerList/Scripts/Data/Inputs.xml"
14:14:25.244 !!! [Inputs] Attempt to register duplicate exclusion group "chatexpansion"
14:14:25.244 [Inputs] Loading inputs default "DayZExpansion/Scripts/Data/Inputs.xml"
14:14:25.244 !!! [Inputs] Attempt to register duplicate exclusion group "chatexpansion"
14:14:25.245 [Inputs] Loading inputs default "DayZExpansion/Vehicles/Scripts/Data/Inputs.xml"
14:14:25.246 [Inputs] Loading inputs default "extension_helicopters/scripts/Inputs.xml"
14:14:25.246 [Inputs] Loading inputs default "DayZExpansion/BaseBuilding/Scripts/Data/Inputs.xml"
14:14:25.246 !!! [Inputs] Attempt to register duplicate exclusion group "chatexpansion"
14:14:25.246 [Inputs] Loading inputs default "DayZExpansion/Book/Scripts/Data/Inputs.xml"
14:14:25.246 !!! [Inputs] Attempt to register duplicate exclusion group "chatexpansion"
14:14:25.247 [Inputs] Loading inputs default "DayZExpansion/Chat/Scripts/Data/Inputs.xml"
14:14:25.247 !!! [Inputs] Attempt to register duplicate exclusion group "chatexpansion"
14:14:25.247 [Inputs] Loading inputs cfg "profiles\Users\Survivor\Server.core.xml"
14:14:25.247 !!! [Inputs] Cannot read inputs cfg "profiles\Users\Survivor\Server.core.xml", parser error
14:14:25.247 [Inputs] Loading inputs cfg "bin/core.xml"
14:14:25.247 !!! [Inputs] Cannot load input preset "#STR_USER", file does not exist
14:14:25.249 [Inputs] Exporting inputs cfg "profiles\Users\Survivor\Server.core.xml"
14:14:27.72 ANIMATION (E): Can't load @MunghardsItempack/Anims/cfg/skeletons.anim.xml

14:14:27.72 ANIMATION (E): Failed to open file, line 0, column 0

14:14:27.72 ANIMATION (E): Can't load @DayZ-Expansion-Map-Assets/Anims/cfg/skeletons.anim.xml

14:14:27.72 ANIMATION (E): Failed to open file, line 0, column 0

14:14:27.72 ANIMATION (E): Can't load @Dabs Framework/Anims/cfg/skeletons.anim.xml

14:14:27.72 ANIMATION (E): Failed to open file, line 0, column 0

14:14:27.72 ANIMATION (E): Can't load @CodeLock to ExpansionCodeLock Bridge/Anims/cfg/skeletons.anim.xml

14:14:27.72 ANIMATION (E): Failed to open file, line 0, column 0

14:14:27.72 ANIMATION (E): Can't load @ZenNotes/Anims/cfg/skeletons.anim.xml

14:14:27.72 ANIMATION (E): Failed to open file, line 0, column 0

14:14:27.72 ANIMATION (E): Can't load @SlowerMetabolism/Anims/cfg/skeletons.anim.xml

14:14:27.72 ANIMATION (E): Failed to open file, line 0, column 0

14:14:27.72 ANIMATION (E): Can't load @Arma 2 Helicopters Remastered/Anims/cfg/skeletons.anim.xml

14:14:27.72 ANIMATION (E): Failed to open file, line 0, column 0

14:14:27.72 ANIMATION (E): Can't load @DayZ-Expansion/Anims/cfg/skeletons.anim.xml

14:14:27.72 ANIMATION (E): Failed to open file, line 0, column 0

14:14:27.72 ANIMATION (E): Can't load @DayZ-Expansion-Weapons/Anims/cfg/skeletons.anim.xml

14:14:27.72 ANIMATION (E): Failed to open file, line 0, column 0

14:14:27.72 ANIMATION (E): Can't load @DayZ-Expansion-Chat/Anims/cfg/skeletons.anim.xml

14:14:27.72 ANIMATION (E): Failed to open file, line 0, column 0

14:14:27.72 ANIMATION (E): Can't load @DayZ-Expansion-BaseBuilding/Anims/cfg/skeletons.anim.xml

14:14:27.72 ANIMATION (E): Failed to open file, line 0, column 0

14:14:27.72 ANIMATION (E): Can't load @DayZ-Expansion-Navigation/Anims/cfg/skeletons.anim.xml

14:14:27.72 ANIMATION (E): Failed to open file, line 0, column 0

14:14:27.72 ANIMATION (E): Can't load @DayZ-Expansion-Vehicles/Anims/cfg/skeletons.anim.xml

14:14:27.72 ANIMATION (E): Failed to open file, line 0, column 0

14:14:27.72 ANIMATION (E): Can't load @DayZ-Expansion-Book/Anims/cfg/skeletons.anim.xml

14:14:27.72 ANIMATION (E): Failed to open file, line 0, column 0

14:14:27.72 ANIMATION (E): Can't load @DayZ-Expansion-Market/Anims/cfg/skeletons.anim.xml

14:14:27.72 ANIMATION (E): Failed to open file, line 0, column 0

14:14:27.72 ANIMATION (E): Can't load @CarCover/Anims/cfg/skeletons.anim.xml

14:14:27.72 ANIMATION (E): Failed to open file, line 0, column 0

14:14:27.72 ANIMATION (E): Can't load @DayZ-Expansion-Core/Anims/cfg/skeletons.anim.xml

14:14:27.72 ANIMATION (E): Failed to open file, line 0, column 0

14:14:27.72 ANIMATION (E): Can't load @DayZ-Expansion-Licensed/Anims/cfg/skeletons.anim.xml

14:14:27.72 ANIMATION (E): Failed to open file, line 0, column 0

14:14:27.72 ANIMATION (E): Can't load @Modular Vest System/Anims/cfg/skeletons.anim.xml

14:14:27.72 ANIMATION (E): Failed to open file, line 0, column 0

14:14:27.72 ANIMATION (E): Can't load @Mass'sManyItemOverhaul/Anims/cfg/skeletons.anim.xml

14:14:27.72 ANIMATION (E): Failed to open file, line 0, column 0

14:14:27.73 ANIMATION (E): Can't load @Community-Online-Tools/Anims/cfg/skeletons.anim.xml

14:14:27.73 ANIMATION (E): Failed to open file, line 0, column 0

14:14:27.73 ANIMATION (E): Can't load @MuchStuffPack/Anims/cfg/skeletons.anim.xml

14:14:27.73 ANIMATION (E): Failed to open file, line 0, column 0

14:14:27.73 ANIMATION (E): Can't load @CF/Anims/cfg/skeletons.anim.xml

14:14:27.73 ANIMATION (E): Failed to open file, line 0, column 0

14:14:27.73 ANIMATION (E): Can't load Bliss/Anims/cfg/skeletons.anim.xml

14:14:27.73 ANIMATION (E): Failed to open file, line 0, column 0

14:14:27.562 Warning: No components in dz\data\data\nomipmaptextures.p3d:geometry
14:14:27.598 Warning Message: No entry 'bin\config.bin/CfgWorlds/DefaultWorld.volFogOffset'.
14:14:27.598 Warning Message: '/' is not a value
14:14:28.140 SCRIPT    (W): @"ModularVestSystem/scripts/4_World/mvs_taco.c,19": Missing ';' at the end of line

14:14:28.207 SCRIPT    (W): @"MuchStuffPack/MSP_Scripts/4_World/modded\itembase.c,58": FIX-ME: Overriding function 'IsInvEmpty' but not marked as 'override'

14:14:28.212 SCRIPT    (W): @"MunghardsItems/scripts/4_world/entities\itembase\carrierrig.c,16": FIX-ME: Overriding function 'SmershException' but not marked as 'override'

14:14:28.226 SCRIPT    (W): @"MunghardsItems/scripts/4_world/entities\itembase\tentbase.c,4": FIX-ME: Overriding function 'CanPutAsAttachment' but not marked as 'override'

14:14:28.237 SCRIPT    (W): @"Extension_Helicopters/scripts/4_World/vehicles\carscript.c,12": FIX-ME: Overriding function 'IsScriptedLightsOn' but not marked as 'override'

14:14:28.312 SCRIPT    (W): @"MassGuns\Scripts\4_World/entities\firearms\automaticrifle\mass_slr106.c,9": FIX-ME: Overriding function 'Open' but not marked as 'override'

14:14:28.321 SCRIPT    (W): @"Food\scripts\4_World/mremains.c,485": FIX-ME: Overriding function 'Open' but not marked as 'override'

14:14:28.321 SCRIPT    (W): @"MunghardsItems/scripts/4_world/entities\itembase\swmodel3.c,88": FIX-ME: Overriding function 'HideAllSelections' but not marked as 'override'

14:14:28.326 SCRIPT    (W): @"MassGuns\Scripts\4_World/entities\firearms\automaticrifle\mass_ak9.c,8": FIX-ME: Overriding function 'Open' but not marked as 'override'

14:14:28.342 SCRIPT    (W): @"MassGuns\Scripts\4_World/entities\firearms\automaticrifle\mass_rpk74_base.c,59": FIX-ME: Overriding function 'Open' but not marked as 'override'

14:14:28.347 SCRIPT    (W): @"JM/COT/Scripts/4_World/communityonlinetools\classes\webhook\jmwebhookdiscordmessage.c,19": Possible variable name conflict 'username'

14:14:28.347 SCRIPT    (W): @"JM/COT/Scripts/4_World/communityonlinetools\classes\webhook\jmwebhookdiscordmessage.c,19": Possible variable name conflict 'avatar_url'

14:14:28.347 SCRIPT    (W): @"JM/COT/Scripts/4_World/communityonlinetools\classes\webhook\jmwebhookdiscordmessage.c,19": Possible variable name conflict 'content'

14:14:28.350 SCRIPT    (W): @"MassGuns\Scripts\4_World/entities\firearms\shotgun\spas12.c,10": FIX-ME: Overriding function 'Open' but not marked as 'override'

14:14:28.362 SCRIPT    (W): @"MunghardsItems/scripts/4_world/entities\itembase\zippo_new.c,48": FIX-ME: Overriding function 'OnSwitchOn' but not marked as 'override'

14:14:28.362 SCRIPT    (W): @"MunghardsItems/scripts/4_world/entities\itembase\zippo_new.c,58": FIX-ME: Overriding function 'OnSwitchOff' but not marked as 'override'

14:14:28.364 SCRIPT    (W): @"Food\scripts\4_World/mremains.c,435": FIX-ME: Overriding function 'Open' but not marked as 'override'

14:14:28.364 SCRIPT    (W): @"Food\scripts\4_World/mremains.c,385": FIX-ME: Overriding function 'Open' but not marked as 'override'

14:14:28.380 SCRIPT    (W): @"JM/COT/Scripts/4_World/communityonlinetools\classes\webhook\jmwebhookdiscordmessage.c,151": Possible variable name conflict 'url'

14:14:28.380 SCRIPT    (W): @"JM/COT/Scripts/4_World/communityonlinetools\classes\webhook\jmwebhookdiscordmessage.c,172": Possible variable name conflict 'url'

14:14:28.380 SCRIPT    (W): @"JM/COT/Scripts/4_World/communityonlinetools\classes\webhook\jmwebhookdiscordmessage.c,180": Possible variable name conflict 'url'

14:14:28.381 SCRIPT    (W): @"MassMisc/scripts/4_World/items\containers\thiccweaponcase.c,71": FIX-ME: Overriding function 'IsHeavyBehaviour' but not marked as 'override'

14:14:28.387 SCRIPT    (W): @"MassTextures\scripts\4_World/items\survivorbag.c,3": FIX-ME: Overriding function 'CanReceiveAttachment' but not marked as 'override'

14:14:28.420 SCRIPT    (W): @"MunghardsItems/scripts/4_world/entities\itembase\logcabin.c,74": FIX-ME: Overriding function 'GetDeploySoundset' but not marked as 'override'

14:14:28.420 SCRIPT    (W): @"MunghardsItems/scripts/4_world/entities\itembase\logcabin.c,79": FIX-ME: Overriding function 'GetLoopDeploySoundset' but not marked as 'override'

14:14:28.435 SCRIPT    (W): @"Food\scripts\4_World/mremains.c,333": FIX-ME: Overriding function 'Open' but not marked as 'override'

14:14:29.904 SCRIPT    (W): @"Food\scripts\4_World/mremains.c,325": FIX-ME: Callbacks do not properly support overloaded methods 'Open'

14:14:29.904 SCRIPT    (W): @"Food\scripts\4_World/mremains.c,377": FIX-ME: Callbacks do not properly support overloaded methods 'Open'

14:14:29.904 SCRIPT    (W): @"Food\scripts\4_World/mremains.c,427": FIX-ME: Callbacks do not properly support overloaded methods 'Open'

14:14:29.904 SCRIPT    (W): @"Food\scripts\4_World/mremains.c,477": FIX-ME: Callbacks do not properly support overloaded methods 'Open'

14:14:29.975 SCRIPT    (W): @"MunghardsItems/scripts/4_world/entities\itembase\nbc_longcoat.c,8": Unsafe down-casting, use 'PlayerBase.Cast' for safe down-casting

14:14:29.975 SCRIPT    (W): @"MunghardsItems/scripts/4_world/entities\itembase\nbc_longcoat.c,20": Unsafe down-casting, use 'PlayerBase.Cast' for safe down-casting

