

=====================================================================
== C:\DayZ\servers\0\DayZServer_x64.exe
== ./servers/0/DayZServer_x64.exe -config=serverDZ.cfg.active -port=2302 -profiles=profiles  -adminlog -freezecheck -dologs "-mod=@CF;@MuchStuffPack;@Community-Online-Tools;@Mass'sManyItemOverhaul;@Modular Vest System;@DayZ-Expansion-Licensed;@DayZ-Expansion-Core;@DayZ-Expansion-Market;@DayZ-Expansion-Book;@DayZ-Expansion-Vehicles;@DayZ-Expansion-Navigation;@DayZ-Expansion-BaseBuilding;@DayZ-Expansion-Chat;@DayZ-Expansion-Weapons;@DayZ-Expansion;@Arma 2 Helicopters Remastered;@SlowerMetabolism;@CodeLock to ExpansionCodeLock Bridge;@Dabs Framework;@DayZ-Expansion-Map-Assets;@MunghardsItempack;@BaseBuildingPlus;@BBPItemPack;@WindstridesClothingPack;@FlipTransport;@BuildAnywhere_v3;@SNAFU Weapons;@GameLabs;@BodyBags;@CannabisPlus;@Towing Service;@BetterSmalleritems_2.0_Expansion;@Unlimited Stamina;@Blackouts Corvette;@Armored Vehicle Pack;"
=====================================================================
Exe timestamp: 2023/07/18 08:17:55
Current time:  2023/08/01 10:20:24

Version 1.21.156300
10:20:24.277 String "STR_DF_NAME" not found (not in localization table)
10:20:24.546 String "STR_server_shutdown" listed twice in "Global"
10:20:24.574 Localization not present: STR_DATE_FORMAT_SHORT
10:20:24.574 Localization not present: STR_TIME_FORMAT
10:20:24.574 Localization not present: STR_CONFIG_CONTROLLER_NORMAL_LOOK
10:20:24.574 Localization not present: STR_CONFIG_CONTROLLER_REVERSED_LOOK
10:20:24.574 Localization not present: STR_MP_VALIDERROR
10:20:24.574 Localization not present: STR_MP_CONNECTION_LOOSING
10:20:24.574 Localization not present: STR_MSG_MP_NO_PASSWORD
10:20:24.574 Localization not present: STR_MSG_LAUNCH_GAME
10:20:24.574 Localization not present: STR_LOAD_INIT
10:20:24.574 Localization not present: STR_LOAD_WORLD
10:20:24.574 Localization not present: STR_LOAD_GAME
10:20:24.574 Localization not present: STR_SAVE_GAME
10:20:24.574 Localization not present: STR_MP_CONNECT
10:20:24.574 Localization not present: STR_MP_DISCONNECT
10:20:24.574 Localization not present: STR_MP_CONNECTING
10:20:24.574 Localization not present: STR_MP_TIMEOUT
10:20:24.574 Localization not present: STR_DISP_CLIENT_TEXT_EDIT
10:20:24.574 Localization not present: STR_MP_LOGIN_QUEUE_FULL
10:20:24.575 Localization not present: STR_DATE_FORMAT_SHORT
10:20:24.575 Localization not present: STR_TIME_FORMAT
10:20:24.575 Localization not present: STR_CONFIG_CONTROLLER_NORMAL_LOOK
10:20:24.575 Localization not present: STR_CONFIG_CONTROLLER_REVERSED_LOOK
10:20:24.575 Localization not present: STR_MP_VALIDERROR
10:20:24.575 Localization not present: STR_MP_CONNECTION_LOOSING
10:20:24.575 Localization not present: STR_MSG_MP_NO_PASSWORD
10:20:24.575 Localization not present: STR_MSG_LAUNCH_GAME
10:20:24.575 Localization not present: STR_LOAD_INIT
10:20:24.575 Localization not present: STR_LOAD_WORLD
10:20:24.575 Localization not present: STR_LOAD_GAME
10:20:24.575 Localization not present: STR_SAVE_GAME
10:20:24.575 Localization not present: STR_MP_CONNECT
10:20:24.575 Localization not present: STR_MP_DISCONNECT
10:20:24.575 Localization not present: STR_MP_CONNECTING
10:20:24.575 Localization not present: STR_MP_TIMEOUT
10:20:24.575 Localization not present: STR_DISP_CLIENT_TEXT_EDIT
10:20:24.575 Localization not present: STR_MP_LOGIN_QUEUE_FULL
10:20:24.603 Initializing stats manager.
10:20:24.606 Stats config disabled.
10:20:25.979 Conflicting addon A2Weapons in 'BSI\a2weapons\m9\', previous definition in 'BSI\a2weapons\'
10:20:25.983 Conflicting addon A_guntest in 'BSI\a2weapons\mp5sd\', previous definition in 'BSI\a2weapons\as50\'
10:20:25.987 Conflicting addon A_guntest in 'BSI\a2weapons\akgold\', previous definition in 'BSI\a2weapons\as50\'
10:20:25.987 Conflicting addon A2Weapons in 'BSI\a2weapons\m16\', previous definition in 'BSI\a2weapons\'
10:20:25.988 Conflicting addon A2Weapons in 'BSI\a2weapons\m40\', previous definition in 'BSI\a2weapons\'
10:20:25.989 Conflicting addon A_guntest in 'BSI\a2weapons\m249\', previous definition in 'BSI\a2weapons\as50\'
10:20:25.992 Conflicting addon A2Weapons in 'BSI\a2weapons\lrr\', previous definition in 'BSI\a2weapons\'
10:20:25.992 Conflicting addon A2Weapons in 'BSI\a2weapons\m107\', previous definition in 'BSI\a2weapons\'
10:20:25.993 Conflicting addon A_guntest in 'BSI\a2weapons\g36\', previous definition in 'BSI\a2weapons\as50\'
10:20:25.996 Conflicting addon A2Weapons in 'BSI\a2weapons\ak47s\', previous definition in 'BSI\a2weapons\'
10:20:25.996 Conflicting addon A_guntest in 'BSI\a2weapons\bizon\', previous definition in 'BSI\a2weapons\as50\'
10:20:25.996 Conflicting addon A2Weapons in 'BSI\a2weapons\pkm\', previous definition in 'BSI\a2weapons\'
10:20:25.999 Conflicting addon A2Weapons in 'BSI\a2weapons\suppressor\', previous definition in 'BSI\a2weapons\'
10:20:25.999 Conflicting addon A_guntest in 'BSI\a2weapons\dmr\', previous definition in 'BSI\a2weapons\as50\'
10:20:25.999 Conflicting addon A_guntest in 'BSI\a2weapons\m110\', previous definition in 'BSI\a2weapons\as50\'
10:20:25.999 Conflicting addon A_guntest in 'BSI\a2weapons\mk17\', previous definition in 'BSI\a2weapons\as50\'
10:20:26.01 Conflicting addon A_guntest in 'BSI\a2weapons\m240\', previous definition in 'BSI\a2weapons\as50\'
10:20:26.02 Conflicting addon Expansion in 'BSI\expansion\misc\', previous definition in 'BSI\expansion\'
10:20:26.04 Conflicting addon A2Weapons in 'BSI\a2weapons\m24\', previous definition in 'BSI\a2weapons\'
10:20:26.106 Conflicting addon SNAFU_SAINT_Modular in 'SNAFU_Guns_02\data\saint_762\', previous definition in 'SNAFU_Guns_02\data\saint_556\'
10:20:26.187 Conflicting addon SK8_Sneakers in 'WindstrideClothing\models\kirza_boots\', previous definition in 'WindstrideClothing\models\sk8_sneakers\'
10:20:26.192 Conflicting addon Kneepads_Jeans in 'WindstrideClothing\models\skinny_jeans\', previous definition in 'WindstrideClothing\models\kneepads_jeans\'
10:20:26.196 Conflicting addon BaseBuildingPlus in 'BaseBuildingPlus\bbp_building\foundation\foundationtriangle\', previous definition in 'BaseBuildingPlus\bbp_building\roof_hanger\rhanger\'
10:20:26.197 Conflicting addon BaseBuildingPlus in 'BaseBuildingPlus\bbp_building\gate\rgate\', previous definition in 'BaseBuildingPlus\bbp_building\roof_hanger\rhanger\'
10:20:26.202 Conflicting addon BaseBuildingPlus in 'BaseBuildingPlus\bbp_building\slope_wall_r\', previous definition in 'BaseBuildingPlus\bbp_building\roof_hanger\rhanger\'
10:20:26.205 Conflicting addon BaseBuildingPlus in 'BaseBuildingPlus\bbp_building\roof_hanger\lhanger\', previous definition in 'BaseBuildingPlus\bbp_building\roof_hanger\rhanger\'
10:20:26.209 Conflicting addon BaseBuildingPlus in 'BaseBuildingPlus\bbp_building\door\', previous definition in 'BaseBuildingPlus\bbp_building\roof_hanger\rhanger\'
10:20:26.210 Conflicting addon BaseBuildingPlus in 'BaseBuildingPlus\bbp_building\gate\dgate\', previous definition in 'BaseBuildingPlus\bbp_building\roof_hanger\rhanger\'
10:20:26.212 Conflicting addon BaseBuildingPlus in 'BaseBuildingPlus\bbp_building\window\bwindow\', previous definition in 'BaseBuildingPlus\bbp_building\roof_hanger\rhanger\'
10:20:26.215 Conflicting addon BaseBuildingPlus in 'BaseBuildingPlus\bbp_building\mesh_fence\', previous definition in 'BaseBuildingPlus\bbp_building\roof_hanger\rhanger\'
10:20:26.216 Conflicting addon BaseBuildingPlus in 'BaseBuildingPlus\', previous definition in 'BaseBuildingPlus\bbp_building\roof_hanger\rhanger\'
10:20:26.217 Conflicting addon BaseBuildingPlus in 'BaseBuildingPlus\bbp_building\floor_hatch\', previous definition in 'BaseBuildingPlus\bbp_building\roof_hanger\rhanger\'
10:20:26.218 Conflicting addon BaseBuildingPlus in 'BaseBuildingPlus\bbp_building\triangle_floor\b_floor\', previous definition in 'BaseBuildingPlus\bbp_building\roof_hanger\rhanger\'
10:20:26.218 Conflicting addon BaseBuildingPlus in 'BaseBuildingPlus\decorations\wallpaper_mural\', previous definition in 'BaseBuildingPlus\bbp_building\roof_hanger\rhanger\'
10:20:26.219 Conflicting addon BaseBuildingPlus in 'BaseBuildingPlus\bbp_building\ramp\bramp\', previous definition in 'BaseBuildingPlus\bbp_building\roof_hanger\rhanger\'
10:20:26.220 Conflicting addon BaseBuildingPlus in 'BaseBuildingPlus\bbp_building\floor_hatch2\', previous definition in 'BaseBuildingPlus\bbp_building\roof_hanger\rhanger\'
10:20:26.221 Conflicting addon BaseBuildingPlus in 'BaseBuildingPlus\bbp_building\stair\sstair\', previous definition in 'BaseBuildingPlus\bbp_building\roof_hanger\rhanger\'
10:20:26.222 Conflicting addon BaseBuildingPlus in 'BaseBuildingPlus\bbp_building\floor\bfloor\', previous definition in 'BaseBuildingPlus\bbp_building\roof_hanger\rhanger\'
10:20:26.223 Conflicting addon BaseBuildingPlus in 'BaseBuildingPlus\bbp_building\mesh_fence_gate\', previous definition in 'BaseBuildingPlus\bbp_building\roof_hanger\rhanger\'
10:20:26.224 Conflicting addon BaseBuildingPlus in 'BaseBuildingPlus\decorations\carpet\', previous definition in 'BaseBuildingPlus\bbp_building\roof_hanger\rhanger\'
10:20:26.224 Conflicting addon BaseBuildingPlus in 'BaseBuildingPlus\bbp_building\stair\bstair\', previous definition in 'BaseBuildingPlus\bbp_building\roof_hanger\rhanger\'
10:20:26.225 Conflicting addon BaseBuildingPlus in 'BaseBuildingPlus\bbp_building\slope_wall_l\', previous definition in 'BaseBuildingPlus\bbp_building\roof_hanger\rhanger\'
10:20:26.226 Conflicting addon BaseBuildingPlus in 'BaseBuildingPlus\bbp_building\gate\lgate\', previous definition in 'BaseBuildingPlus\bbp_building\roof_hanger\rhanger\'
10:20:26.226 Conflicting addon BaseBuildingPlus in 'BaseBuildingPlus\bbp_building\gate\sgate\', previous definition in 'BaseBuildingPlus\bbp_building\roof_hanger\rhanger\'
10:20:26.226 Conflicting addon BaseBuildingPlus in 'BaseBuildingPlus\bbp_building\floor\bfloormesh\', previous definition in 'BaseBuildingPlus\bbp_building\roof_hanger\rhanger\'
10:20:26.228 Conflicting addon BaseBuildingPlus in 'BaseBuildingPlus\bbp_building\triangle_roof\b_roof\', previous definition in 'BaseBuildingPlus\bbp_building\roof_hanger\rhanger\'
10:20:26.229 Conflicting addon BaseBuildingPlus in 'BaseBuildingPlus\bbp_building\barb_wire_fence\', previous definition in 'BaseBuildingPlus\bbp_building\roof_hanger\rhanger\'
10:20:26.230 Conflicting addon BaseBuildingPlus in 'BaseBuildingPlus\bbp_building\roof\bfloor\', previous definition in 'BaseBuildingPlus\bbp_building\roof_hanger\rhanger\'
10:20:26.231 Conflicting addon BaseBuildingPlus in 'BaseBuildingPlus\decorations\wallpaper\', previous definition in 'BaseBuildingPlus\bbp_building\roof_hanger\rhanger\'
10:20:26.231 Conflicting addon BaseBuildingPlus in 'BaseBuildingPlus\decorations\plaster\', previous definition in 'BaseBuildingPlus\bbp_building\roof_hanger\rhanger\'
10:20:26.232 Conflicting addon BaseBuildingPlus in 'BaseBuildingPlus\bbp_building\step_ladder\', previous definition in 'BaseBuildingPlus\bbp_building\roof_hanger\rhanger\'
10:20:26.232 Conflicting addon BaseBuildingPlus in 'BaseBuildingPlus\bbp_building\half_wall\half_bwall\', previous definition in 'BaseBuildingPlus\bbp_building\roof_hanger\rhanger\'
10:20:26.234 Conflicting addon BaseBuildingPlus in 'BaseBuildingPlus\bbp_building\slope_roof\', previous definition in 'BaseBuildingPlus\bbp_building\roof_hanger\rhanger\'
10:20:26.235 Conflicting addon BaseBuildingPlus in 'BaseBuildingPlus\bbp_building\stair\mstair\', previous definition in 'BaseBuildingPlus\bbp_building\roof_hanger\rhanger\'
10:20:26.235 Conflicting addon BaseBuildingPlus in 'BaseBuildingPlus\bbp_building\foundation\bfoundation\', previous definition in 'BaseBuildingPlus\bbp_building\roof_hanger\rhanger\'
10:20:26.235 Conflicting addon BaseBuildingPlus in 'BaseBuildingPlus\bbp_building\pillar\', previous definition in 'BaseBuildingPlus\bbp_building\roof_hanger\rhanger\'
10:20:26.236 Conflicting addon BaseBuildingPlus in 'BaseBuildingPlus\bbp_building\window\swindow\', previous definition in 'BaseBuildingPlus\bbp_building\roof_hanger\rhanger\'
10:20:26.237 Conflicting addon BaseBuildingPlus in 'BaseBuildingPlus\bbp_building\bwall\', previous definition in 'BaseBuildingPlus\bbp_building\roof_hanger\rhanger\'
10:20:26.257 Conflicting addon Munghardsflashlights in 'MunghardsItems\mx991\', previous definition in 'MunghardsItems\maglite\'
10:20:26.275 Conflicting addon Munghardsstielhandgranate in 'MunghardsItems\stielhandgranate\', previous definition in 'MunghardsItems\decoygrenade\'
10:20:26.287 Conflicting addon Munghardsscope in 'MunghardsItems\testscope\', previous definition in 'MunghardsItems\scope2\'
10:20:26.489 Conflicting addon DayZExpansion_Sounds_Ground_Vehicle_Sedan_02 in 'DayZExpansion\Sounds\Vehicles\Ground\Sedan_02\', previous definition in 'DayZExpansion\Sounds\Vehicles\Ground\Bus\'
10:20:26.594 Conflicting addon Mass_Guns in 'MassGuns\', previous definition in 'BSI\massguns\'
10:20:26.626 Conflicting addon Mass_Textures in 'MassTextures\masstextures\', previous definition in 'MassTextures\'
10:20:26.651 Conflicting addon Mass_Textures in 'MuchStuffPack\MSP_Storage_proxies\dependency\', previous definition in 'MassTextures\'
10:20:26.651 Conflicting addon Munghardsgunwall in 'MuchStuffPack\MSP_Storage_proxies\dependency\', previous definition in 'MunghardsItems\gunwall\'
10:20:26.651 Conflicting addon MassBuildings in 'MuchStuffPack\MSP_Storage_proxies\dependency\', previous definition in 'MassBuildings\'
10:20:27.435 Conflicting addon DZ_Weapons_Firearms_AKM in 'DZ\weapons\firearms\akm\', previous definition in 'SNAFU_Guns_01\data\akm_testing\'
10:20:27.695 Updating base class All->AllVehicles, by DZ\data\config.bin/CfgVehicles/Man/
10:20:27.695 Updating base class WeaponMode_Base->, by DZ\data\config.bin/Mode_SemiAuto/
10:20:27.699 Updating base class Name->NameIcon, by DayZExpansion\Navigation\Worlds\locationtypes\config.bin/CfgLocationTypes/Hill/
10:20:27.699 Updating base class Hill->NameIcon, by DayZExpansion\Navigation\Worlds\locationtypes\config.bin/CfgLocationTypes/ViewPoint/
10:20:27.699 Updating base class Hill->NameIcon, by DayZExpansion\Navigation\Worlds\locationtypes\config.bin/CfgLocationTypes/RockArea/
10:20:27.699 Updating base class Hill->NameIcon, by DayZExpansion\Navigation\Worlds\locationtypes\config.bin/CfgLocationTypes/BorderCrossing/
10:20:27.699 Updating base class Hill->NameIcon, by DayZExpansion\Navigation\Worlds\locationtypes\config.bin/CfgLocationTypes/VegetationBroadleaf/
10:20:27.699 Updating base class Hill->NameIcon, by DayZExpansion\Navigation\Worlds\locationtypes\config.bin/CfgLocationTypes/VegetationFir/
10:20:27.699 Updating base class Hill->NameIcon, by DayZExpansion\Navigation\Worlds\locationtypes\config.bin/CfgLocationTypes/VegetationPalm/
10:20:27.699 Updating base class Hill->NameIcon, by DayZExpansion\Navigation\Worlds\locationtypes\config.bin/CfgLocationTypes/VegetationVineyard/
10:20:27.702 Updating base class ->Inventory_Base, by DayZExpansion\Objects\Misc\config.bin/CfgVehicles/ExpansionParkingMeter/
10:20:27.841 Updating base class ->Container_Base, by DZ\gear\camping\config.bin/CfgVehicles/WoodenCrate/
10:20:27.841 Updating base class ->Inventory_Base, by DZ\gear\camping\config.bin/CfgVehicles/Spotlight/
10:20:27.842 Updating base class ->Inventory_Base, by DZ\gear\camping\config.bin/CfgVehicles/Flag_Base/
10:20:28.03 Updating base class ProxyAttachment->ProxyPart, by DZ\vehicles\parts\config.bin/CfgNonAIVehicles/ProxyBattery_truck/
10:20:28.03 DZ\vehicles\parts\config.bin/CfgNonAIVehicles/ProxyBattery_truck.inventorySlot: Cannot update non array from array
10:20:28.43 Updating base class ->Rifle_Base, by DZ\weapons\firearms\m4\config.bin/cfgWeapons/M4A1_Base/
10:20:28.43 Updating base class ->M4A1_Base, by DZ\weapons\firearms\m4\config.bin/cfgWeapons/M4A1/
10:20:28.52 Updating base class ->CAWorld, by DZ\worlds\enoch\world\config.bin/CfgWorlds/Enoch/
10:20:28.66 Updating base class ->Names, by JM\COT\GUI\config.bin/CfgWorlds/ChernarusPlus/Names/
10:20:28.66 Updating base class ->Settlement_Chernogorsk, by JM\COT\GUI\config.bin/CfgWorlds/ChernarusPlus/Names/Settlement_Chernogorsk/
10:20:28.66 Updating base class ->Settlement_Novodmitrovsk, by JM\COT\GUI\config.bin/CfgWorlds/ChernarusPlus/Names/Settlement_Novodmitrovsk/
10:20:28.66 Updating base class ->Settlement_Novoselki, by JM\COT\GUI\config.bin/CfgWorlds/ChernarusPlus/Names/Settlement_Novoselki/
10:20:28.66 Updating base class ->Settlement_Dubovo, by JM\COT\GUI\config.bin/CfgWorlds/ChernarusPlus/Names/Settlement_Dubovo/
10:20:28.66 Updating base class ->Settlement_Vysotovo, by JM\COT\GUI\config.bin/CfgWorlds/ChernarusPlus/Names/Settlement_Vysotovo/
10:20:28.66 Updating base class ->Settlement_Zelenogorsk, by JM\COT\GUI\config.bin/CfgWorlds/ChernarusPlus/Names/Settlement_Zelenogorsk/
10:20:28.66 Updating base class ->Settlement_Berezino, by JM\COT\GUI\config.bin/CfgWorlds/ChernarusPlus/Names/Settlement_Berezino/
10:20:28.66 Updating base class ->Settlement_Elektrozavodsk, by JM\COT\GUI\config.bin/CfgWorlds/ChernarusPlus/Names/Settlement_Elektrozavodsk/
10:20:28.66 Updating base class ->Settlement_NovayaPetrovka, by JM\COT\GUI\config.bin/CfgWorlds/ChernarusPlus/Names/Settlement_NovayaPetrovka/
10:20:28.66 Updating base class ->Settlement_Gorka, by JM\COT\GUI\config.bin/CfgWorlds/ChernarusPlus/Names/Settlement_Gorka/
10:20:28.66 Updating base class ->Settlement_Solnechny, by JM\COT\GUI\config.bin/CfgWorlds/ChernarusPlus/Names/Settlement_Solnechny/
10:20:28.66 Updating base class ->Settlement_StarySobor, by JM\COT\GUI\config.bin/CfgWorlds/ChernarusPlus/Names/Settlement_StarySobor/
10:20:28.66 Updating base class ->Settlement_Vybor, by JM\COT\GUI\config.bin/CfgWorlds/ChernarusPlus/Names/Settlement_Vybor/
10:20:28.66 Updating base class ->Settlement_Severograd, by JM\COT\GUI\config.bin/CfgWorlds/ChernarusPlus/Names/Settlement_Severograd/
10:20:28.67 Updating base class ->Settlement_Bor, by JM\COT\GUI\config.bin/CfgWorlds/ChernarusPlus/Names/Settlement_Bor/
10:20:28.67 Updating base class ->Settlement_Svetloyarsk, by JM\COT\GUI\config.bin/CfgWorlds/ChernarusPlus/Names/Settlement_Svetloyarsk/
10:20:28.67 Updating base class ->Settlement_Krasnostav, by JM\COT\GUI\config.bin/CfgWorlds/ChernarusPlus/Names/Settlement_Krasnostav/
10:20:28.67 Updating base class ->Settlement_ChernayaPolyana, by JM\COT\GUI\config.bin/CfgWorlds/ChernarusPlus/Names/Settlement_ChernayaPolyana/
10:20:28.67 Updating base class ->Settlement_Polyana, by JM\COT\GUI\config.bin/CfgWorlds/ChernarusPlus/Names/Settlement_Polyana/
10:20:28.67 Updating base class ->Settlement_Tulga, by JM\COT\GUI\config.bin/CfgWorlds/ChernarusPlus/Names/Settlement_Tulga/
10:20:28.67 Updating base class ->Settlement_Msta, by JM\COT\GUI\config.bin/CfgWorlds/ChernarusPlus/Names/Settlement_Msta/
10:20:28.67 Updating base class ->Settlement_Staroye, by JM\COT\GUI\config.bin/CfgWorlds/ChernarusPlus/Names/Settlement_Staroye/
10:20:28.67 Updating base class ->Settlement_Shakhovka, by JM\COT\GUI\config.bin/CfgWorlds/ChernarusPlus/Names/Settlement_Shakhovka/
10:20:28.67 Updating base class ->Settlement_Dolina, by JM\COT\GUI\config.bin/CfgWorlds/ChernarusPlus/Names/Settlement_Dolina/
10:20:28.67 Updating base class ->Settlement_Orlovets, by JM\COT\GUI\config.bin/CfgWorlds/ChernarusPlus/Names/Settlement_Orlovets/
10:20:28.67 Updating base class ->Settlement_NovySobor, by JM\COT\GUI\config.bin/CfgWorlds/ChernarusPlus/Names/Settlement_NovySobor/
10:20:28.67 Updating base class ->Settlement_Kabanino, by JM\COT\GUI\config.bin/CfgWorlds/ChernarusPlus/Names/Settlement_Kabanino/
10:20:28.67 Updating base class ->Settlement_Mogilevka, by JM\COT\GUI\config.bin/CfgWorlds/ChernarusPlus/Names/Settlement_Mogilevka/
10:20:28.67 Updating base class ->Settlement_Nadezhdino, by JM\COT\GUI\config.bin/CfgWorlds/ChernarusPlus/Names/Settlement_Nadezhdino/
10:20:28.67 Updating base class ->Settlement_Guglovo, by JM\COT\GUI\config.bin/CfgWorlds/ChernarusPlus/Names/Settlement_Guglovo/
10:20:28.67 Updating base class ->Settlement_Kamyshovo, by JM\COT\GUI\config.bin/CfgWorlds/ChernarusPlus/Names/Settlement_Kamyshovo/
10:20:28.67 Updating base class ->Settlement_Pusta, by JM\COT\GUI\config.bin/CfgWorlds/ChernarusPlus/Names/Settlement_Pusta/
10:20:28.67 Updating base class ->Settlement_Dubrovka, by JM\COT\GUI\config.bin/CfgWorlds/ChernarusPlus/Names/Settlement_Dubrovka/
10:20:28.67 Updating base class ->Settlement_VyshnayaDubrovka, by JM\COT\GUI\config.bin/CfgWorlds/ChernarusPlus/Names/Settlement_VyshnayaDubrovka/
10:20:28.67 Updating base class ->Settlement_Khelm, by JM\COT\GUI\config.bin/CfgWorlds/ChernarusPlus/Names/Settlement_Khelm/
10:20:28.67 Updating base class ->Settlement_Olsha, by JM\COT\GUI\config.bin/CfgWorlds/ChernarusPlus/Names/Settlement_Olsha/
10:20:28.67 Updating base class ->Settlement_Gvozdno, by JM\COT\GUI\config.bin/CfgWorlds/ChernarusPlus/Names/Settlement_Gvozdno/
10:20:28.67 Updating base class ->Settlement_Grishino, by JM\COT\GUI\config.bin/CfgWorlds/ChernarusPlus/Names/Settlement_Grishino/
10:20:28.67 Updating base class ->Settlement_Rogovo, by JM\COT\GUI\config.bin/CfgWorlds/ChernarusPlus/Names/Settlement_Rogovo/
10:20:28.67 Updating base class ->Settlement_Pogorevka, by JM\COT\GUI\config.bin/CfgWorlds/ChernarusPlus/Names/Settlement_Pogorevka/
10:20:28.67 Updating base class ->Settlement_Pustoshka, by JM\COT\GUI\config.bin/CfgWorlds/ChernarusPlus/Names/Settlement_Pustoshka/
10:20:28.67 Updating base class ->Settlement_Kozlovka, by JM\COT\GUI\config.bin/CfgWorlds/ChernarusPlus/Names/Settlement_Kozlovka/
10:20:28.67 Updating base class ->Settlement_Karmanovka, by JM\COT\GUI\config.bin/CfgWorlds/ChernarusPlus/Names/Settlement_Karmanovka/
10:20:28.67 Updating base class ->Settlement_Balota, by JM\COT\GUI\config.bin/CfgWorlds/ChernarusPlus/Names/Settlement_Balota/
10:20:28.67 Updating base class ->Settlement_Komarovo, by JM\COT\GUI\config.bin/CfgWorlds/ChernarusPlus/Names/Settlement_Komarovo/
10:20:28.67 Updating base class ->Settlement_Kamenka, by JM\COT\GUI\config.bin/CfgWorlds/ChernarusPlus/Names/Settlement_Kamenka/
10:20:28.67 Updating base class ->Settlement_Myshkino, by JM\COT\GUI\config.bin/CfgWorlds/ChernarusPlus/Names/Settlement_Myshkino/
10:20:28.67 Updating base class ->Settlement_Pavlovo, by JM\COT\GUI\config.bin/CfgWorlds/ChernarusPlus/Names/Settlement_Pavlovo/
10:20:28.67 Updating base class ->Settlement_Lopatino, by JM\COT\GUI\config.bin/CfgWorlds/ChernarusPlus/Names/Settlement_Lopatino/
10:20:28.67 Updating base class ->Settlement_Vyshnoye, by JM\COT\GUI\config.bin/CfgWorlds/ChernarusPlus/Names/Settlement_Vyshnoye/
10:20:28.67 Updating base class ->Settlement_Prigorodki, by JM\COT\GUI\config.bin/CfgWorlds/ChernarusPlus/Names/Settlement_Prigorodki/
10:20:28.67 Updating base class ->Settlement_Drozhino, by JM\COT\GUI\config.bin/CfgWorlds/ChernarusPlus/Names/Settlement_Drozhino/
10:20:28.67 Updating base class ->Settlement_Sosnovka, by JM\COT\GUI\config.bin/CfgWorlds/ChernarusPlus/Names/Settlement_Sosnovka/
10:20:28.67 Updating base class ->Settlement_Nizhneye, by JM\COT\GUI\config.bin/CfgWorlds/ChernarusPlus/Names/Settlement_Nizhneye/
10:20:28.67 Updating base class ->Settlement_Pulkovo, by JM\COT\GUI\config.bin/CfgWorlds/ChernarusPlus/Names/Settlement_Pulkovo/
10:20:28.67 Updating base class ->Settlement_Berezhki, by JM\COT\GUI\config.bin/CfgWorlds/ChernarusPlus/Names/Settlement_Berezhki/
10:20:28.67 Updating base class ->Settlement_Turovo, by JM\COT\GUI\config.bin/CfgWorlds/ChernarusPlus/Names/Settlement_Turovo/
10:20:28.67 Updating base class ->Settlement_BelayaPolyana, by JM\COT\GUI\config.bin/CfgWorlds/ChernarusPlus/Names/Settlement_BelayaPolyana/
10:20:28.67 Updating base class ->Settlement_Dobroye, by JM\COT\GUI\config.bin/CfgWorlds/ChernarusPlus/Names/Settlement_Dobroye/
10:20:28.67 Updating base class ->Settlement_Nagornoye, by JM\COT\GUI\config.bin/CfgWorlds/ChernarusPlus/Names/Settlement_Nagornoye/
10:20:28.67 Updating base class ->Settlement_Svergino, by JM\COT\GUI\config.bin/CfgWorlds/ChernarusPlus/Names/Settlement_Svergino/
10:20:28.67 Updating base class ->Settlement_Ratnoye, by JM\COT\GUI\config.bin/CfgWorlds/ChernarusPlus/Names/Settlement_Ratnoye/
10:20:28.67 Updating base class ->Settlement_Kamensk, by JM\COT\GUI\config.bin/CfgWorlds/ChernarusPlus/Names/Settlement_Kamensk/
10:20:28.67 Updating base class ->Settlement_Krasnoye, by JM\COT\GUI\config.bin/CfgWorlds/ChernarusPlus/Names/Settlement_Krasnoye/
10:20:28.67 Updating base class ->Settlement_StaryYar, by JM\COT\GUI\config.bin/CfgWorlds/ChernarusPlus/Names/Settlement_StaryYar/
10:20:28.67 Updating base class ->Settlement_Polesovo, by JM\COT\GUI\config.bin/CfgWorlds/ChernarusPlus/Names/Settlement_Polesovo/
10:20:28.67 Updating base class ->Settlement_Tisy, by JM\COT\GUI\config.bin/CfgWorlds/ChernarusPlus/Names/Settlement_Tisy/
10:20:28.67 Updating base class ->Settlement_Topolniki, by JM\COT\GUI\config.bin/CfgWorlds/ChernarusPlus/Names/Settlement_Topolniki/
10:20:28.67 Updating base class ->Settlement_Zaprudnoye, by JM\COT\GUI\config.bin/CfgWorlds/ChernarusPlus/Names/Settlement_Zaprudnoye/
10:20:28.67 Updating base class ->Settlement_Sinystok, by JM\COT\GUI\config.bin/CfgWorlds/ChernarusPlus/Names/Settlement_Sinystok/
10:20:28.67 Updating base class ->Settlement_Vavilovo, by JM\COT\GUI\config.bin/CfgWorlds/ChernarusPlus/Names/Settlement_Vavilovo/
10:20:28.67 Updating base class ->Settlement_Kumyrna, by JM\COT\GUI\config.bin/CfgWorlds/ChernarusPlus/Names/Settlement_Kumyrna/
10:20:28.67 Updating base class ->Settlement_Kalinovka, by JM\COT\GUI\config.bin/CfgWorlds/ChernarusPlus/Names/Settlement_Kalinovka/
10:20:28.67 Updating base class ->Settlement_Bogatyrka, by JM\COT\GUI\config.bin/CfgWorlds/ChernarusPlus/Names/Settlement_Bogatyrka/
10:20:28.67 Updating base class ->Settlement_SvyatoyRomanSkiResort, by JM\COT\GUI\config.bin/CfgWorlds/ChernarusPlus/Names/Settlement_SvyatoyRomanSkiResort/
10:20:28.67 Updating base class ->Settlement_SKVSChBiathlonArena, by JM\COT\GUI\config.bin/CfgWorlds/ChernarusPlus/Names/Settlement_SKVSChBiathlonArena/
10:20:28.67 Updating base class ->Settlement_Zvir, by JM\COT\GUI\config.bin/CfgWorlds/ChernarusPlus/Names/Settlement_Zvir/
10:20:28.67 Updating base class ->Settlement_Zabolotye, by JM\COT\GUI\config.bin/CfgWorlds/ChernarusPlus/Names/Settlement_Zabolotye/
10:20:28.67 Updating base class ->Settlement_Galkino, by JM\COT\GUI\config.bin/CfgWorlds/ChernarusPlus/Names/Settlement_Galkino/
10:20:28.67 Updating base class ->Camp_Arsenovo, by JM\COT\GUI\config.bin/CfgWorlds/ChernarusPlus/Names/Camp_Arsenovo/
10:20:28.67 Updating base class ->Camp_Stroytel, by JM\COT\GUI\config.bin/CfgWorlds/ChernarusPlus/Names/Camp_Stroytel/
10:20:28.67 Updating base class ->Camp_Romashka, by JM\COT\GUI\config.bin/CfgWorlds/ChernarusPlus/Names/Camp_Romashka/
10:20:28.67 Updating base class ->Camp_Kometa, by JM\COT\GUI\config.bin/CfgWorlds/ChernarusPlus/Names/Camp_Kometa/
10:20:28.67 Updating base class ->Camp_Druzhba, by JM\COT\GUI\config.bin/CfgWorlds/ChernarusPlus/Names/Camp_Druzhba/
10:20:28.67 Updating base class ->Camp_Nadezhda, by JM\COT\GUI\config.bin/CfgWorlds/ChernarusPlus/Names/Camp_Nadezhda/
10:20:28.67 Updating base class ->Camp_YouthPioneer, by JM\COT\GUI\config.bin/CfgWorlds/ChernarusPlus/Names/Camp_YouthPioneer/
10:20:28.67 Updating base class ->Camp_ProudChernarus, by JM\COT\GUI\config.bin/CfgWorlds/ChernarusPlus/Names/Camp_ProudChernarus/
10:20:28.67 Updating base class ->Camp_Shkolnik, by JM\COT\GUI\config.bin/CfgWorlds/ChernarusPlus/Names/Camp_Shkolnik/
10:20:28.67 Updating base class ->Camp_Pobeda, by JM\COT\GUI\config.bin/CfgWorlds/ChernarusPlus/Names/Camp_Pobeda/
10:20:28.67 Updating base class ->Camp_Metalurg, by JM\COT\GUI\config.bin/CfgWorlds/ChernarusPlus/Names/Camp_Metalurg/
10:20:28.67 Updating base class ->Hill_Zelenayagora, by JM\COT\GUI\config.bin/CfgWorlds/ChernarusPlus/Names/Hill_Zelenayagora/
10:20:28.67 Updating base class ->Local_Dichina, by JM\COT\GUI\config.bin/CfgWorlds/ChernarusPlus/Names/Local_Dichina/
10:20:28.67 Updating base class ->Local_Novylug, by JM\COT\GUI\config.bin/CfgWorlds/ChernarusPlus/Names/Local_Novylug/
10:20:28.67 Updating base class ->Local_Staryeluga, by JM\COT\GUI\config.bin/CfgWorlds/ChernarusPlus/Names/Local_Staryeluga/
10:20:28.67 Updating base class ->Hill_Vysota, by JM\COT\GUI\config.bin/CfgWorlds/ChernarusPlus/Names/Hill_Vysota/
10:20:28.67 Updating base class ->Hill_Kopyto, by JM\COT\GUI\config.bin/CfgWorlds/ChernarusPlus/Names/Hill_Kopyto/
10:20:28.67 Updating base class ->Local_Grubyeskaly, by JM\COT\GUI\config.bin/CfgWorlds/ChernarusPlus/Names/Local_Grubyeskaly/
10:20:28.67 Updating base class ->Local_Chernyles, by JM\COT\GUI\config.bin/CfgWorlds/ChernarusPlus/Names/Local_Chernyles/
10:20:28.67 Updating base class ->Hill_Altar, by JM\COT\GUI\config.bin/CfgWorlds/ChernarusPlus/Names/Hill_Altar/
10:20:28.67 Updating base class ->Local_RadioZenit, by JM\COT\GUI\config.bin/CfgWorlds/ChernarusPlus/Names/Local_RadioZenit/
10:20:28.67 Updating base class ->Hill_PikKozlova, by JM\COT\GUI\config.bin/CfgWorlds/ChernarusPlus/Names/Hill_PikKozlova/
10:20:28.67 Updating base class ->Local_Pustoykhrebet, by JM\COT\GUI\config.bin/CfgWorlds/ChernarusPlus/Names/Local_Pustoykhrebet/
10:20:28.67 Updating base class ->Hill_Bashnya, by JM\COT\GUI\config.bin/CfgWorlds/ChernarusPlus/Names/Hill_Bashnya/
10:20:28.67 Updating base class ->Hill_Veresnik, by JM\COT\GUI\config.bin/CfgWorlds/ChernarusPlus/Names/Hill_Veresnik/
10:20:28.67 Updating base class ->Hill_Kurgan, by JM\COT\GUI\config.bin/CfgWorlds/ChernarusPlus/Names/Hill_Kurgan/
10:20:28.67 Updating base class ->Hill_Kustryk, by JM\COT\GUI\config.bin/CfgWorlds/ChernarusPlus/Names/Hill_Kustryk/
10:20:28.67 Updating base class ->Hill_Vetryanayagora, by JM\COT\GUI\config.bin/CfgWorlds/ChernarusPlus/Names/Hill_Vetryanayagora/
10:20:28.67 Updating base class ->Hill_Kalmyk, by JM\COT\GUI\config.bin/CfgWorlds/ChernarusPlus/Names/Hill_Kalmyk/
10:20:28.67 Updating base class ->Hill_PopIvan, by JM\COT\GUI\config.bin/CfgWorlds/ChernarusPlus/Names/Hill_PopIvan/
10:20:28.67 Updating base class ->Hill_Erbenka, by JM\COT\GUI\config.bin/CfgWorlds/ChernarusPlus/Names/Hill_Erbenka/
10:20:28.67 Updating base class ->Local_Lesnoykhrebet, by JM\COT\GUI\config.bin/CfgWorlds/ChernarusPlus/Names/Local_Lesnoykhrebet/
10:20:28.67 Updating base class ->Hill_Vysokiykamen, by JM\COT\GUI\config.bin/CfgWorlds/ChernarusPlus/Names/Hill_Vysokiykamen/
10:20:28.67 Updating base class ->Hill_Dobry, by JM\COT\GUI\config.bin/CfgWorlds/ChernarusPlus/Names/Hill_Dobry/
10:20:28.67 Updating base class ->Hill_Baranchik, by JM\COT\GUI\config.bin/CfgWorlds/ChernarusPlus/Names/Hill_Baranchik/
10:20:28.67 Updating base class ->Hill_Malinovka, by JM\COT\GUI\config.bin/CfgWorlds/ChernarusPlus/Names/Hill_Malinovka/
10:20:28.67 Updating base class ->Hill_Dubina, by JM\COT\GUI\config.bin/CfgWorlds/ChernarusPlus/Names/Hill_Dubina/
10:20:28.67 Updating base class ->Hill_Klen, by JM\COT\GUI\config.bin/CfgWorlds/ChernarusPlus/Names/Hill_Klen/
10:20:28.67 Updating base class ->Hill_Chernayagora, by JM\COT\GUI\config.bin/CfgWorlds/ChernarusPlus/Names/Hill_Chernayagora/
10:20:28.67 Updating base class ->Ruin_Zolotar, by JM\COT\GUI\config.bin/CfgWorlds/ChernarusPlus/Names/Ruin_Zolotar/
10:20:28.67 Updating base class ->Hill_Ostry, by JM\COT\GUI\config.bin/CfgWorlds/ChernarusPlus/Names/Hill_Ostry/
10:20:28.67 Updating base class ->Hill_Olsha, by JM\COT\GUI\config.bin/CfgWorlds/ChernarusPlus/Names/Hill_Olsha/
10:20:28.67 Updating base class ->Marine_Tikhiyzaliv, by JM\COT\GUI\config.bin/CfgWorlds/ChernarusPlus/Names/Marine_Tikhiyzaliv/
10:20:28.67 Updating base class ->Marine_Mutnyizaliv, by JM\COT\GUI\config.bin/CfgWorlds/ChernarusPlus/Names/Marine_Mutnyizaliv/
10:20:28.67 Updating base class ->Marine_Chernyzaliv, by JM\COT\GUI\config.bin/CfgWorlds/ChernarusPlus/Names/Marine_Chernyzaliv/
10:20:28.67 Updating base class ->Marine_Zelenyzaliv, by JM\COT\GUI\config.bin/CfgWorlds/ChernarusPlus/Names/Marine_Zelenyzaliv/
10:20:28.67 Updating base class ->Marine_Skalistyproliv, by JM\COT\GUI\config.bin/CfgWorlds/ChernarusPlus/Names/Marine_Skalistyproliv/
10:20:28.67 Updating base class ->Marine_Nizhniyzaliv, by JM\COT\GUI\config.bin/CfgWorlds/ChernarusPlus/Names/Marine_Nizhniyzaliv/
10:20:28.67 Updating base class ->Marine_ZalivGuba, by JM\COT\GUI\config.bin/CfgWorlds/ChernarusPlus/Names/Marine_ZalivGuba/
10:20:28.67 Updating base class ->Marine_Rify, by JM\COT\GUI\config.bin/CfgWorlds/ChernarusPlus/Names/Marine_Rify/
10:20:28.67 Updating base class ->Marine_Ivovoyeozero, by JM\COT\GUI\config.bin/CfgWorlds/ChernarusPlus/Names/Marine_Ivovoyeozero/
10:20:28.67 Updating base class ->Marine_Chernoyeozero, by JM\COT\GUI\config.bin/CfgWorlds/ChernarusPlus/Names/Marine_Chernoyeozero/
10:20:28.67 Updating base class ->Marine_PlotinaTopolka, by JM\COT\GUI\config.bin/CfgWorlds/ChernarusPlus/Names/Marine_PlotinaTopolka/
10:20:28.67 Updating base class ->Marine_PlotinaPobeda, by JM\COT\GUI\config.bin/CfgWorlds/ChernarusPlus/Names/Marine_PlotinaPobeda/
10:20:28.67 Updating base class ->Marine_PlotinaTishina, by JM\COT\GUI\config.bin/CfgWorlds/ChernarusPlus/Names/Marine_PlotinaTishina/
10:20:28.67 Updating base class ->Marine_Ozerko, by JM\COT\GUI\config.bin/CfgWorlds/ChernarusPlus/Names/Marine_Ozerko/
10:20:28.67 Updating base class ->Marine_Prud, by JM\COT\GUI\config.bin/CfgWorlds/ChernarusPlus/Names/Marine_Prud/
10:20:28.67 Updating base class ->Ruin_Chortovzamok, by JM\COT\GUI\config.bin/CfgWorlds/ChernarusPlus/Names/Ruin_Chortovzamok/
10:20:28.67 Updating base class ->Ruin_Zub, by JM\COT\GUI\config.bin/CfgWorlds/ChernarusPlus/Names/Ruin_Zub/
10:20:28.67 Updating base class ->Ruin_Rog, by JM\COT\GUI\config.bin/CfgWorlds/ChernarusPlus/Names/Ruin_Rog/
10:20:28.67 Updating base class ->Local_Grozovypereval, by JM\COT\GUI\config.bin/CfgWorlds/ChernarusPlus/Names/Local_Grozovypereval/
10:20:28.67 Updating base class ->Local_Sosnovypereval, by JM\COT\GUI\config.bin/CfgWorlds/ChernarusPlus/Names/Local_Sosnovypereval/
10:20:28.67 Updating base class ->Local_PerevalOreshka, by JM\COT\GUI\config.bin/CfgWorlds/ChernarusPlus/Names/Local_PerevalOreshka/
10:20:28.67 Updating base class ->Local_Turovskiypereval, by JM\COT\GUI\config.bin/CfgWorlds/ChernarusPlus/Names/Local_Turovskiypereval/
10:20:28.67 Updating base class ->Local_Tridoliny, by JM\COT\GUI\config.bin/CfgWorlds/ChernarusPlus/Names/Local_Tridoliny/
10:20:28.67 Updating base class ->Local_Grozovyedoly, by JM\COT\GUI\config.bin/CfgWorlds/ChernarusPlus/Names/Local_Grozovyedoly/
10:20:28.67 Updating base class ->Ruin_Klyuch, by JM\COT\GUI\config.bin/CfgWorlds/ChernarusPlus/Names/Ruin_Klyuch/
10:20:28.67 Updating base class ->Hill_Lysayagora, by JM\COT\GUI\config.bin/CfgWorlds/ChernarusPlus/Names/Hill_Lysayagora/
10:20:28.67 Updating base class ->Marine_Glubokoyeozero, by JM\COT\GUI\config.bin/CfgWorlds/ChernarusPlus/Names/Marine_Glubokoyeozero/
10:20:28.67 Updating base class ->Local_Skalka, by JM\COT\GUI\config.bin/CfgWorlds/ChernarusPlus/Names/Local_Skalka/
10:20:28.67 Updating base class ->Local_Vidy, by JM\COT\GUI\config.bin/CfgWorlds/ChernarusPlus/Names/Local_Vidy/
10:20:28.67 Updating base class ->Hill_Tumannyverkh, by JM\COT\GUI\config.bin/CfgWorlds/ChernarusPlus/Names/Hill_Tumannyverkh/
10:20:28.67 Updating base class ->Local_Adamovka, by JM\COT\GUI\config.bin/CfgWorlds/ChernarusPlus/Names/Local_Adamovka/
10:20:28.67 Updating base class ->Hill_Shishok, by JM\COT\GUI\config.bin/CfgWorlds/ChernarusPlus/Names/Hill_Shishok/
10:20:28.67 Updating base class ->Settlement_Skalisty, by JM\COT\GUI\config.bin/CfgWorlds/ChernarusPlus/Names/Settlement_Skalisty/
10:20:28.67 Updating base class ->Ruin_Storozh, by JM\COT\GUI\config.bin/CfgWorlds/ChernarusPlus/Names/Ruin_Storozh/
10:20:28.67 Updating base class ->Local_Drakon, by JM\COT\GUI\config.bin/CfgWorlds/ChernarusPlus/Names/Local_Drakon/
10:20:28.67 Updating base class ->Local_Otmel, by JM\COT\GUI\config.bin/CfgWorlds/ChernarusPlus/Names/Local_Otmel/
10:20:28.67 Updating base class ->Local_MysGolova, by JM\COT\GUI\config.bin/CfgWorlds/ChernarusPlus/Names/Local_MysGolova/
10:20:28.67 Updating base class ->Local_MysKrutoy, by JM\COT\GUI\config.bin/CfgWorlds/ChernarusPlus/Names/Local_MysKrutoy/
10:20:28.67 Updating base class ->Hill_Tokarnya, by JM\COT\GUI\config.bin/CfgWorlds/ChernarusPlus/Names/Hill_Tokarnya/
10:20:28.67 Updating base class ->Hill_Ostrog, by JM\COT\GUI\config.bin/CfgWorlds/ChernarusPlus/Names/Hill_Ostrog/
10:20:28.67 Updating base class ->Local_Maryanka, by JM\COT\GUI\config.bin/CfgWorlds/ChernarusPlus/Names/Local_Maryanka/
10:20:28.67 Updating base class ->Local_Polonina, by JM\COT\GUI\config.bin/CfgWorlds/ChernarusPlus/Names/Local_Polonina/
10:20:28.67 Updating base class ->Local_Kalinka, by JM\COT\GUI\config.bin/CfgWorlds/ChernarusPlus/Names/Local_Kalinka/
10:20:28.67 Updating base class ->Hill_Kikimora, by JM\COT\GUI\config.bin/CfgWorlds/ChernarusPlus/Names/Hill_Kikimora/
10:20:28.67 Updating base class ->Hill_BolshoyKotel, by JM\COT\GUI\config.bin/CfgWorlds/ChernarusPlus/Names/Hill_BolshoyKotel/
10:20:28.67 Updating base class ->Hill_Simurg, by JM\COT\GUI\config.bin/CfgWorlds/ChernarusPlus/Names/Hill_Simurg/
10:20:28.67 Updating base class ->Hill_Volchiypik, by JM\COT\GUI\config.bin/CfgWorlds/ChernarusPlus/Names/Hill_Volchiypik/
10:20:28.67 Updating base class ->Ruin_Krona, by JM\COT\GUI\config.bin/CfgWorlds/ChernarusPlus/Names/Ruin_Krona/
10:20:28.67 Updating base class ->Local_TriKresta, by JM\COT\GUI\config.bin/CfgWorlds/ChernarusPlus/Names/Local_TriKresta/
10:20:28.67 Updating base class ->Local_Rostoki, by JM\COT\GUI\config.bin/CfgWorlds/ChernarusPlus/Names/Local_Rostoki/
10:20:28.67 Updating base class ->Marine_OrlyeOzero, by JM\COT\GUI\config.bin/CfgWorlds/ChernarusPlus/Names/Marine_OrlyeOzero/
10:20:28.67 Updating base class ->Local_Makosh, by JM\COT\GUI\config.bin/CfgWorlds/ChernarusPlus/Names/Local_Makosh/
10:20:28.67 Updating base class ->Local_Klenovyipereval, by JM\COT\GUI\config.bin/CfgWorlds/ChernarusPlus/Names/Local_Klenovyipereval/
10:20:28.67 Updating base class ->Local_Zmeinykhrebet, by JM\COT\GUI\config.bin/CfgWorlds/ChernarusPlus/Names/Local_Zmeinykhrebet/
10:20:28.67 Updating base class ->Hill_Sokol, by JM\COT\GUI\config.bin/CfgWorlds/ChernarusPlus/Names/Hill_Sokol/
10:20:28.67 Updating base class ->Local_Krutyeskaly, by JM\COT\GUI\config.bin/CfgWorlds/ChernarusPlus/Names/Local_Krutyeskaly/
10:20:28.68 Updating base class ->Local_Bogat, by JM\COT\GUI\config.bin/CfgWorlds/ChernarusPlus/Names/Local_Bogat/
10:20:28.68 Updating base class ->Local_Dubnik, by JM\COT\GUI\config.bin/CfgWorlds/ChernarusPlus/Names/Local_Dubnik/
10:20:28.68 Updating base class ->Hill_Viselitsa, by JM\COT\GUI\config.bin/CfgWorlds/ChernarusPlus/Names/Hill_Viselitsa/
10:20:28.68 Updating base class ->Local_Dazhbog, by JM\COT\GUI\config.bin/CfgWorlds/ChernarusPlus/Names/Local_Dazhbog/
10:20:28.68 Updating base class ->Marine_Verbnik, by JM\COT\GUI\config.bin/CfgWorlds/ChernarusPlus/Names/Marine_Verbnik/
10:20:28.68 Updating base class ->Local_Medvezhilugi, by JM\COT\GUI\config.bin/CfgWorlds/ChernarusPlus/Names/Local_Medvezhilugi/
10:20:28.68 Updating base class ->Ruin_Voron, by JM\COT\GUI\config.bin/CfgWorlds/ChernarusPlus/Names/Ruin_Voron/
10:20:28.68 Updating base class ->Ruin_Gnomovzamok, by JM\COT\GUI\config.bin/CfgWorlds/ChernarusPlus/Names/Ruin_Gnomovzamok/
10:20:28.68 Updating base class ->Marine_Glaza, by JM\COT\GUI\config.bin/CfgWorlds/ChernarusPlus/Names/Marine_Glaza/
10:20:28.68 Updating base class ->Local_KarerKrasnayaZarya, by JM\COT\GUI\config.bin/CfgWorlds/ChernarusPlus/Names/Local_KarerKrasnayaZarya/
10:20:28.68 Updating base class ->Local_Matveyevo, by JM\COT\GUI\config.bin/CfgWorlds/ChernarusPlus/Names/Local_Matveyevo/
10:20:28.68 Updating base class ->Local_Kotka, by JM\COT\GUI\config.bin/CfgWorlds/ChernarusPlus/Names/Local_Kotka/
10:20:28.68 Updating base class ->Local_Chernyeskaly, by JM\COT\GUI\config.bin/CfgWorlds/ChernarusPlus/Names/Local_Chernyeskaly/
10:20:28.68 Updating base class ->Hill_SvyatoyRoman, by JM\COT\GUI\config.bin/CfgWorlds/ChernarusPlus/Names/Hill_SvyatoyRoman/
10:20:28.68 Updating base class ->Hill_Koman, by JM\COT\GUI\config.bin/CfgWorlds/ChernarusPlus/Names/Hill_Koman/
10:20:28.68 Updating base class ->Hill_Mayak, by JM\COT\GUI\config.bin/CfgWorlds/ChernarusPlus/Names/Hill_Mayak/
10:20:28.68 Updating base class ->Local_MB_VMC, by JM\COT\GUI\config.bin/CfgWorlds/ChernarusPlus/Names/Local_MB_VMC/
10:20:28.68 Updating base class ->Local_MB_Tisy, by JM\COT\GUI\config.bin/CfgWorlds/ChernarusPlus/Names/Local_MB_Tisy/
10:20:28.68 Updating base class ->Local_MB_Kamensk, by JM\COT\GUI\config.bin/CfgWorlds/ChernarusPlus/Names/Local_MB_Kamensk/
10:20:28.68 Updating base class ->Local_MB_Zeleno, by JM\COT\GUI\config.bin/CfgWorlds/ChernarusPlus/Names/Local_MB_Zeleno/
10:20:28.68 Updating base class ->Local_MB_Pavlovo, by JM\COT\GUI\config.bin/CfgWorlds/ChernarusPlus/Names/Local_MB_Pavlovo/
10:20:28.68 Updating base class ->Local_AF_Balota, by JM\COT\GUI\config.bin/CfgWorlds/ChernarusPlus/Names/Local_AF_Balota/
10:20:28.68 Updating base class ->Local_AF_Krasno, by JM\COT\GUI\config.bin/CfgWorlds/ChernarusPlus/Names/Local_AF_Krasno/
10:20:28.68 Updating base class ->Local_AF_Vybor, by JM\COT\GUI\config.bin/CfgWorlds/ChernarusPlus/Names/Local_AF_Vybor/
10:20:28.95 Updating base class ->ItemOptics, by MunghardsItems\testscope\config.bin/cfgvehicles/Leupold_mung/
10:20:28.160 Updating base class Inventory_Base->Container_Base, by BSI\expansion\mis\config.cpp/CfgVehicles/ExpansionCone/
10:20:28.160 Updating base class Inventory_Base->Container_Base, by BSI\expansion\mis\config.cpp/CfgVehicles/ExpansionSignDanger/
10:20:28.160 Updating base class Inventory_Base->Container_Base, by BSI\expansion\mis\config.cpp/CfgVehicles/ExpansionSignRoadBarrier/
10:20:28.160 Updating base class Inventory_Base->Container_Base, by BSI\expansion\mis\config.cpp/CfgVehicles/ExpansionStove/
10:20:28.161 Updating base class ItemOptics_Base->ItemOptics, by BSI\snafu\snafu_3\config.cpp/cfgVehicles/SNAFU_Aimpoint_ACO_Base/
10:20:28.161 Updating base class ItemOptics_Base->ItemOptics, by BSI\snafu\snafu_3\config.cpp/cfgVehicles/SNAFU_Aimpoint_M5_Base/
10:20:28.162 Updating base class ItemOptics_Base->ItemOptics, by BSI\snafu\snafu_3\config.cpp/cfgVehicles/SNAFU_Docter_Base/
10:20:28.162 Updating base class ItemOptics_Base->ItemOptics, by BSI\snafu\snafu_3\config.cpp/cfgVehicles/SNAFU_Elcan_Base/
10:20:28.162 Updating base class ItemOptics_Base->ItemOptics, by BSI\snafu\snafu_3\config.cpp/cfgVehicles/SNAFU_EOTech_EXPS3_Base/
10:20:28.162 Updating base class ItemOptics_Base->ItemOptics, by BSI\snafu\snafu_3\config.cpp/cfgVehicles/SNAFU_HuntingOptic/
10:20:28.163 Updating base class ItemOptics_Base->ItemOptics, by BSI\snafu\snafu_3\config.cpp/cfgVehicles/SNAFU_Kahles_Base/
10:20:28.163 Updating base class ItemOptics_Base->ItemOptics, by BSI\snafu\snafu_3\config.cpp/cfgVehicles/SNAFU_Leupold_Mark8_Base/
10:20:28.163 Updating base class ItemOptics_Base->ItemOptics, by BSI\snafu\snafu_3\config.cpp/cfgVehicles/SNAFU_Nightforce_Base/
10:20:28.164 Updating base class ItemOptics_Base->ItemOptics, by BSI\snafu\snafu_3\config.cpp/cfgVehicles/SNAFU_Kobra_Base/
10:20:28.164 Updating base class ItemOptics_Base->ItemOptics, by BSI\snafu\snafu_3\config.cpp/cfgVehicles/SNAFU_Trijicon_Base/
10:20:28.165 Updating base class ItemOptics_Base->ItemOptics, by BSI\snafu\snafu_3\config.cpp/cfgVehicles/SNAFU_Walther_Base/
10:20:28.166 Updating base class CigarettePack_ColorBase->CP_CigarettePack_Empty, by CannabisPlus\cigarettepacks\config.cpp/CfgVehicles/CigarettePack_Chernamorka/
10:20:28.166 Updating base class CigarettePack_ColorBase->CP_CigarettePack_Empty, by CannabisPlus\cigarettepacks\config.cpp/CfgVehicles/CigarettePack_Merkur/
10:20:28.166 Updating base class CigarettePack_ColorBase->CP_CigarettePack_Empty, by CannabisPlus\cigarettepacks\config.cpp/CfgVehicles/CigarettePack_Partyzanka/
10:20:28.184 Updating base class MapDefaults->, by DayZExpansion\Navigation\Worlds\chernarusplus\config.bin/RscMapControl/
10:20:28.185 Updating base class ->GUIInventoryAttachmentsProps, by DayZExpansion\Objects\Basebuilding\Vanilla\Tents\config.bin/CfgVehicles/MediumTent/GUIInventoryAttachmentsProps/
10:20:28.185 Updating base class ->GUIInventoryAttachmentsProps, by DayZExpansion\Objects\Basebuilding\Vanilla\Tents\config.bin/CfgVehicles/LargeTent/GUIInventoryAttachmentsProps/
10:20:28.185 Updating base class ->GUIInventoryAttachmentsProps, by DayZExpansion\Objects\Basebuilding\Vanilla\Tents\config.bin/CfgVehicles/CarTent/GUIInventoryAttachmentsProps/
10:20:28.185 Updating base class ->GUIInventoryAttachmentsProps, by DayZExpansion\Objects\Basebuilding\Vanilla\Tents\config.bin/CfgVehicles/PartyTent/GUIInventoryAttachmentsProps/
10:20:28.519 Updating base class ->GUIInventoryAttachmentsProps, by DayZExpansion\Vehicles\Ground\CivillianSedan\config.bin/CfgVehicles/CivilianSedan/GUIInventoryAttachmentsProps/
10:20:28.519 Updating base class ->Body, by DayZExpansion\Vehicles\Ground\CivillianSedan\config.bin/CfgVehicles/CivilianSedan/GUIInventoryAttachmentsProps/Body/
10:20:28.519 Updating base class DamageSystem->, by DayZExpansion\Vehicles\Ground\CivillianSedan\config.bin/CfgVehicles/CivSedanDoors_Driver/DamageSystem/
10:20:28.519 Updating base class GlobalHealth->, by DayZExpansion\Vehicles\Ground\CivillianSedan\config.bin/CfgVehicles/CivSedanDoors_Driver/DamageSystem/GlobalHealth/
10:20:28.519 Updating base class DamageZones->, by DayZExpansion\Vehicles\Ground\CivillianSedan\config.bin/CfgVehicles/CivSedanDoors_Driver/DamageSystem/DamageZones/
10:20:28.519 Updating base class Window->, by DayZExpansion\Vehicles\Ground\CivillianSedan\config.bin/CfgVehicles/CivSedanDoors_Driver/DamageSystem/DamageZones/Window/
10:20:28.519 Updating base class Health->, by DayZExpansion\Vehicles\Ground\CivillianSedan\config.bin/CfgVehicles/CivSedanDoors_Driver/DamageSystem/DamageZones/Window/Health/
10:20:28.519 Updating base class Doors->, by DayZExpansion\Vehicles\Ground\CivillianSedan\config.bin/CfgVehicles/CivSedanDoors_Driver/DamageSystem/DamageZones/Doors/
10:20:28.519 Updating base class Health->, by DayZExpansion\Vehicles\Ground\CivillianSedan\config.bin/CfgVehicles/CivSedanDoors_Driver/DamageSystem/DamageZones/Doors/Health/
10:20:28.528 Updating base class ->GUIInventoryAttachmentsProps, by DayZExpansion\Vehicles\Ground\Hatchback_02\config.bin/CfgVehicles/Hatchback_02/GUIInventoryAttachmentsProps/
10:20:28.528 Updating base class ->Body, by DayZExpansion\Vehicles\Ground\Hatchback_02\config.bin/CfgVehicles/Hatchback_02/GUIInventoryAttachmentsProps/Body/
10:20:28.528 Updating base class DamageSystem->, by DayZExpansion\Vehicles\Ground\Hatchback_02\config.bin/CfgVehicles/Hatchback_02_Door_1_1/DamageSystem/
10:20:28.528 Updating base class GlobalHealth->, by DayZExpansion\Vehicles\Ground\Hatchback_02\config.bin/CfgVehicles/Hatchback_02_Door_1_1/DamageSystem/GlobalHealth/
10:20:28.528 Updating base class DamageZones->, by DayZExpansion\Vehicles\Ground\Hatchback_02\config.bin/CfgVehicles/Hatchback_02_Door_1_1/DamageSystem/DamageZones/
10:20:28.528 Updating base class Window->, by DayZExpansion\Vehicles\Ground\Hatchback_02\config.bin/CfgVehicles/Hatchback_02_Door_1_1/DamageSystem/DamageZones/Window/
10:20:28.528 Updating base class Health->, by DayZExpansion\Vehicles\Ground\Hatchback_02\config.bin/CfgVehicles/Hatchback_02_Door_1_1/DamageSystem/DamageZones/Window/Health/
10:20:28.528 Updating base class Doors->, by DayZExpansion\Vehicles\Ground\Hatchback_02\config.bin/CfgVehicles/Hatchback_02_Door_1_1/DamageSystem/DamageZones/Doors/
10:20:28.528 Updating base class Health->, by DayZExpansion\Vehicles\Ground\Hatchback_02\config.bin/CfgVehicles/Hatchback_02_Door_1_1/DamageSystem/DamageZones/Doors/Health/
10:20:28.529 Updating base class DamageSystem->, by DayZExpansion\Vehicles\Ground\Hatchback_02\config.bin/CfgVehicles/Hatchback_02_Door_1_2/DamageSystem/
10:20:28.529 Updating base class GlobalHealth->, by DayZExpansion\Vehicles\Ground\Hatchback_02\config.bin/CfgVehicles/Hatchback_02_Door_1_2/DamageSystem/GlobalHealth/
10:20:28.529 Updating base class DamageZones->, by DayZExpansion\Vehicles\Ground\Hatchback_02\config.bin/CfgVehicles/Hatchback_02_Door_1_2/DamageSystem/DamageZones/
10:20:28.529 Updating base class Window->, by DayZExpansion\Vehicles\Ground\Hatchback_02\config.bin/CfgVehicles/Hatchback_02_Door_1_2/DamageSystem/DamageZones/Window/
10:20:28.529 Updating base class Health->, by DayZExpansion\Vehicles\Ground\Hatchback_02\config.bin/CfgVehicles/Hatchback_02_Door_1_2/DamageSystem/DamageZones/Window/Health/
10:20:28.529 Updating base class Doors->, by DayZExpansion\Vehicles\Ground\Hatchback_02\config.bin/CfgVehicles/Hatchback_02_Door_1_2/DamageSystem/DamageZones/Doors/
10:20:28.529 Updating base class Health->, by DayZExpansion\Vehicles\Ground\Hatchback_02\config.bin/CfgVehicles/Hatchback_02_Door_1_2/DamageSystem/DamageZones/Doors/Health/
10:20:28.529 Updating base class Hatchback_02_Door_1_1->CarDoor, by DayZExpansion\Vehicles\Ground\Hatchback_02\config.bin/CfgVehicles/Hatchback_02_Hood/
10:20:28.529 Updating base class Hatchback_02_Door_1_1->CarDoor, by DayZExpansion\Vehicles\Ground\Hatchback_02\config.bin/CfgVehicles/Hatchback_02_Trunk/
10:20:28.529 Updating base class DamageSystem->, by DayZExpansion\Vehicles\Ground\Hatchback_02\config.bin/CfgVehicles/Hatchback_02_Trunk/DamageSystem/
10:20:28.529 Updating base class GlobalHealth->, by DayZExpansion\Vehicles\Ground\Hatchback_02\config.bin/CfgVehicles/Hatchback_02_Trunk/DamageSystem/GlobalHealth/
10:20:28.553 Updating base class ->GUIInventoryAttachmentsProps, by DayZExpansion\Vehicles\Ground\OffroadHatchback\config.bin/CfgVehicles/OffroadHatchback/GUIInventoryAttachmentsProps/
10:20:28.553 Updating base class ->Body, by DayZExpansion\Vehicles\Ground\OffroadHatchback\config.bin/CfgVehicles/OffroadHatchback/GUIInventoryAttachmentsProps/Body/
10:20:28.553 Updating base class DamageSystem->, by DayZExpansion\Vehicles\Ground\OffroadHatchback\config.bin/CfgVehicles/HatchbackDoors_Driver/DamageSystem/
10:20:28.553 Updating base class GlobalHealth->, by DayZExpansion\Vehicles\Ground\OffroadHatchback\config.bin/CfgVehicles/HatchbackDoors_Driver/DamageSystem/GlobalHealth/
10:20:28.553 Updating base class DamageZones->, by DayZExpansion\Vehicles\Ground\OffroadHatchback\config.bin/CfgVehicles/HatchbackDoors_Driver/DamageSystem/DamageZones/
10:20:28.553 Updating base class Window->, by DayZExpansion\Vehicles\Ground\OffroadHatchback\config.bin/CfgVehicles/HatchbackDoors_Driver/DamageSystem/DamageZones/Window/
10:20:28.553 Updating base class Health->, by DayZExpansion\Vehicles\Ground\OffroadHatchback\config.bin/CfgVehicles/HatchbackDoors_Driver/DamageSystem/DamageZones/Window/Health/
10:20:28.553 Updating base class Doors->, by DayZExpansion\Vehicles\Ground\OffroadHatchback\config.bin/CfgVehicles/HatchbackDoors_Driver/DamageSystem/DamageZones/Doors/
10:20:28.553 Updating base class Health->, by DayZExpansion\Vehicles\Ground\OffroadHatchback\config.bin/CfgVehicles/HatchbackDoors_Driver/DamageSystem/DamageZones/Doors/Health/
10:20:28.554 Updating base class DamageSystem->, by DayZExpansion\Vehicles\Ground\OffroadHatchback\config.bin/CfgVehicles/HatchbackTrunk/DamageSystem/
10:20:28.564 Updating base class ->GUIInventoryAttachmentsProps, by DayZExpansion\Vehicles\Ground\Sedan_02\config.bin/CfgVehicles/Sedan_02/GUIInventoryAttachmentsProps/
10:20:28.564 Updating base class ->Body, by DayZExpansion\Vehicles\Ground\Sedan_02\config.bin/CfgVehicles/Sedan_02/GUIInventoryAttachmentsProps/Body/
10:20:28.564 Updating base class DamageSystem->, by DayZExpansion\Vehicles\Ground\Sedan_02\config.bin/CfgVehicles/Sedan_02_Door_1_1/DamageSystem/
10:20:28.564 Updating base class GlobalHealth->, by DayZExpansion\Vehicles\Ground\Sedan_02\config.bin/CfgVehicles/Sedan_02_Door_1_1/DamageSystem/GlobalHealth/
10:20:28.564 Updating base class DamageZones->, by DayZExpansion\Vehicles\Ground\Sedan_02\config.bin/CfgVehicles/Sedan_02_Door_1_1/DamageSystem/DamageZones/
10:20:28.564 Updating base class Window->, by DayZExpansion\Vehicles\Ground\Sedan_02\config.bin/CfgVehicles/Sedan_02_Door_1_1/DamageSystem/DamageZones/Window/
10:20:28.564 Updating base class Health->, by DayZExpansion\Vehicles\Ground\Sedan_02\config.bin/CfgVehicles/Sedan_02_Door_1_1/DamageSystem/DamageZones/Window/Health/
10:20:28.564 Updating base class Doors->, by DayZExpansion\Vehicles\Ground\Sedan_02\config.bin/CfgVehicles/Sedan_02_Door_1_1/DamageSystem/DamageZones/Doors/
10:20:28.564 Updating base class Health->, by DayZExpansion\Vehicles\Ground\Sedan_02\config.bin/CfgVehicles/Sedan_02_Door_1_1/DamageSystem/DamageZones/Doors/Health/
10:20:28.565 Updating base class DamageSystem->, by DayZExpansion\Vehicles\Ground\Sedan_02\config.bin/CfgVehicles/Sedan_02_Door_1_2/DamageSystem/
10:20:28.565 Updating base class GlobalHealth->, by DayZExpansion\Vehicles\Ground\Sedan_02\config.bin/CfgVehicles/Sedan_02_Door_1_2/DamageSystem/GlobalHealth/
