

=====================================================================
== C:\DayZ\servers\0\DayZServer_x64.exe
== ./servers/0/DayZServer_x64.exe -config=serverDZ.cfg.active -port=2302 -profiles=profiles  -adminlog -freezecheck -dologs "-mod=@CF;@MuchStuffPack;@Community-Online-Tools;@Mass'sManyItemOverhaul;@Modular Vest System;@DayZ-Expansion-Licensed;@DayZ-Expansion-Core;@CarCover;@DayZ-Expansion-Market;@DayZ-Expansion-Book;@DayZ-Expansion-Vehicles;@DayZ-Expansion-Navigation;@DayZ-Expansion-BaseBuilding;@DayZ-Expansion-Chat;@DayZ-Expansion-Weapons;@DayZ-Expansion;@Arma 2 Helicopters Remastered;@SlowerMetabolism;@ZenNotes;@CodeLock to ExpansionCodeLock Bridge;@Dabs Framework;@DayZ-Expansion-Map-Assets;"
=====================================================================
Exe timestamp: 2023/07/18 11:17:55
Current time:  2023/07/19 15:01:11

Version 1.21.156300
15:01:11.857 String "STR_DF_NAME" not found (not in localization table)
15:01:12.141 String "STR_server_shutdown" listed twice in "Global"
15:01:12.157 Localization not present: STR_DATE_FORMAT_SHORT
15:01:12.157 Localization not present: STR_TIME_FORMAT
15:01:12.157 Localization not present: STR_CONFIG_CONTROLLER_NORMAL_LOOK
15:01:12.157 Localization not present: STR_CONFIG_CONTROLLER_REVERSED_LOOK
15:01:12.157 Localization not present: STR_MP_VALIDERROR
15:01:12.157 Localization not present: STR_MP_CONNECTION_LOOSING
15:01:12.157 Localization not present: STR_MSG_MP_NO_PASSWORD
15:01:12.157 Localization not present: STR_MSG_LAUNCH_GAME
15:01:12.157 Localization not present: STR_LOAD_INIT
15:01:12.157 Localization not present: STR_LOAD_WORLD
15:01:12.157 Localization not present: STR_LOAD_GAME
15:01:12.157 Localization not present: STR_SAVE_GAME
15:01:12.157 Localization not present: STR_MP_CONNECT
15:01:12.157 Localization not present: STR_MP_DISCONNECT
15:01:12.157 Localization not present: STR_MP_CONNECTING
15:01:12.157 Localization not present: STR_MP_TIMEOUT
15:01:12.157 Localization not present: STR_DISP_CLIENT_TEXT_EDIT
15:01:12.157 Localization not present: STR_MP_LOGIN_QUEUE_FULL
15:01:12.160 Localization not present: STR_DATE_FORMAT_SHORT
15:01:12.160 Localization not present: STR_TIME_FORMAT
15:01:12.160 Localization not present: STR_CONFIG_CONTROLLER_NORMAL_LOOK
15:01:12.160 Localization not present: STR_CONFIG_CONTROLLER_REVERSED_LOOK
15:01:12.160 Localization not present: STR_MP_VALIDERROR
15:01:12.160 Localization not present: STR_MP_CONNECTION_LOOSING
15:01:12.160 Localization not present: STR_MSG_MP_NO_PASSWORD
15:01:12.160 Localization not present: STR_MSG_LAUNCH_GAME
15:01:12.160 Localization not present: STR_LOAD_INIT
15:01:12.160 Localization not present: STR_LOAD_WORLD
15:01:12.160 Localization not present: STR_LOAD_GAME
15:01:12.160 Localization not present: STR_SAVE_GAME
15:01:12.160 Localization not present: STR_MP_CONNECT
15:01:12.160 Localization not present: STR_MP_DISCONNECT
15:01:12.160 Localization not present: STR_MP_CONNECTING
15:01:12.160 Localization not present: STR_MP_TIMEOUT
15:01:12.160 Localization not present: STR_DISP_CLIENT_TEXT_EDIT
15:01:12.160 Localization not present: STR_MP_LOGIN_QUEUE_FULL
15:01:12.171 Initializing stats manager.
15:01:12.173 Stats config disabled.
15:01:13.619 Conflicting addon DayZExpansion_Sounds_Ground_Vehicle_Sedan_02 in 'DayZExpansion\Sounds\Vehicles\Ground\Sedan_02\', previous definition in 'DayZExpansion\Sounds\Vehicles\Ground\Bus\'
15:01:13.751 Conflicting addon Mass_Textures in 'MassTextures\masstextures\', previous definition in 'MassTextures\'
15:01:13.772 Conflicting addon Mass_Textures in 'MuchStuffPack\MSP_Storage_proxies\dependency\', previous definition in 'MassTextures\'
15:01:13.772 Conflicting addon MassBuildings in 'MuchStuffPack\MSP_Storage_proxies\dependency\', previous definition in 'MassBuildings\'
15:01:14.548 Updating base class All->AllVehicles, by DZ\data\config.bin/CfgVehicles/Man/
15:01:14.548 Updating base class WeaponMode_Base->, by DZ\data\config.bin/Mode_SemiAuto/
15:01:14.549 Updating base class Name->NameIcon, by DayZExpansion\Navigation\Worlds\locationtypes\config.bin/CfgLocationTypes/Hill/
15:01:14.549 Updating base class Hill->NameIcon, by DayZExpansion\Navigation\Worlds\locationtypes\config.bin/CfgLocationTypes/ViewPoint/
15:01:14.549 Updating base class Hill->NameIcon, by DayZExpansion\Navigation\Worlds\locationtypes\config.bin/CfgLocationTypes/RockArea/
15:01:14.549 Updating base class Hill->NameIcon, by DayZExpansion\Navigation\Worlds\locationtypes\config.bin/CfgLocationTypes/BorderCrossing/
15:01:14.549 Updating base class Hill->NameIcon, by DayZExpansion\Navigation\Worlds\locationtypes\config.bin/CfgLocationTypes/VegetationBroadleaf/
15:01:14.549 Updating base class Hill->NameIcon, by DayZExpansion\Navigation\Worlds\locationtypes\config.bin/CfgLocationTypes/VegetationFir/
15:01:14.549 Updating base class Hill->NameIcon, by DayZExpansion\Navigation\Worlds\locationtypes\config.bin/CfgLocationTypes/VegetationPalm/
15:01:14.549 Updating base class Hill->NameIcon, by DayZExpansion\Navigation\Worlds\locationtypes\config.bin/CfgLocationTypes/VegetationVineyard/
15:01:14.552 Updating base class ->Inventory_Base, by DayZExpansion\Objects\Misc\config.bin/CfgVehicles/ExpansionParkingMeter/
15:01:14.630 Updating base class ->Inventory_Base, by DZ\gear\camping\config.bin/CfgVehicles/Flag_Base/
15:01:14.764 Updating base class ->Rifle_Base, by DZ\weapons\firearms\m4\config.bin/cfgWeapons/M4A1_Base/
15:01:14.764 Updating base class ->M4A1_Base, by DZ\weapons\firearms\m4\config.bin/cfgWeapons/M4A1/
15:01:14.769 Updating base class ->CAWorld, by DZ\worlds\enoch\world\config.bin/CfgWorlds/Enoch/
15:01:14.774 Updating base class ->Names, by JM\COT\GUI\config.bin/CfgWorlds/ChernarusPlus/Names/
15:01:14.774 Updating base class ->Settlement_Chernogorsk, by JM\COT\GUI\config.bin/CfgWorlds/ChernarusPlus/Names/Settlement_Chernogorsk/
15:01:14.774 Updating base class ->Settlement_Novodmitrovsk, by JM\COT\GUI\config.bin/CfgWorlds/ChernarusPlus/Names/Settlement_Novodmitrovsk/
15:01:14.774 Updating base class ->Settlement_Novoselki, by JM\COT\GUI\config.bin/CfgWorlds/ChernarusPlus/Names/Settlement_Novoselki/
15:01:14.774 Updating base class ->Settlement_Dubovo, by JM\COT\GUI\config.bin/CfgWorlds/ChernarusPlus/Names/Settlement_Dubovo/
15:01:14.774 Updating base class ->Settlement_Vysotovo, by JM\COT\GUI\config.bin/CfgWorlds/ChernarusPlus/Names/Settlement_Vysotovo/
15:01:14.774 Updating base class ->Settlement_Zelenogorsk, by JM\COT\GUI\config.bin/CfgWorlds/ChernarusPlus/Names/Settlement_Zelenogorsk/
15:01:14.774 Updating base class ->Settlement_Berezino, by JM\COT\GUI\config.bin/CfgWorlds/ChernarusPlus/Names/Settlement_Berezino/
15:01:14.774 Updating base class ->Settlement_Elektrozavodsk, by JM\COT\GUI\config.bin/CfgWorlds/ChernarusPlus/Names/Settlement_Elektrozavodsk/
15:01:14.774 Updating base class ->Settlement_NovayaPetrovka, by JM\COT\GUI\config.bin/CfgWorlds/ChernarusPlus/Names/Settlement_NovayaPetrovka/
15:01:14.774 Updating base class ->Settlement_Gorka, by JM\COT\GUI\config.bin/CfgWorlds/ChernarusPlus/Names/Settlement_Gorka/
15:01:14.774 Updating base class ->Settlement_Solnechny, by JM\COT\GUI\config.bin/CfgWorlds/ChernarusPlus/Names/Settlement_Solnechny/
15:01:14.774 Updating base class ->Settlement_StarySobor, by JM\COT\GUI\config.bin/CfgWorlds/ChernarusPlus/Names/Settlement_StarySobor/
15:01:14.774 Updating base class ->Settlement_Vybor, by JM\COT\GUI\config.bin/CfgWorlds/ChernarusPlus/Names/Settlement_Vybor/
15:01:14.774 Updating base class ->Settlement_Severograd, by JM\COT\GUI\config.bin/CfgWorlds/ChernarusPlus/Names/Settlement_Severograd/
15:01:14.774 Updating base class ->Settlement_Bor, by JM\COT\GUI\config.bin/CfgWorlds/ChernarusPlus/Names/Settlement_Bor/
15:01:14.774 Updating base class ->Settlement_Svetloyarsk, by JM\COT\GUI\config.bin/CfgWorlds/ChernarusPlus/Names/Settlement_Svetloyarsk/
15:01:14.774 Updating base class ->Settlement_Krasnostav, by JM\COT\GUI\config.bin/CfgWorlds/ChernarusPlus/Names/Settlement_Krasnostav/
15:01:14.774 Updating base class ->Settlement_ChernayaPolyana, by JM\COT\GUI\config.bin/CfgWorlds/ChernarusPlus/Names/Settlement_ChernayaPolyana/
15:01:14.774 Updating base class ->Settlement_Polyana, by JM\COT\GUI\config.bin/CfgWorlds/ChernarusPlus/Names/Settlement_Polyana/
15:01:14.774 Updating base class ->Settlement_Tulga, by JM\COT\GUI\config.bin/CfgWorlds/ChernarusPlus/Names/Settlement_Tulga/
15:01:14.774 Updating base class ->Settlement_Msta, by JM\COT\GUI\config.bin/CfgWorlds/ChernarusPlus/Names/Settlement_Msta/
15:01:14.774 Updating base class ->Settlement_Staroye, by JM\COT\GUI\config.bin/CfgWorlds/ChernarusPlus/Names/Settlement_Staroye/
15:01:14.774 Updating base class ->Settlement_Shakhovka, by JM\COT\GUI\config.bin/CfgWorlds/ChernarusPlus/Names/Settlement_Shakhovka/
15:01:14.774 Updating base class ->Settlement_Dolina, by JM\COT\GUI\config.bin/CfgWorlds/ChernarusPlus/Names/Settlement_Dolina/
15:01:14.774 Updating base class ->Settlement_Orlovets, by JM\COT\GUI\config.bin/CfgWorlds/ChernarusPlus/Names/Settlement_Orlovets/
15:01:14.774 Updating base class ->Settlement_NovySobor, by JM\COT\GUI\config.bin/CfgWorlds/ChernarusPlus/Names/Settlement_NovySobor/
15:01:14.774 Updating base class ->Settlement_Kabanino, by JM\COT\GUI\config.bin/CfgWorlds/ChernarusPlus/Names/Settlement_Kabanino/
15:01:14.774 Updating base class ->Settlement_Mogilevka, by JM\COT\GUI\config.bin/CfgWorlds/ChernarusPlus/Names/Settlement_Mogilevka/
15:01:14.774 Updating base class ->Settlement_Nadezhdino, by JM\COT\GUI\config.bin/CfgWorlds/ChernarusPlus/Names/Settlement_Nadezhdino/
15:01:14.774 Updating base class ->Settlement_Guglovo, by JM\COT\GUI\config.bin/CfgWorlds/ChernarusPlus/Names/Settlement_Guglovo/
15:01:14.774 Updating base class ->Settlement_Kamyshovo, by JM\COT\GUI\config.bin/CfgWorlds/ChernarusPlus/Names/Settlement_Kamyshovo/
15:01:14.774 Updating base class ->Settlement_Pusta, by JM\COT\GUI\config.bin/CfgWorlds/ChernarusPlus/Names/Settlement_Pusta/
15:01:14.774 Updating base class ->Settlement_Dubrovka, by JM\COT\GUI\config.bin/CfgWorlds/ChernarusPlus/Names/Settlement_Dubrovka/
15:01:14.774 Updating base class ->Settlement_VyshnayaDubrovka, by JM\COT\GUI\config.bin/CfgWorlds/ChernarusPlus/Names/Settlement_VyshnayaDubrovka/
15:01:14.774 Updating base class ->Settlement_Khelm, by JM\COT\GUI\config.bin/CfgWorlds/ChernarusPlus/Names/Settlement_Khelm/
15:01:14.774 Updating base class ->Settlement_Olsha, by JM\COT\GUI\config.bin/CfgWorlds/ChernarusPlus/Names/Settlement_Olsha/
15:01:14.774 Updating base class ->Settlement_Gvozdno, by JM\COT\GUI\config.bin/CfgWorlds/ChernarusPlus/Names/Settlement_Gvozdno/
15:01:14.774 Updating base class ->Settlement_Grishino, by JM\COT\GUI\config.bin/CfgWorlds/ChernarusPlus/Names/Settlement_Grishino/
15:01:14.774 Updating base class ->Settlement_Rogovo, by JM\COT\GUI\config.bin/CfgWorlds/ChernarusPlus/Names/Settlement_Rogovo/
15:01:14.774 Updating base class ->Settlement_Pogorevka, by JM\COT\GUI\config.bin/CfgWorlds/ChernarusPlus/Names/Settlement_Pogorevka/
15:01:14.774 Updating base class ->Settlement_Pustoshka, by JM\COT\GUI\config.bin/CfgWorlds/ChernarusPlus/Names/Settlement_Pustoshka/
15:01:14.775 Updating base class ->Settlement_Kozlovka, by JM\COT\GUI\config.bin/CfgWorlds/ChernarusPlus/Names/Settlement_Kozlovka/
15:01:14.775 Updating base class ->Settlement_Karmanovka, by JM\COT\GUI\config.bin/CfgWorlds/ChernarusPlus/Names/Settlement_Karmanovka/
15:01:14.775 Updating base class ->Settlement_Balota, by JM\COT\GUI\config.bin/CfgWorlds/ChernarusPlus/Names/Settlement_Balota/
15:01:14.775 Updating base class ->Settlement_Komarovo, by JM\COT\GUI\config.bin/CfgWorlds/ChernarusPlus/Names/Settlement_Komarovo/
15:01:14.775 Updating base class ->Settlement_Kamenka, by JM\COT\GUI\config.bin/CfgWorlds/ChernarusPlus/Names/Settlement_Kamenka/
15:01:14.775 Updating base class ->Settlement_Myshkino, by JM\COT\GUI\config.bin/CfgWorlds/ChernarusPlus/Names/Settlement_Myshkino/
15:01:14.775 Updating base class ->Settlement_Pavlovo, by JM\COT\GUI\config.bin/CfgWorlds/ChernarusPlus/Names/Settlement_Pavlovo/
15:01:14.775 Updating base class ->Settlement_Lopatino, by JM\COT\GUI\config.bin/CfgWorlds/ChernarusPlus/Names/Settlement_Lopatino/
15:01:14.775 Updating base class ->Settlement_Vyshnoye, by JM\COT\GUI\config.bin/CfgWorlds/ChernarusPlus/Names/Settlement_Vyshnoye/
15:01:14.775 Updating base class ->Settlement_Prigorodki, by JM\COT\GUI\config.bin/CfgWorlds/ChernarusPlus/Names/Settlement_Prigorodki/
15:01:14.775 Updating base class ->Settlement_Drozhino, by JM\COT\GUI\config.bin/CfgWorlds/ChernarusPlus/Names/Settlement_Drozhino/
15:01:14.775 Updating base class ->Settlement_Sosnovka, by JM\COT\GUI\config.bin/CfgWorlds/ChernarusPlus/Names/Settlement_Sosnovka/
15:01:14.775 Updating base class ->Settlement_Nizhneye, by JM\COT\GUI\config.bin/CfgWorlds/ChernarusPlus/Names/Settlement_Nizhneye/
15:01:14.775 Updating base class ->Settlement_Pulkovo, by JM\COT\GUI\config.bin/CfgWorlds/ChernarusPlus/Names/Settlement_Pulkovo/
15:01:14.775 Updating base class ->Settlement_Berezhki, by JM\COT\GUI\config.bin/CfgWorlds/ChernarusPlus/Names/Settlement_Berezhki/
15:01:14.775 Updating base class ->Settlement_Turovo, by JM\COT\GUI\config.bin/CfgWorlds/ChernarusPlus/Names/Settlement_Turovo/
15:01:14.775 Updating base class ->Settlement_BelayaPolyana, by JM\COT\GUI\config.bin/CfgWorlds/ChernarusPlus/Names/Settlement_BelayaPolyana/
15:01:14.775 Updating base class ->Settlement_Dobroye, by JM\COT\GUI\config.bin/CfgWorlds/ChernarusPlus/Names/Settlement_Dobroye/
15:01:14.775 Updating base class ->Settlement_Nagornoye, by JM\COT\GUI\config.bin/CfgWorlds/ChernarusPlus/Names/Settlement_Nagornoye/
15:01:14.775 Updating base class ->Settlement_Svergino, by JM\COT\GUI\config.bin/CfgWorlds/ChernarusPlus/Names/Settlement_Svergino/
15:01:14.775 Updating base class ->Settlement_Ratnoye, by JM\COT\GUI\config.bin/CfgWorlds/ChernarusPlus/Names/Settlement_Ratnoye/
15:01:14.775 Updating base class ->Settlement_Kamensk, by JM\COT\GUI\config.bin/CfgWorlds/ChernarusPlus/Names/Settlement_Kamensk/
15:01:14.775 Updating base class ->Settlement_Krasnoye, by JM\COT\GUI\config.bin/CfgWorlds/ChernarusPlus/Names/Settlement_Krasnoye/
15:01:14.775 Updating base class ->Settlement_StaryYar, by JM\COT\GUI\config.bin/CfgWorlds/ChernarusPlus/Names/Settlement_StaryYar/
15:01:14.775 Updating base class ->Settlement_Polesovo, by JM\COT\GUI\config.bin/CfgWorlds/ChernarusPlus/Names/Settlement_Polesovo/
15:01:14.775 Updating base class ->Settlement_Tisy, by JM\COT\GUI\config.bin/CfgWorlds/ChernarusPlus/Names/Settlement_Tisy/
15:01:14.775 Updating base class ->Settlement_Topolniki, by JM\COT\GUI\config.bin/CfgWorlds/ChernarusPlus/Names/Settlement_Topolniki/
15:01:14.775 Updating base class ->Settlement_Zaprudnoye, by JM\COT\GUI\config.bin/CfgWorlds/ChernarusPlus/Names/Settlement_Zaprudnoye/
15:01:14.775 Updating base class ->Settlement_Sinystok, by JM\COT\GUI\config.bin/CfgWorlds/ChernarusPlus/Names/Settlement_Sinystok/
15:01:14.775 Updating base class ->Settlement_Vavilovo, by JM\COT\GUI\config.bin/CfgWorlds/ChernarusPlus/Names/Settlement_Vavilovo/
15:01:14.775 Updating base class ->Settlement_Kumyrna, by JM\COT\GUI\config.bin/CfgWorlds/ChernarusPlus/Names/Settlement_Kumyrna/
15:01:14.775 Updating base class ->Settlement_Kalinovka, by JM\COT\GUI\config.bin/CfgWorlds/ChernarusPlus/Names/Settlement_Kalinovka/
15:01:14.775 Updating base class ->Settlement_Bogatyrka, by JM\COT\GUI\config.bin/CfgWorlds/ChernarusPlus/Names/Settlement_Bogatyrka/
15:01:14.775 Updating base class ->Settlement_SvyatoyRomanSkiResort, by JM\COT\GUI\config.bin/CfgWorlds/ChernarusPlus/Names/Settlement_SvyatoyRomanSkiResort/
15:01:14.775 Updating base class ->Settlement_SKVSChBiathlonArena, by JM\COT\GUI\config.bin/CfgWorlds/ChernarusPlus/Names/Settlement_SKVSChBiathlonArena/
15:01:14.775 Updating base class ->Settlement_Zvir, by JM\COT\GUI\config.bin/CfgWorlds/ChernarusPlus/Names/Settlement_Zvir/
15:01:14.775 Updating base class ->Settlement_Zabolotye, by JM\COT\GUI\config.bin/CfgWorlds/ChernarusPlus/Names/Settlement_Zabolotye/
15:01:14.775 Updating base class ->Settlement_Galkino, by JM\COT\GUI\config.bin/CfgWorlds/ChernarusPlus/Names/Settlement_Galkino/
15:01:14.775 Updating base class ->Camp_Arsenovo, by JM\COT\GUI\config.bin/CfgWorlds/ChernarusPlus/Names/Camp_Arsenovo/
15:01:14.775 Updating base class ->Camp_Stroytel, by JM\COT\GUI\config.bin/CfgWorlds/ChernarusPlus/Names/Camp_Stroytel/
15:01:14.775 Updating base class ->Camp_Romashka, by JM\COT\GUI\config.bin/CfgWorlds/ChernarusPlus/Names/Camp_Romashka/
15:01:14.775 Updating base class ->Camp_Kometa, by JM\COT\GUI\config.bin/CfgWorlds/ChernarusPlus/Names/Camp_Kometa/
15:01:14.775 Updating base class ->Camp_Druzhba, by JM\COT\GUI\config.bin/CfgWorlds/ChernarusPlus/Names/Camp_Druzhba/
15:01:14.775 Updating base class ->Camp_Nadezhda, by JM\COT\GUI\config.bin/CfgWorlds/ChernarusPlus/Names/Camp_Nadezhda/
15:01:14.775 Updating base class ->Camp_YouthPioneer, by JM\COT\GUI\config.bin/CfgWorlds/ChernarusPlus/Names/Camp_YouthPioneer/
15:01:14.775 Updating base class ->Camp_ProudChernarus, by JM\COT\GUI\config.bin/CfgWorlds/ChernarusPlus/Names/Camp_ProudChernarus/
15:01:14.775 Updating base class ->Camp_Shkolnik, by JM\COT\GUI\config.bin/CfgWorlds/ChernarusPlus/Names/Camp_Shkolnik/
15:01:14.775 Updating base class ->Camp_Pobeda, by JM\COT\GUI\config.bin/CfgWorlds/ChernarusPlus/Names/Camp_Pobeda/
15:01:14.775 Updating base class ->Camp_Metalurg, by JM\COT\GUI\config.bin/CfgWorlds/ChernarusPlus/Names/Camp_Metalurg/
15:01:14.775 Updating base class ->Hill_Zelenayagora, by JM\COT\GUI\config.bin/CfgWorlds/ChernarusPlus/Names/Hill_Zelenayagora/
15:01:14.775 Updating base class ->Local_Dichina, by JM\COT\GUI\config.bin/CfgWorlds/ChernarusPlus/Names/Local_Dichina/
15:01:14.775 Updating base class ->Local_Novylug, by JM\COT\GUI\config.bin/CfgWorlds/ChernarusPlus/Names/Local_Novylug/
15:01:14.775 Updating base class ->Local_Staryeluga, by JM\COT\GUI\config.bin/CfgWorlds/ChernarusPlus/Names/Local_Staryeluga/
15:01:14.775 Updating base class ->Hill_Vysota, by JM\COT\GUI\config.bin/CfgWorlds/ChernarusPlus/Names/Hill_Vysota/
15:01:14.775 Updating base class ->Hill_Kopyto, by JM\COT\GUI\config.bin/CfgWorlds/ChernarusPlus/Names/Hill_Kopyto/
15:01:14.775 Updating base class ->Local_Grubyeskaly, by JM\COT\GUI\config.bin/CfgWorlds/ChernarusPlus/Names/Local_Grubyeskaly/
15:01:14.775 Updating base class ->Local_Chernyles, by JM\COT\GUI\config.bin/CfgWorlds/ChernarusPlus/Names/Local_Chernyles/
15:01:14.775 Updating base class ->Hill_Altar, by JM\COT\GUI\config.bin/CfgWorlds/ChernarusPlus/Names/Hill_Altar/
15:01:14.775 Updating base class ->Local_RadioZenit, by JM\COT\GUI\config.bin/CfgWorlds/ChernarusPlus/Names/Local_RadioZenit/
15:01:14.775 Updating base class ->Hill_PikKozlova, by JM\COT\GUI\config.bin/CfgWorlds/ChernarusPlus/Names/Hill_PikKozlova/
15:01:14.775 Updating base class ->Local_Pustoykhrebet, by JM\COT\GUI\config.bin/CfgWorlds/ChernarusPlus/Names/Local_Pustoykhrebet/
15:01:14.775 Updating base class ->Hill_Bashnya, by JM\COT\GUI\config.bin/CfgWorlds/ChernarusPlus/Names/Hill_Bashnya/
15:01:14.775 Updating base class ->Hill_Veresnik, by JM\COT\GUI\config.bin/CfgWorlds/ChernarusPlus/Names/Hill_Veresnik/
15:01:14.775 Updating base class ->Hill_Kurgan, by JM\COT\GUI\config.bin/CfgWorlds/ChernarusPlus/Names/Hill_Kurgan/
15:01:14.775 Updating base class ->Hill_Kustryk, by JM\COT\GUI\config.bin/CfgWorlds/ChernarusPlus/Names/Hill_Kustryk/
15:01:14.775 Updating base class ->Hill_Vetryanayagora, by JM\COT\GUI\config.bin/CfgWorlds/ChernarusPlus/Names/Hill_Vetryanayagora/
15:01:14.775 Updating base class ->Hill_Kalmyk, by JM\COT\GUI\config.bin/CfgWorlds/ChernarusPlus/Names/Hill_Kalmyk/
15:01:14.775 Updating base class ->Hill_PopIvan, by JM\COT\GUI\config.bin/CfgWorlds/ChernarusPlus/Names/Hill_PopIvan/
15:01:14.775 Updating base class ->Hill_Erbenka, by JM\COT\GUI\config.bin/CfgWorlds/ChernarusPlus/Names/Hill_Erbenka/
15:01:14.775 Updating base class ->Local_Lesnoykhrebet, by JM\COT\GUI\config.bin/CfgWorlds/ChernarusPlus/Names/Local_Lesnoykhrebet/
15:01:14.775 Updating base class ->Hill_Vysokiykamen, by JM\COT\GUI\config.bin/CfgWorlds/ChernarusPlus/Names/Hill_Vysokiykamen/
15:01:14.775 Updating base class ->Hill_Dobry, by JM\COT\GUI\config.bin/CfgWorlds/ChernarusPlus/Names/Hill_Dobry/
15:01:14.775 Updating base class ->Hill_Baranchik, by JM\COT\GUI\config.bin/CfgWorlds/ChernarusPlus/Names/Hill_Baranchik/
15:01:14.775 Updating base class ->Hill_Malinovka, by JM\COT\GUI\config.bin/CfgWorlds/ChernarusPlus/Names/Hill_Malinovka/
15:01:14.775 Updating base class ->Hill_Dubina, by JM\COT\GUI\config.bin/CfgWorlds/ChernarusPlus/Names/Hill_Dubina/
15:01:14.775 Updating base class ->Hill_Klen, by JM\COT\GUI\config.bin/CfgWorlds/ChernarusPlus/Names/Hill_Klen/
15:01:14.775 Updating base class ->Hill_Chernayagora, by JM\COT\GUI\config.bin/CfgWorlds/ChernarusPlus/Names/Hill_Chernayagora/
15:01:14.775 Updating base class ->Ruin_Zolotar, by JM\COT\GUI\config.bin/CfgWorlds/ChernarusPlus/Names/Ruin_Zolotar/
15:01:14.775 Updating base class ->Hill_Ostry, by JM\COT\GUI\config.bin/CfgWorlds/ChernarusPlus/Names/Hill_Ostry/
15:01:14.775 Updating base class ->Hill_Olsha, by JM\COT\GUI\config.bin/CfgWorlds/ChernarusPlus/Names/Hill_Olsha/
15:01:14.775 Updating base class ->Marine_Tikhiyzaliv, by JM\COT\GUI\config.bin/CfgWorlds/ChernarusPlus/Names/Marine_Tikhiyzaliv/
15:01:14.775 Updating base class ->Marine_Mutnyizaliv, by JM\COT\GUI\config.bin/CfgWorlds/ChernarusPlus/Names/Marine_Mutnyizaliv/
15:01:14.775 Updating base class ->Marine_Chernyzaliv, by JM\COT\GUI\config.bin/CfgWorlds/ChernarusPlus/Names/Marine_Chernyzaliv/
15:01:14.775 Updating base class ->Marine_Zelenyzaliv, by JM\COT\GUI\config.bin/CfgWorlds/ChernarusPlus/Names/Marine_Zelenyzaliv/
15:01:14.775 Updating base class ->Marine_Skalistyproliv, by JM\COT\GUI\config.bin/CfgWorlds/ChernarusPlus/Names/Marine_Skalistyproliv/
15:01:14.775 Updating base class ->Marine_Nizhniyzaliv, by JM\COT\GUI\config.bin/CfgWorlds/ChernarusPlus/Names/Marine_Nizhniyzaliv/
15:01:14.775 Updating base class ->Marine_ZalivGuba, by JM\COT\GUI\config.bin/CfgWorlds/ChernarusPlus/Names/Marine_ZalivGuba/
15:01:14.775 Updating base class ->Marine_Rify, by JM\COT\GUI\config.bin/CfgWorlds/ChernarusPlus/Names/Marine_Rify/
15:01:14.775 Updating base class ->Marine_Ivovoyeozero, by JM\COT\GUI\config.bin/CfgWorlds/ChernarusPlus/Names/Marine_Ivovoyeozero/
15:01:14.775 Updating base class ->Marine_Chernoyeozero, by JM\COT\GUI\config.bin/CfgWorlds/ChernarusPlus/Names/Marine_Chernoyeozero/
15:01:14.775 Updating base class ->Marine_PlotinaTopolka, by JM\COT\GUI\config.bin/CfgWorlds/ChernarusPlus/Names/Marine_PlotinaTopolka/
15:01:14.775 Updating base class ->Marine_PlotinaPobeda, by JM\COT\GUI\config.bin/CfgWorlds/ChernarusPlus/Names/Marine_PlotinaPobeda/
15:01:14.775 Updating base class ->Marine_PlotinaTishina, by JM\COT\GUI\config.bin/CfgWorlds/ChernarusPlus/Names/Marine_PlotinaTishina/
15:01:14.775 Updating base class ->Marine_Ozerko, by JM\COT\GUI\config.bin/CfgWorlds/ChernarusPlus/Names/Marine_Ozerko/
15:01:14.775 Updating base class ->Marine_Prud, by JM\COT\GUI\config.bin/CfgWorlds/ChernarusPlus/Names/Marine_Prud/
15:01:14.775 Updating base class ->Ruin_Chortovzamok, by JM\COT\GUI\config.bin/CfgWorlds/ChernarusPlus/Names/Ruin_Chortovzamok/
15:01:14.775 Updating base class ->Ruin_Zub, by JM\COT\GUI\config.bin/CfgWorlds/ChernarusPlus/Names/Ruin_Zub/
15:01:14.775 Updating base class ->Ruin_Rog, by JM\COT\GUI\config.bin/CfgWorlds/ChernarusPlus/Names/Ruin_Rog/
15:01:14.775 Updating base class ->Local_Grozovypereval, by JM\COT\GUI\config.bin/CfgWorlds/ChernarusPlus/Names/Local_Grozovypereval/
15:01:14.775 Updating base class ->Local_Sosnovypereval, by JM\COT\GUI\config.bin/CfgWorlds/ChernarusPlus/Names/Local_Sosnovypereval/
15:01:14.775 Updating base class ->Local_PerevalOreshka, by JM\COT\GUI\config.bin/CfgWorlds/ChernarusPlus/Names/Local_PerevalOreshka/
15:01:14.775 Updating base class ->Local_Turovskiypereval, by JM\COT\GUI\config.bin/CfgWorlds/ChernarusPlus/Names/Local_Turovskiypereval/
15:01:14.775 Updating base class ->Local_Tridoliny, by JM\COT\GUI\config.bin/CfgWorlds/ChernarusPlus/Names/Local_Tridoliny/
15:01:14.775 Updating base class ->Local_Grozovyedoly, by JM\COT\GUI\config.bin/CfgWorlds/ChernarusPlus/Names/Local_Grozovyedoly/
15:01:14.775 Updating base class ->Ruin_Klyuch, by JM\COT\GUI\config.bin/CfgWorlds/ChernarusPlus/Names/Ruin_Klyuch/
15:01:14.775 Updating base class ->Hill_Lysayagora, by JM\COT\GUI\config.bin/CfgWorlds/ChernarusPlus/Names/Hill_Lysayagora/
15:01:14.775 Updating base class ->Marine_Glubokoyeozero, by JM\COT\GUI\config.bin/CfgWorlds/ChernarusPlus/Names/Marine_Glubokoyeozero/
15:01:14.775 Updating base class ->Local_Skalka, by JM\COT\GUI\config.bin/CfgWorlds/ChernarusPlus/Names/Local_Skalka/
15:01:14.775 Updating base class ->Local_Vidy, by JM\COT\GUI\config.bin/CfgWorlds/ChernarusPlus/Names/Local_Vidy/
15:01:14.775 Updating base class ->Hill_Tumannyverkh, by JM\COT\GUI\config.bin/CfgWorlds/ChernarusPlus/Names/Hill_Tumannyverkh/
15:01:14.775 Updating base class ->Local_Adamovka, by JM\COT\GUI\config.bin/CfgWorlds/ChernarusPlus/Names/Local_Adamovka/
15:01:14.775 Updating base class ->Hill_Shishok, by JM\COT\GUI\config.bin/CfgWorlds/ChernarusPlus/Names/Hill_Shishok/
15:01:14.775 Updating base class ->Settlement_Skalisty, by JM\COT\GUI\config.bin/CfgWorlds/ChernarusPlus/Names/Settlement_Skalisty/
15:01:14.775 Updating base class ->Ruin_Storozh, by JM\COT\GUI\config.bin/CfgWorlds/ChernarusPlus/Names/Ruin_Storozh/
15:01:14.775 Updating base class ->Local_Drakon, by JM\COT\GUI\config.bin/CfgWorlds/ChernarusPlus/Names/Local_Drakon/
15:01:14.775 Updating base class ->Local_Otmel, by JM\COT\GUI\config.bin/CfgWorlds/ChernarusPlus/Names/Local_Otmel/
15:01:14.775 Updating base class ->Local_MysGolova, by JM\COT\GUI\config.bin/CfgWorlds/ChernarusPlus/Names/Local_MysGolova/
15:01:14.775 Updating base class ->Local_MysKrutoy, by JM\COT\GUI\config.bin/CfgWorlds/ChernarusPlus/Names/Local_MysKrutoy/
15:01:14.775 Updating base class ->Hill_Tokarnya, by JM\COT\GUI\config.bin/CfgWorlds/ChernarusPlus/Names/Hill_Tokarnya/
15:01:14.775 Updating base class ->Hill_Ostrog, by JM\COT\GUI\config.bin/CfgWorlds/ChernarusPlus/Names/Hill_Ostrog/
15:01:14.775 Updating base class ->Local_Maryanka, by JM\COT\GUI\config.bin/CfgWorlds/ChernarusPlus/Names/Local_Maryanka/
15:01:14.775 Updating base class ->Local_Polonina, by JM\COT\GUI\config.bin/CfgWorlds/ChernarusPlus/Names/Local_Polonina/
15:01:14.775 Updating base class ->Local_Kalinka, by JM\COT\GUI\config.bin/CfgWorlds/ChernarusPlus/Names/Local_Kalinka/
15:01:14.775 Updating base class ->Hill_Kikimora, by JM\COT\GUI\config.bin/CfgWorlds/ChernarusPlus/Names/Hill_Kikimora/
15:01:14.775 Updating base class ->Hill_BolshoyKotel, by JM\COT\GUI\config.bin/CfgWorlds/ChernarusPlus/Names/Hill_BolshoyKotel/
15:01:14.775 Updating base class ->Hill_Simurg, by JM\COT\GUI\config.bin/CfgWorlds/ChernarusPlus/Names/Hill_Simurg/
15:01:14.775 Updating base class ->Hill_Volchiypik, by JM\COT\GUI\config.bin/CfgWorlds/ChernarusPlus/Names/Hill_Volchiypik/
15:01:14.775 Updating base class ->Ruin_Krona, by JM\COT\GUI\config.bin/CfgWorlds/ChernarusPlus/Names/Ruin_Krona/
15:01:14.775 Updating base class ->Local_TriKresta, by JM\COT\GUI\config.bin/CfgWorlds/ChernarusPlus/Names/Local_TriKresta/
15:01:14.775 Updating base class ->Local_Rostoki, by JM\COT\GUI\config.bin/CfgWorlds/ChernarusPlus/Names/Local_Rostoki/
15:01:14.775 Updating base class ->Marine_OrlyeOzero, by JM\COT\GUI\config.bin/CfgWorlds/ChernarusPlus/Names/Marine_OrlyeOzero/
15:01:14.775 Updating base class ->Local_Makosh, by JM\COT\GUI\config.bin/CfgWorlds/ChernarusPlus/Names/Local_Makosh/
15:01:14.775 Updating base class ->Local_Klenovyipereval, by JM\COT\GUI\config.bin/CfgWorlds/ChernarusPlus/Names/Local_Klenovyipereval/
15:01:14.775 Updating base class ->Local_Zmeinykhrebet, by JM\COT\GUI\config.bin/CfgWorlds/ChernarusPlus/Names/Local_Zmeinykhrebet/
15:01:14.775 Updating base class ->Hill_Sokol, by JM\COT\GUI\config.bin/CfgWorlds/ChernarusPlus/Names/Hill_Sokol/
15:01:14.775 Updating base class ->Local_Krutyeskaly, by JM\COT\GUI\config.bin/CfgWorlds/ChernarusPlus/Names/Local_Krutyeskaly/
15:01:14.775 Updating base class ->Local_Bogat, by JM\COT\GUI\config.bin/CfgWorlds/ChernarusPlus/Names/Local_Bogat/
15:01:14.775 Updating base class ->Local_Dubnik, by JM\COT\GUI\config.bin/CfgWorlds/ChernarusPlus/Names/Local_Dubnik/
15:01:14.775 Updating base class ->Hill_Viselitsa, by JM\COT\GUI\config.bin/CfgWorlds/ChernarusPlus/Names/Hill_Viselitsa/
15:01:14.775 Updating base class ->Local_Dazhbog, by JM\COT\GUI\config.bin/CfgWorlds/ChernarusPlus/Names/Local_Dazhbog/
15:01:14.775 Updating base class ->Marine_Verbnik, by JM\COT\GUI\config.bin/CfgWorlds/ChernarusPlus/Names/Marine_Verbnik/
15:01:14.775 Updating base class ->Local_Medvezhilugi, by JM\COT\GUI\config.bin/CfgWorlds/ChernarusPlus/Names/Local_Medvezhilugi/
15:01:14.775 Updating base class ->Ruin_Voron, by JM\COT\GUI\config.bin/CfgWorlds/ChernarusPlus/Names/Ruin_Voron/
15:01:14.775 Updating base class ->Ruin_Gnomovzamok, by JM\COT\GUI\config.bin/CfgWorlds/ChernarusPlus/Names/Ruin_Gnomovzamok/
15:01:14.775 Updating base class ->Marine_Glaza, by JM\COT\GUI\config.bin/CfgWorlds/ChernarusPlus/Names/Marine_Glaza/
15:01:14.775 Updating base class ->Local_KarerKrasnayaZarya, by JM\COT\GUI\config.bin/CfgWorlds/ChernarusPlus/Names/Local_KarerKrasnayaZarya/
15:01:14.775 Updating base class ->Local_Matveyevo, by JM\COT\GUI\config.bin/CfgWorlds/ChernarusPlus/Names/Local_Matveyevo/
15:01:14.775 Updating base class ->Local_Kotka, by JM\COT\GUI\config.bin/CfgWorlds/ChernarusPlus/Names/Local_Kotka/
15:01:14.775 Updating base class ->Local_Chernyeskaly, by JM\COT\GUI\config.bin/CfgWorlds/ChernarusPlus/Names/Local_Chernyeskaly/
15:01:14.775 Updating base class ->Hill_SvyatoyRoman, by JM\COT\GUI\config.bin/CfgWorlds/ChernarusPlus/Names/Hill_SvyatoyRoman/
15:01:14.775 Updating base class ->Hill_Koman, by JM\COT\GUI\config.bin/CfgWorlds/ChernarusPlus/Names/Hill_Koman/
15:01:14.775 Updating base class ->Hill_Mayak, by JM\COT\GUI\config.bin/CfgWorlds/ChernarusPlus/Names/Hill_Mayak/
15:01:14.775 Updating base class ->Local_MB_VMC, by JM\COT\GUI\config.bin/CfgWorlds/ChernarusPlus/Names/Local_MB_VMC/
15:01:14.775 Updating base class ->Local_MB_Tisy, by JM\COT\GUI\config.bin/CfgWorlds/ChernarusPlus/Names/Local_MB_Tisy/
15:01:14.775 Updating base class ->Local_MB_Kamensk, by JM\COT\GUI\config.bin/CfgWorlds/ChernarusPlus/Names/Local_MB_Kamensk/
15:01:14.775 Updating base class ->Local_MB_Zeleno, by JM\COT\GUI\config.bin/CfgWorlds/ChernarusPlus/Names/Local_MB_Zeleno/
15:01:14.775 Updating base class ->Local_MB_Pavlovo, by JM\COT\GUI\config.bin/CfgWorlds/ChernarusPlus/Names/Local_MB_Pavlovo/
15:01:14.775 Updating base class ->Local_AF_Balota, by JM\COT\GUI\config.bin/CfgWorlds/ChernarusPlus/Names/Local_AF_Balota/
15:01:14.775 Updating base class ->Local_AF_Krasno, by JM\COT\GUI\config.bin/CfgWorlds/ChernarusPlus/Names/Local_AF_Krasno/
15:01:14.775 Updating base class ->Local_AF_Vybor, by JM\COT\GUI\config.bin/CfgWorlds/ChernarusPlus/Names/Local_AF_Vybor/
15:01:14.834 Updating base class MapDefaults->, by DayZExpansion\Navigation\Worlds\chernarusplus\config.bin/RscMapControl/
15:01:14.835 Updating base class ->GUIInventoryAttachmentsProps, by DayZExpansion\Objects\Basebuilding\Vanilla\Tents\config.bin/CfgVehicles/MediumTent/GUIInventoryAttachmentsProps/
15:01:14.835 Updating base class ->GUIInventoryAttachmentsProps, by DayZExpansion\Objects\Basebuilding\Vanilla\Tents\config.bin/CfgVehicles/LargeTent/GUIInventoryAttachmentsProps/
15:01:14.835 Updating base class ->GUIInventoryAttachmentsProps, by DayZExpansion\Objects\Basebuilding\Vanilla\Tents\config.bin/CfgVehicles/CarTent/GUIInventoryAttachmentsProps/
15:01:14.835 Updating base class ->GUIInventoryAttachmentsProps, by DayZExpansion\Objects\Basebuilding\Vanilla\Tents\config.bin/CfgVehicles/PartyTent/GUIInventoryAttachmentsProps/
15:01:15.41 Updating base class ->GUIInventoryAttachmentsProps, by DayZExpansion\Vehicles\Ground\CivillianSedan\config.bin/CfgVehicles/CivilianSedan/GUIInventoryAttachmentsProps/
15:01:15.41 Updating base class ->Body, by DayZExpansion\Vehicles\Ground\CivillianSedan\config.bin/CfgVehicles/CivilianSedan/GUIInventoryAttachmentsProps/Body/
15:01:15.41 Updating base class DamageSystem->, by DayZExpansion\Vehicles\Ground\CivillianSedan\config.bin/CfgVehicles/CivSedanDoors_Driver/DamageSystem/
15:01:15.41 Updating base class GlobalHealth->, by DayZExpansion\Vehicles\Ground\CivillianSedan\config.bin/CfgVehicles/CivSedanDoors_Driver/DamageSystem/GlobalHealth/
15:01:15.41 Updating base class DamageZones->, by DayZExpansion\Vehicles\Ground\CivillianSedan\config.bin/CfgVehicles/CivSedanDoors_Driver/DamageSystem/DamageZones/
15:01:15.41 Updating base class Window->, by DayZExpansion\Vehicles\Ground\CivillianSedan\config.bin/CfgVehicles/CivSedanDoors_Driver/DamageSystem/DamageZones/Window/
15:01:15.41 Updating base class Health->, by DayZExpansion\Vehicles\Ground\CivillianSedan\config.bin/CfgVehicles/CivSedanDoors_Driver/DamageSystem/DamageZones/Window/Health/
15:01:15.42 Updating base class Doors->, by DayZExpansion\Vehicles\Ground\CivillianSedan\config.bin/CfgVehicles/CivSedanDoors_Driver/DamageSystem/DamageZones/Doors/
15:01:15.42 Updating base class Health->, by DayZExpansion\Vehicles\Ground\CivillianSedan\config.bin/CfgVehicles/CivSedanDoors_Driver/DamageSystem/DamageZones/Doors/Health/
15:01:15.48 Updating base class ->GUIInventoryAttachmentsProps, by DayZExpansion\Vehicles\Ground\Hatchback_02\config.bin/CfgVehicles/Hatchback_02/GUIInventoryAttachmentsProps/
15:01:15.48 Updating base class ->Body, by DayZExpansion\Vehicles\Ground\Hatchback_02\config.bin/CfgVehicles/Hatchback_02/GUIInventoryAttachmentsProps/Body/
15:01:15.48 Updating base class DamageSystem->, by DayZExpansion\Vehicles\Ground\Hatchback_02\config.bin/CfgVehicles/Hatchback_02_Door_1_1/DamageSystem/
15:01:15.48 Updating base class GlobalHealth->, by DayZExpansion\Vehicles\Ground\Hatchback_02\config.bin/CfgVehicles/Hatchback_02_Door_1_1/DamageSystem/GlobalHealth/
15:01:15.48 Updating base class DamageZones->, by DayZExpansion\Vehicles\Ground\Hatchback_02\config.bin/CfgVehicles/Hatchback_02_Door_1_1/DamageSystem/DamageZones/
15:01:15.48 Updating base class Window->, by DayZExpansion\Vehicles\Ground\Hatchback_02\config.bin/CfgVehicles/Hatchback_02_Door_1_1/DamageSystem/DamageZones/Window/
15:01:15.48 Updating base class Health->, by DayZExpansion\Vehicles\Ground\Hatchback_02\config.bin/CfgVehicles/Hatchback_02_Door_1_1/DamageSystem/DamageZones/Window/Health/
15:01:15.48 Updating base class Doors->, by DayZExpansion\Vehicles\Ground\Hatchback_02\config.bin/CfgVehicles/Hatchback_02_Door_1_1/DamageSystem/DamageZones/Doors/
15:01:15.48 Updating base class Health->, by DayZExpansion\Vehicles\Ground\Hatchback_02\config.bin/CfgVehicles/Hatchback_02_Door_1_1/DamageSystem/DamageZones/Doors/Health/
15:01:15.48 Updating base class DamageSystem->, by DayZExpansion\Vehicles\Ground\Hatchback_02\config.bin/CfgVehicles/Hatchback_02_Door_1_2/DamageSystem/
15:01:15.48 Updating base class GlobalHealth->, by DayZExpansion\Vehicles\Ground\Hatchback_02\config.bin/CfgVehicles/Hatchback_02_Door_1_2/DamageSystem/GlobalHealth/
15:01:15.48 Updating base class DamageZones->, by DayZExpansion\Vehicles\Ground\Hatchback_02\config.bin/CfgVehicles/Hatchback_02_Door_1_2/DamageSystem/DamageZones/
15:01:15.48 Updating base class Window->, by DayZExpansion\Vehicles\Ground\Hatchback_02\config.bin/CfgVehicles/Hatchback_02_Door_1_2/DamageSystem/DamageZones/Window/
15:01:15.48 Updating base class Health->, by DayZExpansion\Vehicles\Ground\Hatchback_02\config.bin/CfgVehicles/Hatchback_02_Door_1_2/DamageSystem/DamageZones/Window/Health/
15:01:15.48 Updating base class Doors->, by DayZExpansion\Vehicles\Ground\Hatchback_02\config.bin/CfgVehicles/Hatchback_02_Door_1_2/DamageSystem/DamageZones/Doors/
15:01:15.48 Updating base class Health->, by DayZExpansion\Vehicles\Ground\Hatchback_02\config.bin/CfgVehicles/Hatchback_02_Door_1_2/DamageSystem/DamageZones/Doors/Health/
15:01:15.49 Updating base class Hatchback_02_Door_1_1->CarDoor, by DayZExpansion\Vehicles\Ground\Hatchback_02\config.bin/CfgVehicles/Hatchback_02_Hood/
15:01:15.49 Updating base class Hatchback_02_Door_1_1->CarDoor, by DayZExpansion\Vehicles\Ground\Hatchback_02\config.bin/CfgVehicles/Hatchback_02_Trunk/
15:01:15.49 Updating base class DamageSystem->, by DayZExpansion\Vehicles\Ground\Hatchback_02\config.bin/CfgVehicles/Hatchback_02_Trunk/DamageSystem/
15:01:15.49 Updating base class GlobalHealth->, by DayZExpansion\Vehicles\Ground\Hatchback_02\config.bin/CfgVehicles/Hatchback_02_Trunk/DamageSystem/GlobalHealth/
15:01:15.65 Updating base class ->GUIInventoryAttachmentsProps, by DayZExpansion\Vehicles\Ground\OffroadHatchback\config.bin/CfgVehicles/OffroadHatchback/GUIInventoryAttachmentsProps/
15:01:15.65 Updating base class ->Body, by DayZExpansion\Vehicles\Ground\OffroadHatchback\config.bin/CfgVehicles/OffroadHatchback/GUIInventoryAttachmentsProps/Body/
15:01:15.65 Updating base class DamageSystem->, by DayZExpansion\Vehicles\Ground\OffroadHatchback\config.bin/CfgVehicles/HatchbackDoors_Driver/DamageSystem/
15:01:15.65 Updating base class GlobalHealth->, by DayZExpansion\Vehicles\Ground\OffroadHatchback\config.bin/CfgVehicles/HatchbackDoors_Driver/DamageSystem/GlobalHealth/
15:01:15.65 Updating base class DamageZones->, by DayZExpansion\Vehicles\Ground\OffroadHatchback\config.bin/CfgVehicles/HatchbackDoors_Driver/DamageSystem/DamageZones/
15:01:15.65 Updating base class Window->, by DayZExpansion\Vehicles\Ground\OffroadHatchback\config.bin/CfgVehicles/HatchbackDoors_Driver/DamageSystem/DamageZones/Window/
15:01:15.65 Updating base class Health->, by DayZExpansion\Vehicles\Ground\OffroadHatchback\config.bin/CfgVehicles/HatchbackDoors_Driver/DamageSystem/DamageZones/Window/Health/
15:01:15.65 Updating base class Doors->, by DayZExpansion\Vehicles\Ground\OffroadHatchback\config.bin/CfgVehicles/HatchbackDoors_Driver/DamageSystem/DamageZones/Doors/
15:01:15.65 Updating base class Health->, by DayZExpansion\Vehicles\Ground\OffroadHatchback\config.bin/CfgVehicles/HatchbackDoors_Driver/DamageSystem/DamageZones/Doors/Health/
15:01:15.65 Updating base class DamageSystem->, by DayZExpansion\Vehicles\Ground\OffroadHatchback\config.bin/CfgVehicles/HatchbackTrunk/DamageSystem/
15:01:15.72 Updating base class ->GUIInventoryAttachmentsProps, by DayZExpansion\Vehicles\Ground\Sedan_02\config.bin/CfgVehicles/Sedan_02/GUIInventoryAttachmentsProps/
15:01:15.72 Updating base class ->Body, by DayZExpansion\Vehicles\Ground\Sedan_02\config.bin/CfgVehicles/Sedan_02/GUIInventoryAttachmentsProps/Body/
15:01:15.73 Updating base class DamageSystem->, by DayZExpansion\Vehicles\Ground\Sedan_02\config.bin/CfgVehicles/Sedan_02_Door_1_1/DamageSystem/
15:01:15.73 Updating base class GlobalHealth->, by DayZExpansion\Vehicles\Ground\Sedan_02\config.bin/CfgVehicles/Sedan_02_Door_1_1/DamageSystem/GlobalHealth/
15:01:15.73 Updating base class DamageZones->, by DayZExpansion\Vehicles\Ground\Sedan_02\config.bin/CfgVehicles/Sedan_02_Door_1_1/DamageSystem/DamageZones/
15:01:15.73 Updating base class Window->, by DayZExpansion\Vehicles\Ground\Sedan_02\config.bin/CfgVehicles/Sedan_02_Door_1_1/DamageSystem/DamageZones/Window/
15:01:15.73 Updating base class Health->, by DayZExpansion\Vehicles\Ground\Sedan_02\config.bin/CfgVehicles/Sedan_02_Door_1_1/DamageSystem/DamageZones/Window/Health/
15:01:15.73 Updating base class Doors->, by DayZExpansion\Vehicles\Ground\Sedan_02\config.bin/CfgVehicles/Sedan_02_Door_1_1/DamageSystem/DamageZones/Doors/
15:01:15.73 Updating base class Health->, by DayZExpansion\Vehicles\Ground\Sedan_02\config.bin/CfgVehicles/Sedan_02_Door_1_1/DamageSystem/DamageZones/Doors/Health/
15:01:15.73 Updating base class DamageSystem->, by DayZExpansion\Vehicles\Ground\Sedan_02\config.bin/CfgVehicles/Sedan_02_Door_1_2/DamageSystem/
15:01:15.73 Updating base class GlobalHealth->, by DayZExpansion\Vehicles\Ground\Sedan_02\config.bin/CfgVehicles/Sedan_02_Door_1_2/DamageSystem/GlobalHealth/
15:01:15.73 Updating base class DamageZones->, by DayZExpansion\Vehicles\Ground\Sedan_02\config.bin/CfgVehicles/Sedan_02_Door_1_2/DamageSystem/DamageZones/
15:01:15.73 Updating base class Window->, by DayZExpansion\Vehicles\Ground\Sedan_02\config.bin/CfgVehicles/Sedan_02_Door_1_2/DamageSystem/DamageZones/Window/
15:01:15.73 Updating base class Health->, by DayZExpansion\Vehicles\Ground\Sedan_02\config.bin/CfgVehicles/Sedan_02_Door_1_2/DamageSystem/DamageZones/Window/Health/
15:01:15.73 Updating base class Doors->, by DayZExpansion\Vehicles\Ground\Sedan_02\config.bin/CfgVehicles/Sedan_02_Door_1_2/DamageSystem/DamageZones/Doors/
15:01:15.73 Updating base class Health->, by DayZExpansion\Vehicles\Ground\Sedan_02\config.bin/CfgVehicles/Sedan_02_Door_1_2/DamageSystem/DamageZones/Doors/Health/
15:01:15.73 Updating base class DamageSystem->, by DayZExpansion\Vehicles\Ground\Sedan_02\config.bin/CfgVehicles/Sedan_02_Door_2_2/DamageSystem/
15:01:15.73 Updating base class GlobalHealth->, by DayZExpansion\Vehicles\Ground\Sedan_02\config.bin/CfgVehicles/Sedan_02_Door_2_2/DamageSystem/GlobalHealth/
15:01:15.73 Updating base class DamageZones->, by DayZExpansion\Vehicles\Ground\Sedan_02\config.bin/CfgVehicles/Sedan_02_Door_2_2/DamageSystem/DamageZones/
15:01:15.73 Updating base class Window->, by DayZExpansion\Vehicles\Ground\Sedan_02\config.bin/CfgVehicles/Sedan_02_Door_2_2/DamageSystem/DamageZones/Window/
15:01:15.73 Updating base class Health->, by DayZExpansion\Vehicles\Ground\Sedan_02\config.bin/CfgVehicles/Sedan_02_Door_2_2/DamageSystem/DamageZones/Window/Health/
15:01:15.73 Updating base class Doors->, by DayZExpansion\Vehicles\Ground\Sedan_02\config.bin/CfgVehicles/Sedan_02_Door_2_2/DamageSystem/DamageZones/Doors/
15:01:15.73 Updating base class Health->, by DayZExpansion\Vehicles\Ground\Sedan_02\config.bin/CfgVehicles/Sedan_02_Door_2_2/DamageSystem/DamageZones/Doors/Health/
15:01:15.86 Updating base class ->GUIInventoryAttachmentsProps, by DayZExpansion\Vehicles\Ground\Truck_01\config.bin/CfgVehicles/Truck_01_Covered/GUIInventoryAttachmentsProps/
15:01:15.86 Updating base class ->Body, by DayZExpansion\Vehicles\Ground\Truck_01\config.bin/CfgVehicles/Truck_01_Covered/GUIInventoryAttachmentsProps/Body/
15:01:15.116 Updating base class Inventory_Base->CamoNet, by DayZExpansion\Vehicles\Objects\Gear\config.bin/CfgVehicles/CamoNetCivil/
15:01:15.116 Updating base class Inventory_Base->CamoNet, by DayZExpansion\Vehicles\Objects\Gear\config.bin/CfgVehicles/CamoNetDesert/
15:01:15.116 Updating base class Inventory_Base->CamoNet, by DayZExpansion\Vehicles\Objects\Gear\config.bin/CfgVehicles/CamoNetWinter/
15:01:15.116 Updating base class ->Inventory_Base, by DayZExpansion\Vehicles\Objects\Gear\config.bin/CfgVehicles/ExpansionVehicleCover/
15:01:15.116 Updating base class CarCoverBase->ExpansionVehicleCover, by DayZExpansion\Vehicles\Objects\Gear\config.bin/CfgVehicles/ExpansionBus_Cover/
15:01:15.117 Updating base class CarCoverBase->ExpansionVehicleCover, by DayZExpansion\Vehicles\Objects\Gear\config.bin/CfgVehicles/ExpansionUAZ_Cover/
15:01:15.117 Updating base class CarCoverBase->ExpansionVehicleCover, by DayZExpansion\Vehicles\Objects\Gear\config.bin/CfgVehicles/ExpansionMh6_Cover/
15:01:15.117 Updating base class CarCoverBase->ExpansionVehicleCover, by DayZExpansion\Vehicles\Objects\Gear\config.bin/CfgVehicles/ExpansionUh1h_Cover/
15:01:15.117 Updating base class CarCoverBase->ExpansionVehicleCover, by DayZExpansion\Vehicles\Objects\Gear\config.bin/CfgVehicles/ExpansionMerlin_Cover/
15:01:15.117 Updating base class CarCoverBase->ExpansionVehicleCover, by DayZExpansion\Vehicles\Objects\Gear\config.bin/CfgVehicles/ExpansionTractor_Cover/
15:01:15.118 Updating base class CarCoverBase->ExpansionVehicleCover, by DayZExpansion\Vehicles\Objects\Gear\config.bin/CfgVehicles/ExpansionVodnik_Cover/
15:01:15.437 Updating base class Weather->, by DZ\sounds\hpp\config.bin/CfgWorlds/CAWorld/Weather/
15:01:15.458 Updating base class ->Magazine_Base, by DZ\weapons\ammunition\config.bin/CfgMagazines/Ammunition_Base/
15:01:15.458 Updating base class ->Ammunition_Base, by DZ\weapons\ammunition\config.bin/CfgMagazines/Ammo_22/
15:01:15.458 Updating base class ->Box_Base, by DZ\weapons\ammunition\config.bin/CfgVehicles/AmmoBox_556x45_20Rnd/
15:01:15.460 Updating base class ->Bullet_Base, by DZ\weapons\melee\config.bin/CfgAmmo/MeleeDamage/
15:01:15.460 Updating base class ->MeleeDamage, by DZ\weapons\melee\config.bin/CfgAmmo/MeleeFist/
15:01:15.461 Updating base class ->MeleeFist, by DZ\weapons\melee\config.bin/CfgAmmo/MeleeFist_Heavy/
15:01:15.550 Updating base class ->Inventory_Base, by ModularVestSystem\config.cpp/cfgVehicles/Pliers/
15:01:15.550 Updating base class Inventory_Base->Container_Base, by ModularVestSystem\config.cpp/cfgVehicles/Morphine/
15:01:15.550 Updating base class Inventory_Base->Container_Base, by ModularVestSystem\config.cpp/cfgVehicles/Epinephrine/
15:01:15.597 Updating base class ->Container_Base, by MuchStuffPack\MSP_Scripts\config.bin/CfgVehicles/Msp_Item/
15:01:15.597 Updating base class ->Container_Base, by MuchStuffPack\MSP_Scripts\config.bin/CfgVehicles/Msp_Kit/
15:01:15.682 Updating base class ->ExpansionSpraycanBase, by DayZExpansion\Vehicles\Air\Merlin\config.bin/CfgVehicles/ExpansionSpraycanDahoman/
15:01:15.682 Updating base class ->ExpansionSpraycanBase, by DayZExpansion\Vehicles\Air\Merlin\config.bin/CfgVehicles/ExpansionSpraycanIon/
15:01:15.682 Updating base class ->ExpansionSpraycanBase, by DayZExpansion\Vehicles\Air\Merlin\config.bin/CfgVehicles/ExpansionSpraycanPresident/
15:01:15.683 Updating base class ->ExpansionSpraycanBase, by DayZExpansion\Vehicles\Air\Merlin\config.bin/CfgVehicles/ExpansionSpraycanVrana/
15:01:15.683 Updating base class ->ExpansionSpraycanBase, by DayZExpansion\Vehicles\Air\Merlin\config.bin/CfgVehicles/ExpansionSpraycanWave/
15:01:15.687 Updating base class ->ExpansionSpraycanBase, by DayZExpansion\Vehicles\Air\Mh6\config.bin/CfgVehicles/ExpansionSpraycanBlueline/
15:01:15.688 Updating base class ->ExpansionSpraycanBase, by DayZExpansion\Vehicles\Air\Mh6\config.bin/CfgVehicles/ExpansionSpraycanDigital/
15:01:15.689 Updating base class ->ExpansionSpraycanBase, by DayZExpansion\Vehicles\Air\Mh6\config.bin/CfgVehicles/ExpansionSpraycanElliptical/
15:01:15.690 Updating base class ->ExpansionSpraycanBase, by DayZExpansion\Vehicles\Air\Mh6\config.bin/CfgVehicles/ExpansionSpraycanFurious/
15:01:15.691 Updating base class ->ExpansionSpraycanBase, by DayZExpansion\Vehicles\Air\Mh6\config.bin/CfgVehicles/ExpansionSpraycanGrayWatcher/
15:01:15.692 Updating base class ->ExpansionSpraycanBase, by DayZExpansion\Vehicles\Air\Mh6\config.bin/CfgVehicles/ExpansionSpraycanJeans/
15:01:15.692 Updating base class ->ExpansionSpraycanBase, by DayZExpansion\Vehicles\Air\Mh6\config.bin/CfgVehicles/ExpansionSpraycanResistance/
15:01:15.693 Updating base class ->ExpansionSpraycanBase, by DayZExpansion\Vehicles\Air\Mh6\config.bin/CfgVehicles/ExpansionSpraycanShadow/
15:01:15.694 Updating base class ->ExpansionSpraycanBase, by DayZExpansion\Vehicles\Air\Mh6\config.bin/CfgVehicles/ExpansionSpraycanSheriff/
15:01:15.695 Updating base class ->ExpansionSpraycanBase, by DayZExpansion\Vehicles\Air\Mh6\config.bin/CfgVehicles/ExpansionSpraycanSpeedy/
15:01:15.697 Updating base class ->ExpansionSpraycanBase, by DayZExpansion\Vehicles\Air\Mh6\config.bin/CfgVehicles/ExpansionSpraycanSunset/
15:01:15.698 Updating base class ->ExpansionSpraycanBase, by DayZExpansion\Vehicles\Air\Mh6\config.bin/CfgVehicles/ExpansionSpraycanWasp/
15:01:15.706 Updating base class ->ExpansionSpraycanBase, by DayZExpansion\Vehicles\Air\Uh1h\config.bin/CfgVehicles/ExpansionSpraycanCivilian/
15:01:15.707 Updating base class ->ExpansionSpraycanBase, by DayZExpansion\Vehicles\Air\Uh1h\config.bin/CfgVehicles/ExpansionSpraycanMedical/
15:01:15.708 Updating base class ->ExpansionSpraycanBase, by DayZExpansion\Vehicles\Air\Uh1h\config.bin/CfgVehicles/ExpansionSpraycanUber/
15:01:15.717 Updating base class ->Inventory_Base, by DZ\gear\tools\config.bin/CfgVehicles/Pen_ColorBase/
15:01:15.722 Updating base class ->GUIInventoryAttachmentsProps, by Extension_Helicopters\Toolbox\config.bin/CfgVehicles/ExpansionGyrocopter/GUIInventoryAttachmentsProps/
15:01:15.722 Updating base class ->GUIInventoryAttachmentsProps, by Extension_Helicopters\Toolbox\config.bin/CfgVehicles/ExpansionMerlin/GUIInventoryAttachmentsProps/
15:01:15.722 Updating base class ->GUIInventoryAttachmentsProps, by Extension_Helicopters\Toolbox\config.bin/CfgVehicles/ExpansionMh6/GUIInventoryAttachmentsProps/
15:01:15.722 Updating base class ->GUIInventoryAttachmentsProps, by Extension_Helicopters\Toolbox\config.bin/CfgVehicles/ExpansionUh1h/GUIInventoryAttachmentsProps/
15:01:15.723 Updating base class ->ProxyAttachment, by MassTextures\config.bin/CfgNonAIVehicles/Proxyweapon/
15:01:15.759 Updating base class ->MountainBag_ColorBase, by MassTextures\config.bin/cfgVehicles/MassBox/
15:01:15.777 Updating base class ExplosivesBase->Inventory_Base, by MuchStuffPack\MSP_Storage_proxies\config.bin/CfgVehicles/Grenade_Base/
15:01:16.461 ENGINE    (W): No module info used, trying to identify -> 0xF6F30000

15:01:16.462 ENGINE    (W): Global job queue size 20480 is not power of 2. Increasing to next power of 2.

15:01:16.462 ENGINE    (W): Per thread job queue size 10240 is not power of 2. Increasing to next power of 2.

15:01:16.582 [Inputs] Loading inputs default "bin/constants.xml"
15:01:16.585 [Inputs] Loading inputs default "bin/specific.xml"
15:01:16.586 [Inputs] Loading inputs default "JM/COT/Scripts/Data/Inputs.xml"
15:01:16.587 !!! [Inputs] Cannot Register "UAObjectModuleDeleteOnCursor" non-existent input - Fix Preset!
15:01:16.588 [Inputs] Loading inputs default "DayZExpansion/Navigation/Scripts/Data/Inputs.xml"
15:01:16.589 [Inputs] Loading inputs default "DayZExpansion/PlayerList/Scripts/Data/Inputs.xml"
15:01:16.589 !!! [Inputs] Attempt to register duplicate exclusion group "chatexpansion"
15:01:16.590 [Inputs] Loading inputs default "DayZExpansion/Scripts/Data/Inputs.xml"
15:01:16.590 !!! [Inputs] Attempt to register duplicate exclusion group "chatexpansion"
15:01:16.590 [Inputs] Loading inputs default "DayZExpansion/Vehicles/Scripts/Data/Inputs.xml"
15:01:16.591 [Inputs] Loading inputs default "extension_helicopters/scripts/Inputs.xml"
15:01:16.591 [Inputs] Loading inputs default "DayZExpansion/BaseBuilding/Scripts/Data/Inputs.xml"
15:01:16.592 !!! [Inputs] Attempt to register duplicate exclusion group "chatexpansion"
15:01:16.592 [Inputs] Loading inputs default "DayZExpansion/Book/Scripts/Data/Inputs.xml"
15:01:16.592 !!! [Inputs] Attempt to register duplicate exclusion group "chatexpansion"
15:01:16.592 [Inputs] Loading inputs default "DayZExpansion/Chat/Scripts/Data/Inputs.xml"
15:01:16.592 !!! [Inputs] Attempt to register duplicate exclusion group "chatexpansion"
15:01:16.593 [Inputs] Loading inputs cfg "profiles\Users\Survivor\Server.core.xml"
15:01:16.593 !!! [Inputs] Cannot read inputs cfg "profiles\Users\Survivor\Server.core.xml", parser error
15:01:16.593 [Inputs] Loading inputs cfg "bin/core.xml"
15:01:16.594 !!! [Inputs] Cannot load input preset "#STR_USER", file does not exist
15:01:16.596 [Inputs] Exporting inputs cfg "profiles\Users\Survivor\Server.core.xml"
15:01:18.318 ANIMATION (E): Can't load @DayZ-Expansion-Map-Assets/Anims/cfg/skeletons.anim.xml

15:01:18.318 ANIMATION (E): Failed to open file, line 0, column 0

15:01:18.318 ANIMATION (E): Can't load @Dabs Framework/Anims/cfg/skeletons.anim.xml

15:01:18.318 ANIMATION (E): Failed to open file, line 0, column 0

15:01:18.318 ANIMATION (E): Can't load @CodeLock to ExpansionCodeLock Bridge/Anims/cfg/skeletons.anim.xml

15:01:18.318 ANIMATION (E): Failed to open file, line 0, column 0

15:01:18.318 ANIMATION (E): Can't load @ZenNotes/Anims/cfg/skeletons.anim.xml

15:01:18.318 ANIMATION (E): Failed to open file, line 0, column 0

15:01:18.318 ANIMATION (E): Can't load @SlowerMetabolism/Anims/cfg/skeletons.anim.xml

15:01:18.318 ANIMATION (E): Failed to open file, line 0, column 0

15:01:18.318 ANIMATION (E): Can't load @Arma 2 Helicopters Remastered/Anims/cfg/skeletons.anim.xml

15:01:18.318 ANIMATION (E): Failed to open file, line 0, column 0

15:01:18.318 ANIMATION (E): Can't load @DayZ-Expansion/Anims/cfg/skeletons.anim.xml

15:01:18.318 ANIMATION (E): Failed to open file, line 0, column 0

15:01:18.318 ANIMATION (E): Can't load @DayZ-Expansion-Weapons/Anims/cfg/skeletons.anim.xml

15:01:18.318 ANIMATION (E): Failed to open file, line 0, column 0

15:01:18.318 ANIMATION (E): Can't load @DayZ-Expansion-Chat/Anims/cfg/skeletons.anim.xml

15:01:18.318 ANIMATION (E): Failed to open file, line 0, column 0

15:01:18.318 ANIMATION (E): Can't load @DayZ-Expansion-BaseBuilding/Anims/cfg/skeletons.anim.xml

15:01:18.318 ANIMATION (E): Failed to open file, line 0, column 0

15:01:18.318 ANIMATION (E): Can't load @DayZ-Expansion-Navigation/Anims/cfg/skeletons.anim.xml

15:01:18.318 ANIMATION (E): Failed to open file, line 0, column 0

15:01:18.318 ANIMATION (E): Can't load @DayZ-Expansion-Vehicles/Anims/cfg/skeletons.anim.xml

15:01:18.318 ANIMATION (E): Failed to open file, line 0, column 0

15:01:18.318 ANIMATION (E): Can't load @DayZ-Expansion-Book/Anims/cfg/skeletons.anim.xml

15:01:18.318 ANIMATION (E): Failed to open file, line 0, column 0

15:01:18.318 ANIMATION (E): Can't load @DayZ-Expansion-Market/Anims/cfg/skeletons.anim.xml

15:01:18.318 ANIMATION (E): Failed to open file, line 0, column 0

15:01:18.318 ANIMATION (E): Can't load @CarCover/Anims/cfg/skeletons.anim.xml

15:01:18.318 ANIMATION (E): Failed to open file, line 0, column 0

15:01:18.318 ANIMATION (E): Can't load @DayZ-Expansion-Core/Anims/cfg/skeletons.anim.xml

15:01:18.318 ANIMATION (E): Failed to open file, line 0, column 0

15:01:18.318 ANIMATION (E): Can't load @DayZ-Expansion-Licensed/Anims/cfg/skeletons.anim.xml

15:01:18.318 ANIMATION (E): Failed to open file, line 0, column 0

15:01:18.318 ANIMATION (E): Can't load @Modular Vest System/Anims/cfg/skeletons.anim.xml

15:01:18.318 ANIMATION (E): Failed to open file, line 0, column 0

15:01:18.318 ANIMATION (E): Can't load @Mass'sManyItemOverhaul/Anims/cfg/skeletons.anim.xml

15:01:18.318 ANIMATION (E): Failed to open file, line 0, column 0

15:01:18.318 ANIMATION (E): Can't load @Community-Online-Tools/Anims/cfg/skeletons.anim.xml

15:01:18.318 ANIMATION (E): Failed to open file, line 0, column 0

15:01:18.318 ANIMATION (E): Can't load @MuchStuffPack/Anims/cfg/skeletons.anim.xml

15:01:18.318 ANIMATION (E): Failed to open file, line 0, column 0

15:01:18.318 ANIMATION (E): Can't load @CF/Anims/cfg/skeletons.anim.xml

15:01:18.318 ANIMATION (E): Failed to open file, line 0, column 0

15:01:18.318 ANIMATION (E): Can't load Bliss/Anims/cfg/skeletons.anim.xml

15:01:18.318 ANIMATION (E): Failed to open file, line 0, column 0

15:01:18.805 Warning: No components in dz\data\data\nomipmaptextures.p3d:geometry
15:01:18.838 Warning Message: No entry 'bin\config.bin/CfgWorlds/DefaultWorld.volFogOffset'.
15:01:18.838 Warning Message: '/' is not a value