

=====================================================================
== C:\DayZ\servers\0\DayZServer_x64.exe
== ./servers/0/DayZServer_x64.exe -config=serverDZ.cfg.active -port=2302 -profiles=profiles  -adminlog -freezecheck -dologs "-mod=@CF;@MuchStuffPack;@Community-Online-Tools;@Mass'sManyItemOverhaul;@Modular Vest System;@DayZ-Expansion-Licensed;@DayZ-Expansion-Core;@CarCover;@DayZ-Expansion-Market;@DayZ-Expansion-Book;@DayZ-Expansion-Vehicles;@DayZ-Expansion-Navigation;@DayZ-Expansion-BaseBuilding;@DayZ-Expansion-Chat;@DayZ-Expansion-Weapons;@DayZ-Expansion;@Arma 2 Helicopters Remastered;@SlowerMetabolism;@ZenNotes;@CodeLock to ExpansionCodeLock Bridge;@Dabs Framework;@DayZ-Expansion-Map-Assets;@MunghardsItempack;@BaseBuildingPlus;@BBPItemPack;@WindstridesClothingPack;@FlipTransport;@Code Lock;@BuildAnywhere_v3;@SNAFU Weapons;"
=====================================================================
Exe timestamp: 2023/07/18 11:17:55
Current time:  2023/07/26 12:47:04

Version 1.21.156300
12:47:04.336 String "STR_DF_NAME" not found (not in localization table)
12:47:04.612 String "STR_server_shutdown" listed twice in "Global"
12:47:04.628 Localization not present: STR_DATE_FORMAT_SHORT
12:47:04.628 Localization not present: STR_TIME_FORMAT
12:47:04.628 Localization not present: STR_CONFIG_CONTROLLER_NORMAL_LOOK
12:47:04.628 Localization not present: STR_CONFIG_CONTROLLER_REVERSED_LOOK
12:47:04.628 Localization not present: STR_MP_VALIDERROR
12:47:04.628 Localization not present: STR_MP_CONNECTION_LOOSING
12:47:04.628 Localization not present: STR_MSG_MP_NO_PASSWORD
12:47:04.628 Localization not present: STR_MSG_LAUNCH_GAME
12:47:04.628 Localization not present: STR_LOAD_INIT
12:47:04.628 Localization not present: STR_LOAD_WORLD
12:47:04.628 Localization not present: STR_LOAD_GAME
12:47:04.628 Localization not present: STR_SAVE_GAME
12:47:04.628 Localization not present: STR_MP_CONNECT
12:47:04.628 Localization not present: STR_MP_DISCONNECT
12:47:04.628 Localization not present: STR_MP_CONNECTING
12:47:04.628 Localization not present: STR_MP_TIMEOUT
12:47:04.628 Localization not present: STR_DISP_CLIENT_TEXT_EDIT
12:47:04.628 Localization not present: STR_MP_LOGIN_QUEUE_FULL
12:47:04.630 Localization not present: STR_DATE_FORMAT_SHORT
12:47:04.631 Localization not present: STR_TIME_FORMAT
12:47:04.631 Localization not present: STR_CONFIG_CONTROLLER_NORMAL_LOOK
12:47:04.631 Localization not present: STR_CONFIG_CONTROLLER_REVERSED_LOOK
12:47:04.631 Localization not present: STR_MP_VALIDERROR
12:47:04.631 Localization not present: STR_MP_CONNECTION_LOOSING
12:47:04.631 Localization not present: STR_MSG_MP_NO_PASSWORD
12:47:04.631 Localization not present: STR_MSG_LAUNCH_GAME
12:47:04.631 Localization not present: STR_LOAD_INIT
12:47:04.631 Localization not present: STR_LOAD_WORLD
12:47:04.631 Localization not present: STR_LOAD_GAME
12:47:04.631 Localization not present: STR_SAVE_GAME
12:47:04.631 Localization not present: STR_MP_CONNECT
12:47:04.631 Localization not present: STR_MP_DISCONNECT
12:47:04.631 Localization not present: STR_MP_CONNECTING
12:47:04.631 Localization not present: STR_MP_TIMEOUT
12:47:04.631 Localization not present: STR_DISP_CLIENT_TEXT_EDIT
12:47:04.631 Localization not present: STR_MP_LOGIN_QUEUE_FULL
12:47:04.644 Initializing stats manager.
12:47:04.646 Stats config disabled.
12:47:06.78 Conflicting addon SNAFU_SAINT_Modular in 'SNAFU_Guns_02\data\saint_762\', previous definition in 'SNAFU_Guns_02\data\saint_556\'
12:47:06.180 Conflicting addon SK8_Sneakers in 'WindstrideClothing\models\kirza_boots\', previous definition in 'WindstrideClothing\models\sk8_sneakers\'
12:47:06.187 Conflicting addon Kneepads_Jeans in 'WindstrideClothing\models\skinny_jeans\', previous definition in 'WindstrideClothing\models\kneepads_jeans\'
12:47:06.192 Conflicting addon BaseBuildingPlus in 'BaseBuildingPlus\bbp_building\foundation\foundationtriangle\', previous definition in 'BaseBuildingPlus\bbp_building\roof_hanger\rhanger\'
12:47:06.192 Conflicting addon BaseBuildingPlus in 'BaseBuildingPlus\bbp_building\gate\rgate\', previous definition in 'BaseBuildingPlus\bbp_building\roof_hanger\rhanger\'
12:47:06.193 Conflicting addon BaseBuildingPlus in 'BaseBuildingPlus\bbp_building\slope_wall_r\', previous definition in 'BaseBuildingPlus\bbp_building\roof_hanger\rhanger\'
12:47:06.194 Conflicting addon BaseBuildingPlus in 'BaseBuildingPlus\bbp_building\roof_hanger\lhanger\', previous definition in 'BaseBuildingPlus\bbp_building\roof_hanger\rhanger\'
12:47:06.196 Conflicting addon BaseBuildingPlus in 'BaseBuildingPlus\bbp_building\door\', previous definition in 'BaseBuildingPlus\bbp_building\roof_hanger\rhanger\'
12:47:06.196 Conflicting addon BaseBuildingPlus in 'BaseBuildingPlus\bbp_building\gate\dgate\', previous definition in 'BaseBuildingPlus\bbp_building\roof_hanger\rhanger\'
12:47:06.197 Conflicting addon BaseBuildingPlus in 'BaseBuildingPlus\bbp_building\window\bwindow\', previous definition in 'BaseBuildingPlus\bbp_building\roof_hanger\rhanger\'
12:47:06.198 Conflicting addon BaseBuildingPlus in 'BaseBuildingPlus\bbp_building\mesh_fence\', previous definition in 'BaseBuildingPlus\bbp_building\roof_hanger\rhanger\'
12:47:06.199 Conflicting addon BaseBuildingPlus in 'BaseBuildingPlus\', previous definition in 'BaseBuildingPlus\bbp_building\roof_hanger\rhanger\'
12:47:06.200 Conflicting addon BaseBuildingPlus in 'BaseBuildingPlus\bbp_building\floor_hatch\', previous definition in 'BaseBuildingPlus\bbp_building\roof_hanger\rhanger\'
12:47:06.201 Conflicting addon BaseBuildingPlus in 'BaseBuildingPlus\bbp_building\triangle_floor\b_floor\', previous definition in 'BaseBuildingPlus\bbp_building\roof_hanger\rhanger\'
12:47:06.201 Conflicting addon BaseBuildingPlus in 'BaseBuildingPlus\decorations\wallpaper_mural\', previous definition in 'BaseBuildingPlus\bbp_building\roof_hanger\rhanger\'
12:47:06.202 Conflicting addon BaseBuildingPlus in 'BaseBuildingPlus\bbp_building\ramp\bramp\', previous definition in 'BaseBuildingPlus\bbp_building\roof_hanger\rhanger\'
12:47:06.203 Conflicting addon BaseBuildingPlus in 'BaseBuildingPlus\bbp_building\floor_hatch2\', previous definition in 'BaseBuildingPlus\bbp_building\roof_hanger\rhanger\'
12:47:06.203 Conflicting addon BaseBuildingPlus in 'BaseBuildingPlus\bbp_building\stair\sstair\', previous definition in 'BaseBuildingPlus\bbp_building\roof_hanger\rhanger\'
12:47:06.204 Conflicting addon BaseBuildingPlus in 'BaseBuildingPlus\bbp_building\floor\bfloor\', previous definition in 'BaseBuildingPlus\bbp_building\roof_hanger\rhanger\'
12:47:06.205 Conflicting addon BaseBuildingPlus in 'BaseBuildingPlus\bbp_building\mesh_fence_gate\', previous definition in 'BaseBuildingPlus\bbp_building\roof_hanger\rhanger\'
12:47:06.205 Conflicting addon BaseBuildingPlus in 'BaseBuildingPlus\decorations\carpet\', previous definition in 'BaseBuildingPlus\bbp_building\roof_hanger\rhanger\'
12:47:06.206 Conflicting addon BaseBuildingPlus in 'BaseBuildingPlus\bbp_building\stair\bstair\', previous definition in 'BaseBuildingPlus\bbp_building\roof_hanger\rhanger\'
12:47:06.207 Conflicting addon BaseBuildingPlus in 'BaseBuildingPlus\bbp_building\slope_wall_l\', previous definition in 'BaseBuildingPlus\bbp_building\roof_hanger\rhanger\'
12:47:06.207 Conflicting addon BaseBuildingPlus in 'BaseBuildingPlus\bbp_building\gate\lgate\', previous definition in 'BaseBuildingPlus\bbp_building\roof_hanger\rhanger\'
12:47:06.208 Conflicting addon BaseBuildingPlus in 'BaseBuildingPlus\bbp_building\gate\sgate\', previous definition in 'BaseBuildingPlus\bbp_building\roof_hanger\rhanger\'
12:47:06.209 Conflicting addon BaseBuildingPlus in 'BaseBuildingPlus\bbp_building\floor\bfloormesh\', previous definition in 'BaseBuildingPlus\bbp_building\roof_hanger\rhanger\'
12:47:06.209 Conflicting addon BaseBuildingPlus in 'BaseBuildingPlus\bbp_building\triangle_roof\b_roof\', previous definition in 'BaseBuildingPlus\bbp_building\roof_hanger\rhanger\'
12:47:06.210 Conflicting addon BaseBuildingPlus in 'BaseBuildingPlus\bbp_building\barb_wire_fence\', previous definition in 'BaseBuildingPlus\bbp_building\roof_hanger\rhanger\'
12:47:06.211 Conflicting addon BaseBuildingPlus in 'BaseBuildingPlus\bbp_building\roof\bfloor\', previous definition in 'BaseBuildingPlus\bbp_building\roof_hanger\rhanger\'
12:47:06.211 Conflicting addon BaseBuildingPlus in 'BaseBuildingPlus\decorations\wallpaper\', previous definition in 'BaseBuildingPlus\bbp_building\roof_hanger\rhanger\'
12:47:06.211 Conflicting addon BaseBuildingPlus in 'BaseBuildingPlus\decorations\plaster\', previous definition in 'BaseBuildingPlus\bbp_building\roof_hanger\rhanger\'
12:47:06.212 Conflicting addon BaseBuildingPlus in 'BaseBuildingPlus\bbp_building\step_ladder\', previous definition in 'BaseBuildingPlus\bbp_building\roof_hanger\rhanger\'
12:47:06.213 Conflicting addon BaseBuildingPlus in 'BaseBuildingPlus\bbp_building\half_wall\half_bwall\', previous definition in 'BaseBuildingPlus\bbp_building\roof_hanger\rhanger\'
12:47:06.214 Conflicting addon BaseBuildingPlus in 'BaseBuildingPlus\bbp_building\slope_roof\', previous definition in 'BaseBuildingPlus\bbp_building\roof_hanger\rhanger\'
12:47:06.214 Conflicting addon BaseBuildingPlus in 'BaseBuildingPlus\bbp_building\stair\mstair\', previous definition in 'BaseBuildingPlus\bbp_building\roof_hanger\rhanger\'
12:47:06.214 Conflicting addon BaseBuildingPlus in 'BaseBuildingPlus\bbp_building\foundation\bfoundation\', previous definition in 'BaseBuildingPlus\bbp_building\roof_hanger\rhanger\'
12:47:06.216 Conflicting addon BaseBuildingPlus in 'BaseBuildingPlus\bbp_building\pillar\', previous definition in 'BaseBuildingPlus\bbp_building\roof_hanger\rhanger\'
12:47:06.217 Conflicting addon BaseBuildingPlus in 'BaseBuildingPlus\bbp_building\window\swindow\', previous definition in 'BaseBuildingPlus\bbp_building\roof_hanger\rhanger\'
12:47:06.217 Conflicting addon BaseBuildingPlus in 'BaseBuildingPlus\bbp_building\bwall\', previous definition in 'BaseBuildingPlus\bbp_building\roof_hanger\rhanger\'
12:47:06.248 Conflicting addon Munghardsflashlights in 'MunghardsItems\mx991\', previous definition in 'MunghardsItems\maglite\'
12:47:06.276 Conflicting addon Munghardsstielhandgranate in 'MunghardsItems\stielhandgranate\', previous definition in 'MunghardsItems\decoygrenade\'
12:47:06.295 Conflicting addon Munghardsscope in 'MunghardsItems\testscope\', previous definition in 'MunghardsItems\scope2\'
12:47:06.453 Conflicting addon DayZExpansion_Sounds_Ground_Vehicle_Sedan_02 in 'DayZExpansion\Sounds\Vehicles\Ground\Sedan_02\', previous definition in 'DayZExpansion\Sounds\Vehicles\Ground\Bus\'
12:47:06.580 Conflicting addon Mass_Textures in 'MassTextures\masstextures\', previous definition in 'MassTextures\'
12:47:06.592 Conflicting addon CodeLock in 'MuchStuffPack\MSP_Scripts\dependency\', previous definition in 'CodeLock\'
12:47:06.600 Conflicting addon Mass_Textures in 'MuchStuffPack\MSP_Storage_proxies\dependency\', previous definition in 'MassTextures\'
12:47:06.600 Conflicting addon Munghardsgunwall in 'MuchStuffPack\MSP_Storage_proxies\dependency\', previous definition in 'MunghardsItems\gunwall\'
12:47:06.600 Conflicting addon MassBuildings in 'MuchStuffPack\MSP_Storage_proxies\dependency\', previous definition in 'MassBuildings\'
12:47:07.224 Conflicting addon DZ_Weapons_Firearms_AKM in 'DZ\weapons\firearms\akm\', previous definition in 'SNAFU_Guns_01\data\akm_testing\'
12:47:07.391 Updating base class All->AllVehicles, by DZ\data\config.bin/CfgVehicles/Man/
12:47:07.391 Updating base class WeaponMode_Base->, by DZ\data\config.bin/Mode_SemiAuto/
12:47:07.393 Updating base class Name->NameIcon, by DayZExpansion\Navigation\Worlds\locationtypes\config.bin/CfgLocationTypes/Hill/
12:47:07.393 Updating base class Hill->NameIcon, by DayZExpansion\Navigation\Worlds\locationtypes\config.bin/CfgLocationTypes/ViewPoint/
12:47:07.393 Updating base class Hill->NameIcon, by DayZExpansion\Navigation\Worlds\locationtypes\config.bin/CfgLocationTypes/RockArea/
12:47:07.393 Updating base class Hill->NameIcon, by DayZExpansion\Navigation\Worlds\locationtypes\config.bin/CfgLocationTypes/BorderCrossing/
12:47:07.393 Updating base class Hill->NameIcon, by DayZExpansion\Navigation\Worlds\locationtypes\config.bin/CfgLocationTypes/VegetationBroadleaf/
12:47:07.393 Updating base class Hill->NameIcon, by DayZExpansion\Navigation\Worlds\locationtypes\config.bin/CfgLocationTypes/VegetationFir/
12:47:07.393 Updating base class Hill->NameIcon, by DayZExpansion\Navigation\Worlds\locationtypes\config.bin/CfgLocationTypes/VegetationPalm/
12:47:07.393 Updating base class Hill->NameIcon, by DayZExpansion\Navigation\Worlds\locationtypes\config.bin/CfgLocationTypes/VegetationVineyard/
12:47:07.395 Updating base class ->Inventory_Base, by DayZExpansion\Objects\Misc\config.bin/CfgVehicles/ExpansionParkingMeter/
12:47:07.470 Updating base class ->Container_Base, by DZ\gear\camping\config.bin/CfgVehicles/WoodenCrate/
12:47:07.470 Updating base class ->Inventory_Base, by DZ\gear\camping\config.bin/CfgVehicles/Spotlight/
12:47:07.471 Updating base class ->Inventory_Base, by DZ\gear\camping\config.bin/CfgVehicles/Flag_Base/
12:47:07.595 Updating base class ->Rifle_Base, by DZ\weapons\firearms\m4\config.bin/cfgWeapons/M4A1_Base/
12:47:07.595 Updating base class ->M4A1_Base, by DZ\weapons\firearms\m4\config.bin/cfgWeapons/M4A1/
12:47:07.600 Updating base class ->CAWorld, by DZ\worlds\enoch\world\config.bin/CfgWorlds/Enoch/
12:47:07.607 Updating base class ->Names, by JM\COT\GUI\config.bin/CfgWorlds/ChernarusPlus/Names/
12:47:07.607 Updating base class ->Settlement_Chernogorsk, by JM\COT\GUI\config.bin/CfgWorlds/ChernarusPlus/Names/Settlement_Chernogorsk/
12:47:07.607 Updating base class ->Settlement_Novodmitrovsk, by JM\COT\GUI\config.bin/CfgWorlds/ChernarusPlus/Names/Settlement_Novodmitrovsk/
12:47:07.607 Updating base class ->Settlement_Novoselki, by JM\COT\GUI\config.bin/CfgWorlds/ChernarusPlus/Names/Settlement_Novoselki/
12:47:07.607 Updating base class ->Settlement_Dubovo, by JM\COT\GUI\config.bin/CfgWorlds/ChernarusPlus/Names/Settlement_Dubovo/
12:47:07.607 Updating base class ->Settlement_Vysotovo, by JM\COT\GUI\config.bin/CfgWorlds/ChernarusPlus/Names/Settlement_Vysotovo/
12:47:07.607 Updating base class ->Settlement_Zelenogorsk, by JM\COT\GUI\config.bin/CfgWorlds/ChernarusPlus/Names/Settlement_Zelenogorsk/
12:47:07.607 Updating base class ->Settlement_Berezino, by JM\COT\GUI\config.bin/CfgWorlds/ChernarusPlus/Names/Settlement_Berezino/
12:47:07.607 Updating base class ->Settlement_Elektrozavodsk, by JM\COT\GUI\config.bin/CfgWorlds/ChernarusPlus/Names/Settlement_Elektrozavodsk/
12:47:07.607 Updating base class ->Settlement_NovayaPetrovka, by JM\COT\GUI\config.bin/CfgWorlds/ChernarusPlus/Names/Settlement_NovayaPetrovka/
12:47:07.607 Updating base class ->Settlement_Gorka, by JM\COT\GUI\config.bin/CfgWorlds/ChernarusPlus/Names/Settlement_Gorka/
12:47:07.607 Updating base class ->Settlement_Solnechny, by JM\COT\GUI\config.bin/CfgWorlds/ChernarusPlus/Names/Settlement_Solnechny/
12:47:07.607 Updating base class ->Settlement_StarySobor, by JM\COT\GUI\config.bin/CfgWorlds/ChernarusPlus/Names/Settlement_StarySobor/
12:47:07.607 Updating base class ->Settlement_Vybor, by JM\COT\GUI\config.bin/CfgWorlds/ChernarusPlus/Names/Settlement_Vybor/
12:47:07.607 Updating base class ->Settlement_Severograd, by JM\COT\GUI\config.bin/CfgWorlds/ChernarusPlus/Names/Settlement_Severograd/
12:47:07.607 Updating base class ->Settlement_Bor, by JM\COT\GUI\config.bin/CfgWorlds/ChernarusPlus/Names/Settlement_Bor/
12:47:07.607 Updating base class ->Settlement_Svetloyarsk, by JM\COT\GUI\config.bin/CfgWorlds/ChernarusPlus/Names/Settlement_Svetloyarsk/
12:47:07.607 Updating base class ->Settlement_Krasnostav, by JM\COT\GUI\config.bin/CfgWorlds/ChernarusPlus/Names/Settlement_Krasnostav/
12:47:07.607 Updating base class ->Settlement_ChernayaPolyana, by JM\COT\GUI\config.bin/CfgWorlds/ChernarusPlus/Names/Settlement_ChernayaPolyana/
12:47:07.607 Updating base class ->Settlement_Polyana, by JM\COT\GUI\config.bin/CfgWorlds/ChernarusPlus/Names/Settlement_Polyana/
12:47:07.607 Updating base class ->Settlement_Tulga, by JM\COT\GUI\config.bin/CfgWorlds/ChernarusPlus/Names/Settlement_Tulga/
12:47:07.607 Updating base class ->Settlement_Msta, by JM\COT\GUI\config.bin/CfgWorlds/ChernarusPlus/Names/Settlement_Msta/
12:47:07.607 Updating base class ->Settlement_Staroye, by JM\COT\GUI\config.bin/CfgWorlds/ChernarusPlus/Names/Settlement_Staroye/
12:47:07.607 Updating base class ->Settlement_Shakhovka, by JM\COT\GUI\config.bin/CfgWorlds/ChernarusPlus/Names/Settlement_Shakhovka/
12:47:07.607 Updating base class ->Settlement_Dolina, by JM\COT\GUI\config.bin/CfgWorlds/ChernarusPlus/Names/Settlement_Dolina/
12:47:07.607 Updating base class ->Settlement_Orlovets, by JM\COT\GUI\config.bin/CfgWorlds/ChernarusPlus/Names/Settlement_Orlovets/
12:47:07.607 Updating base class ->Settlement_NovySobor, by JM\COT\GUI\config.bin/CfgWorlds/ChernarusPlus/Names/Settlement_NovySobor/
12:47:07.607 Updating base class ->Settlement_Kabanino, by JM\COT\GUI\config.bin/CfgWorlds/ChernarusPlus/Names/Settlement_Kabanino/
12:47:07.607 Updating base class ->Settlement_Mogilevka, by JM\COT\GUI\config.bin/CfgWorlds/ChernarusPlus/Names/Settlement_Mogilevka/
12:47:07.607 Updating base class ->Settlement_Nadezhdino, by JM\COT\GUI\config.bin/CfgWorlds/ChernarusPlus/Names/Settlement_Nadezhdino/
12:47:07.607 Updating base class ->Settlement_Guglovo, by JM\COT\GUI\config.bin/CfgWorlds/ChernarusPlus/Names/Settlement_Guglovo/
12:47:07.607 Updating base class ->Settlement_Kamyshovo, by JM\COT\GUI\config.bin/CfgWorlds/ChernarusPlus/Names/Settlement_Kamyshovo/
12:47:07.607 Updating base class ->Settlement_Pusta, by JM\COT\GUI\config.bin/CfgWorlds/ChernarusPlus/Names/Settlement_Pusta/
12:47:07.607 Updating base class ->Settlement_Dubrovka, by JM\COT\GUI\config.bin/CfgWorlds/ChernarusPlus/Names/Settlement_Dubrovka/
12:47:07.607 Updating base class ->Settlement_VyshnayaDubrovka, by JM\COT\GUI\config.bin/CfgWorlds/ChernarusPlus/Names/Settlement_VyshnayaDubrovka/
12:47:07.607 Updating base class ->Settlement_Khelm, by JM\COT\GUI\config.bin/CfgWorlds/ChernarusPlus/Names/Settlement_Khelm/
12:47:07.607 Updating base class ->Settlement_Olsha, by JM\COT\GUI\config.bin/CfgWorlds/ChernarusPlus/Names/Settlement_Olsha/
12:47:07.607 Updating base class ->Settlement_Gvozdno, by JM\COT\GUI\config.bin/CfgWorlds/ChernarusPlus/Names/Settlement_Gvozdno/
12:47:07.607 Updating base class ->Settlement_Grishino, by JM\COT\GUI\config.bin/CfgWorlds/ChernarusPlus/Names/Settlement_Grishino/
12:47:07.607 Updating base class ->Settlement_Rogovo, by JM\COT\GUI\config.bin/CfgWorlds/ChernarusPlus/Names/Settlement_Rogovo/
12:47:07.607 Updating base class ->Settlement_Pogorevka, by JM\COT\GUI\config.bin/CfgWorlds/ChernarusPlus/Names/Settlement_Pogorevka/
12:47:07.607 Updating base class ->Settlement_Pustoshka, by JM\COT\GUI\config.bin/CfgWorlds/ChernarusPlus/Names/Settlement_Pustoshka/
12:47:07.607 Updating base class ->Settlement_Kozlovka, by JM\COT\GUI\config.bin/CfgWorlds/ChernarusPlus/Names/Settlement_Kozlovka/
12:47:07.607 Updating base class ->Settlement_Karmanovka, by JM\COT\GUI\config.bin/CfgWorlds/ChernarusPlus/Names/Settlement_Karmanovka/
12:47:07.607 Updating base class ->Settlement_Balota, by JM\COT\GUI\config.bin/CfgWorlds/ChernarusPlus/Names/Settlement_Balota/
12:47:07.607 Updating base class ->Settlement_Komarovo, by JM\COT\GUI\config.bin/CfgWorlds/ChernarusPlus/Names/Settlement_Komarovo/
12:47:07.607 Updating base class ->Settlement_Kamenka, by JM\COT\GUI\config.bin/CfgWorlds/ChernarusPlus/Names/Settlement_Kamenka/
12:47:07.607 Updating base class ->Settlement_Myshkino, by JM\COT\GUI\config.bin/CfgWorlds/ChernarusPlus/Names/Settlement_Myshkino/
12:47:07.607 Updating base class ->Settlement_Pavlovo, by JM\COT\GUI\config.bin/CfgWorlds/ChernarusPlus/Names/Settlement_Pavlovo/
12:47:07.607 Updating base class ->Settlement_Lopatino, by JM\COT\GUI\config.bin/CfgWorlds/ChernarusPlus/Names/Settlement_Lopatino/
12:47:07.607 Updating base class ->Settlement_Vyshnoye, by JM\COT\GUI\config.bin/CfgWorlds/ChernarusPlus/Names/Settlement_Vyshnoye/
12:47:07.607 Updating base class ->Settlement_Prigorodki, by JM\COT\GUI\config.bin/CfgWorlds/ChernarusPlus/Names/Settlement_Prigorodki/
12:47:07.607 Updating base class ->Settlement_Drozhino, by JM\COT\GUI\config.bin/CfgWorlds/ChernarusPlus/Names/Settlement_Drozhino/
12:47:07.607 Updating base class ->Settlement_Sosnovka, by JM\COT\GUI\config.bin/CfgWorlds/ChernarusPlus/Names/Settlement_Sosnovka/
12:47:07.607 Updating base class ->Settlement_Nizhneye, by JM\COT\GUI\config.bin/CfgWorlds/ChernarusPlus/Names/Settlement_Nizhneye/
12:47:07.607 Updating base class ->Settlement_Pulkovo, by JM\COT\GUI\config.bin/CfgWorlds/ChernarusPlus/Names/Settlement_Pulkovo/
12:47:07.607 Updating base class ->Settlement_Berezhki, by JM\COT\GUI\config.bin/CfgWorlds/ChernarusPlus/Names/Settlement_Berezhki/
12:47:07.607 Updating base class ->Settlement_Turovo, by JM\COT\GUI\config.bin/CfgWorlds/ChernarusPlus/Names/Settlement_Turovo/
12:47:07.607 Updating base class ->Settlement_BelayaPolyana, by JM\COT\GUI\config.bin/CfgWorlds/ChernarusPlus/Names/Settlement_BelayaPolyana/
12:47:07.607 Updating base class ->Settlement_Dobroye, by JM\COT\GUI\config.bin/CfgWorlds/ChernarusPlus/Names/Settlement_Dobroye/
12:47:07.607 Updating base class ->Settlement_Nagornoye, by JM\COT\GUI\config.bin/CfgWorlds/ChernarusPlus/Names/Settlement_Nagornoye/
12:47:07.607 Updating base class ->Settlement_Svergino, by JM\COT\GUI\config.bin/CfgWorlds/ChernarusPlus/Names/Settlement_Svergino/
12:47:07.607 Updating base class ->Settlement_Ratnoye, by JM\COT\GUI\config.bin/CfgWorlds/ChernarusPlus/Names/Settlement_Ratnoye/
12:47:07.607 Updating base class ->Settlement_Kamensk, by JM\COT\GUI\config.bin/CfgWorlds/ChernarusPlus/Names/Settlement_Kamensk/
12:47:07.607 Updating base class ->Settlement_Krasnoye, by JM\COT\GUI\config.bin/CfgWorlds/ChernarusPlus/Names/Settlement_Krasnoye/
12:47:07.607 Updating base class ->Settlement_StaryYar, by JM\COT\GUI\config.bin/CfgWorlds/ChernarusPlus/Names/Settlement_StaryYar/
12:47:07.607 Updating base class ->Settlement_Polesovo, by JM\COT\GUI\config.bin/CfgWorlds/ChernarusPlus/Names/Settlement_Polesovo/
12:47:07.607 Updating base class ->Settlement_Tisy, by JM\COT\GUI\config.bin/CfgWorlds/ChernarusPlus/Names/Settlement_Tisy/
12:47:07.607 Updating base class ->Settlement_Topolniki, by JM\COT\GUI\config.bin/CfgWorlds/ChernarusPlus/Names/Settlement_Topolniki/
12:47:07.607 Updating base class ->Settlement_Zaprudnoye, by JM\COT\GUI\config.bin/CfgWorlds/ChernarusPlus/Names/Settlement_Zaprudnoye/
12:47:07.607 Updating base class ->Settlement_Sinystok, by JM\COT\GUI\config.bin/CfgWorlds/ChernarusPlus/Names/Settlement_Sinystok/
12:47:07.607 Updating base class ->Settlement_Vavilovo, by JM\COT\GUI\config.bin/CfgWorlds/ChernarusPlus/Names/Settlement_Vavilovo/
12:47:07.607 Updating base class ->Settlement_Kumyrna, by JM\COT\GUI\config.bin/CfgWorlds/ChernarusPlus/Names/Settlement_Kumyrna/
12:47:07.607 Updating base class ->Settlement_Kalinovka, by JM\COT\GUI\config.bin/CfgWorlds/ChernarusPlus/Names/Settlement_Kalinovka/
12:47:07.607 Updating base class ->Settlement_Bogatyrka, by JM\COT\GUI\config.bin/CfgWorlds/ChernarusPlus/Names/Settlement_Bogatyrka/
12:47:07.607 Updating base class ->Settlement_SvyatoyRomanSkiResort, by JM\COT\GUI\config.bin/CfgWorlds/ChernarusPlus/Names/Settlement_SvyatoyRomanSkiResort/
12:47:07.607 Updating base class ->Settlement_SKVSChBiathlonArena, by JM\COT\GUI\config.bin/CfgWorlds/ChernarusPlus/Names/Settlement_SKVSChBiathlonArena/
12:47:07.607 Updating base class ->Settlement_Zvir, by JM\COT\GUI\config.bin/CfgWorlds/ChernarusPlus/Names/Settlement_Zvir/
12:47:07.607 Updating base class ->Settlement_Zabolotye, by JM\COT\GUI\config.bin/CfgWorlds/ChernarusPlus/Names/Settlement_Zabolotye/
12:47:07.607 Updating base class ->Settlement_Galkino, by JM\COT\GUI\config.bin/CfgWorlds/ChernarusPlus/Names/Settlement_Galkino/
12:47:07.607 Updating base class ->Camp_Arsenovo, by JM\COT\GUI\config.bin/CfgWorlds/ChernarusPlus/Names/Camp_Arsenovo/
12:47:07.607 Updating base class ->Camp_Stroytel, by JM\COT\GUI\config.bin/CfgWorlds/ChernarusPlus/Names/Camp_Stroytel/
12:47:07.607 Updating base class ->Camp_Romashka, by JM\COT\GUI\config.bin/CfgWorlds/ChernarusPlus/Names/Camp_Romashka/
12:47:07.607 Updating base class ->Camp_Kometa, by JM\COT\GUI\config.bin/CfgWorlds/ChernarusPlus/Names/Camp_Kometa/
12:47:07.607 Updating base class ->Camp_Druzhba, by JM\COT\GUI\config.bin/CfgWorlds/ChernarusPlus/Names/Camp_Druzhba/
12:47:07.607 Updating base class ->Camp_Nadezhda, by JM\COT\GUI\config.bin/CfgWorlds/ChernarusPlus/Names/Camp_Nadezhda/
12:47:07.607 Updating base class ->Camp_YouthPioneer, by JM\COT\GUI\config.bin/CfgWorlds/ChernarusPlus/Names/Camp_YouthPioneer/
12:47:07.607 Updating base class ->Camp_ProudChernarus, by JM\COT\GUI\config.bin/CfgWorlds/ChernarusPlus/Names/Camp_ProudChernarus/
12:47:07.607 Updating base class ->Camp_Shkolnik, by JM\COT\GUI\config.bin/CfgWorlds/ChernarusPlus/Names/Camp_Shkolnik/
12:47:07.607 Updating base class ->Camp_Pobeda, by JM\COT\GUI\config.bin/CfgWorlds/ChernarusPlus/Names/Camp_Pobeda/
12:47:07.607 Updating base class ->Camp_Metalurg, by JM\COT\GUI\config.bin/CfgWorlds/ChernarusPlus/Names/Camp_Metalurg/
12:47:07.607 Updating base class ->Hill_Zelenayagora, by JM\COT\GUI\config.bin/CfgWorlds/ChernarusPlus/Names/Hill_Zelenayagora/
12:47:07.607 Updating base class ->Local_Dichina, by JM\COT\GUI\config.bin/CfgWorlds/ChernarusPlus/Names/Local_Dichina/
12:47:07.607 Updating base class ->Local_Novylug, by JM\COT\GUI\config.bin/CfgWorlds/ChernarusPlus/Names/Local_Novylug/
12:47:07.607 Updating base class ->Local_Staryeluga, by JM\COT\GUI\config.bin/CfgWorlds/ChernarusPlus/Names/Local_Staryeluga/
12:47:07.607 Updating base class ->Hill_Vysota, by JM\COT\GUI\config.bin/CfgWorlds/ChernarusPlus/Names/Hill_Vysota/
12:47:07.607 Updating base class ->Hill_Kopyto, by JM\COT\GUI\config.bin/CfgWorlds/ChernarusPlus/Names/Hill_Kopyto/
12:47:07.607 Updating base class ->Local_Grubyeskaly, by JM\COT\GUI\config.bin/CfgWorlds/ChernarusPlus/Names/Local_Grubyeskaly/
12:47:07.607 Updating base class ->Local_Chernyles, by JM\COT\GUI\config.bin/CfgWorlds/ChernarusPlus/Names/Local_Chernyles/
12:47:07.607 Updating base class ->Hill_Altar, by JM\COT\GUI\config.bin/CfgWorlds/ChernarusPlus/Names/Hill_Altar/
12:47:07.607 Updating base class ->Local_RadioZenit, by JM\COT\GUI\config.bin/CfgWorlds/ChernarusPlus/Names/Local_RadioZenit/
12:47:07.607 Updating base class ->Hill_PikKozlova, by JM\COT\GUI\config.bin/CfgWorlds/ChernarusPlus/Names/Hill_PikKozlova/
12:47:07.607 Updating base class ->Local_Pustoykhrebet, by JM\COT\GUI\config.bin/CfgWorlds/ChernarusPlus/Names/Local_Pustoykhrebet/
12:47:07.607 Updating base class ->Hill_Bashnya, by JM\COT\GUI\config.bin/CfgWorlds/ChernarusPlus/Names/Hill_Bashnya/
12:47:07.607 Updating base class ->Hill_Veresnik, by JM\COT\GUI\config.bin/CfgWorlds/ChernarusPlus/Names/Hill_Veresnik/
12:47:07.607 Updating base class ->Hill_Kurgan, by JM\COT\GUI\config.bin/CfgWorlds/ChernarusPlus/Names/Hill_Kurgan/
12:47:07.607 Updating base class ->Hill_Kustryk, by JM\COT\GUI\config.bin/CfgWorlds/ChernarusPlus/Names/Hill_Kustryk/
12:47:07.607 Updating base class ->Hill_Vetryanayagora, by JM\COT\GUI\config.bin/CfgWorlds/ChernarusPlus/Names/Hill_Vetryanayagora/
12:47:07.607 Updating base class ->Hill_Kalmyk, by JM\COT\GUI\config.bin/CfgWorlds/ChernarusPlus/Names/Hill_Kalmyk/
12:47:07.607 Updating base class ->Hill_PopIvan, by JM\COT\GUI\config.bin/CfgWorlds/ChernarusPlus/Names/Hill_PopIvan/
12:47:07.607 Updating base class ->Hill_Erbenka, by JM\COT\GUI\config.bin/CfgWorlds/ChernarusPlus/Names/Hill_Erbenka/
12:47:07.607 Updating base class ->Local_Lesnoykhrebet, by JM\COT\GUI\config.bin/CfgWorlds/ChernarusPlus/Names/Local_Lesnoykhrebet/
12:47:07.607 Updating base class ->Hill_Vysokiykamen, by JM\COT\GUI\config.bin/CfgWorlds/ChernarusPlus/Names/Hill_Vysokiykamen/
12:47:07.607 Updating base class ->Hill_Dobry, by JM\COT\GUI\config.bin/CfgWorlds/ChernarusPlus/Names/Hill_Dobry/
12:47:07.607 Updating base class ->Hill_Baranchik, by JM\COT\GUI\config.bin/CfgWorlds/ChernarusPlus/Names/Hill_Baranchik/
12:47:07.607 Updating base class ->Hill_Malinovka, by JM\COT\GUI\config.bin/CfgWorlds/ChernarusPlus/Names/Hill_Malinovka/
12:47:07.607 Updating base class ->Hill_Dubina, by JM\COT\GUI\config.bin/CfgWorlds/ChernarusPlus/Names/Hill_Dubina/
12:47:07.607 Updating base class ->Hill_Klen, by JM\COT\GUI\config.bin/CfgWorlds/ChernarusPlus/Names/Hill_Klen/
12:47:07.607 Updating base class ->Hill_Chernayagora, by JM\COT\GUI\config.bin/CfgWorlds/ChernarusPlus/Names/Hill_Chernayagora/
12:47:07.607 Updating base class ->Ruin_Zolotar, by JM\COT\GUI\config.bin/CfgWorlds/ChernarusPlus/Names/Ruin_Zolotar/
12:47:07.607 Updating base class ->Hill_Ostry, by JM\COT\GUI\config.bin/CfgWorlds/ChernarusPlus/Names/Hill_Ostry/
12:47:07.607 Updating base class ->Hill_Olsha, by JM\COT\GUI\config.bin/CfgWorlds/ChernarusPlus/Names/Hill_Olsha/
12:47:07.607 Updating base class ->Marine_Tikhiyzaliv, by JM\COT\GUI\config.bin/CfgWorlds/ChernarusPlus/Names/Marine_Tikhiyzaliv/
12:47:07.607 Updating base class ->Marine_Mutnyizaliv, by JM\COT\GUI\config.bin/CfgWorlds/ChernarusPlus/Names/Marine_Mutnyizaliv/
12:47:07.607 Updating base class ->Marine_Chernyzaliv, by JM\COT\GUI\config.bin/CfgWorlds/ChernarusPlus/Names/Marine_Chernyzaliv/
12:47:07.607 Updating base class ->Marine_Zelenyzaliv, by JM\COT\GUI\config.bin/CfgWorlds/ChernarusPlus/Names/Marine_Zelenyzaliv/
12:47:07.607 Updating base class ->Marine_Skalistyproliv, by JM\COT\GUI\config.bin/CfgWorlds/ChernarusPlus/Names/Marine_Skalistyproliv/
12:47:07.607 Updating base class ->Marine_Nizhniyzaliv, by JM\COT\GUI\config.bin/CfgWorlds/ChernarusPlus/Names/Marine_Nizhniyzaliv/
12:47:07.607 Updating base class ->Marine_ZalivGuba, by JM\COT\GUI\config.bin/CfgWorlds/ChernarusPlus/Names/Marine_ZalivGuba/
12:47:07.607 Updating base class ->Marine_Rify, by JM\COT\GUI\config.bin/CfgWorlds/ChernarusPlus/Names/Marine_Rify/
12:47:07.607 Updating base class ->Marine_Ivovoyeozero, by JM\COT\GUI\config.bin/CfgWorlds/ChernarusPlus/Names/Marine_Ivovoyeozero/
12:47:07.607 Updating base class ->Marine_Chernoyeozero, by JM\COT\GUI\config.bin/CfgWorlds/ChernarusPlus/Names/Marine_Chernoyeozero/
12:47:07.607 Updating base class ->Marine_PlotinaTopolka, by JM\COT\GUI\config.bin/CfgWorlds/ChernarusPlus/Names/Marine_PlotinaTopolka/
12:47:07.607 Updating base class ->Marine_PlotinaPobeda, by JM\COT\GUI\config.bin/CfgWorlds/ChernarusPlus/Names/Marine_PlotinaPobeda/
12:47:07.607 Updating base class ->Marine_PlotinaTishina, by JM\COT\GUI\config.bin/CfgWorlds/ChernarusPlus/Names/Marine_PlotinaTishina/
12:47:07.607 Updating base class ->Marine_Ozerko, by JM\COT\GUI\config.bin/CfgWorlds/ChernarusPlus/Names/Marine_Ozerko/
12:47:07.607 Updating base class ->Marine_Prud, by JM\COT\GUI\config.bin/CfgWorlds/ChernarusPlus/Names/Marine_Prud/
12:47:07.607 Updating base class ->Ruin_Chortovzamok, by JM\COT\GUI\config.bin/CfgWorlds/ChernarusPlus/Names/Ruin_Chortovzamok/
12:47:07.607 Updating base class ->Ruin_Zub, by JM\COT\GUI\config.bin/CfgWorlds/ChernarusPlus/Names/Ruin_Zub/
12:47:07.607 Updating base class ->Ruin_Rog, by JM\COT\GUI\config.bin/CfgWorlds/ChernarusPlus/Names/Ruin_Rog/
12:47:07.607 Updating base class ->Local_Grozovypereval, by JM\COT\GUI\config.bin/CfgWorlds/ChernarusPlus/Names/Local_Grozovypereval/
12:47:07.607 Updating base class ->Local_Sosnovypereval, by JM\COT\GUI\config.bin/CfgWorlds/ChernarusPlus/Names/Local_Sosnovypereval/
12:47:07.607 Updating base class ->Local_PerevalOreshka, by JM\COT\GUI\config.bin/CfgWorlds/ChernarusPlus/Names/Local_PerevalOreshka/
12:47:07.607 Updating base class ->Local_Turovskiypereval, by JM\COT\GUI\config.bin/CfgWorlds/ChernarusPlus/Names/Local_Turovskiypereval/
12:47:07.607 Updating base class ->Local_Tridoliny, by JM\COT\GUI\config.bin/CfgWorlds/ChernarusPlus/Names/Local_Tridoliny/
12:47:07.607 Updating base class ->Local_Grozovyedoly, by JM\COT\GUI\config.bin/CfgWorlds/ChernarusPlus/Names/Local_Grozovyedoly/
12:47:07.607 Updating base class ->Ruin_Klyuch, by JM\COT\GUI\config.bin/CfgWorlds/ChernarusPlus/Names/Ruin_Klyuch/
12:47:07.607 Updating base class ->Hill_Lysayagora, by JM\COT\GUI\config.bin/CfgWorlds/ChernarusPlus/Names/Hill_Lysayagora/
12:47:07.607 Updating base class ->Marine_Glubokoyeozero, by JM\COT\GUI\config.bin/CfgWorlds/ChernarusPlus/Names/Marine_Glubokoyeozero/
12:47:07.607 Updating base class ->Local_Skalka, by JM\COT\GUI\config.bin/CfgWorlds/ChernarusPlus/Names/Local_Skalka/
12:47:07.607 Updating base class ->Local_Vidy, by JM\COT\GUI\config.bin/CfgWorlds/ChernarusPlus/Names/Local_Vidy/
12:47:07.607 Updating base class ->Hill_Tumannyverkh, by JM\COT\GUI\config.bin/CfgWorlds/ChernarusPlus/Names/Hill_Tumannyverkh/
12:47:07.607 Updating base class ->Local_Adamovka, by JM\COT\GUI\config.bin/CfgWorlds/ChernarusPlus/Names/Local_Adamovka/
12:47:07.607 Updating base class ->Hill_Shishok, by JM\COT\GUI\config.bin/CfgWorlds/ChernarusPlus/Names/Hill_Shishok/
12:47:07.607 Updating base class ->Settlement_Skalisty, by JM\COT\GUI\config.bin/CfgWorlds/ChernarusPlus/Names/Settlement_Skalisty/
12:47:07.607 Updating base class ->Ruin_Storozh, by JM\COT\GUI\config.bin/CfgWorlds/ChernarusPlus/Names/Ruin_Storozh/
12:47:07.607 Updating base class ->Local_Drakon, by JM\COT\GUI\config.bin/CfgWorlds/ChernarusPlus/Names/Local_Drakon/
12:47:07.607 Updating base class ->Local_Otmel, by JM\COT\GUI\config.bin/CfgWorlds/ChernarusPlus/Names/Local_Otmel/
12:47:07.608 Updating base class ->Local_MysGolova, by JM\COT\GUI\config.bin/CfgWorlds/ChernarusPlus/Names/Local_MysGolova/
12:47:07.608 Updating base class ->Local_MysKrutoy, by JM\COT\GUI\config.bin/CfgWorlds/ChernarusPlus/Names/Local_MysKrutoy/
12:47:07.608 Updating base class ->Hill_Tokarnya, by JM\COT\GUI\config.bin/CfgWorlds/ChernarusPlus/Names/Hill_Tokarnya/
12:47:07.608 Updating base class ->Hill_Ostrog, by JM\COT\GUI\config.bin/CfgWorlds/ChernarusPlus/Names/Hill_Ostrog/
12:47:07.608 Updating base class ->Local_Maryanka, by JM\COT\GUI\config.bin/CfgWorlds/ChernarusPlus/Names/Local_Maryanka/
12:47:07.608 Updating base class ->Local_Polonina, by JM\COT\GUI\config.bin/CfgWorlds/ChernarusPlus/Names/Local_Polonina/
12:47:07.608 Updating base class ->Local_Kalinka, by JM\COT\GUI\config.bin/CfgWorlds/ChernarusPlus/Names/Local_Kalinka/
12:47:07.608 Updating base class ->Hill_Kikimora, by JM\COT\GUI\config.bin/CfgWorlds/ChernarusPlus/Names/Hill_Kikimora/
12:47:07.608 Updating base class ->Hill_BolshoyKotel, by JM\COT\GUI\config.bin/CfgWorlds/ChernarusPlus/Names/Hill_BolshoyKotel/
12:47:07.608 Updating base class ->Hill_Simurg, by JM\COT\GUI\config.bin/CfgWorlds/ChernarusPlus/Names/Hill_Simurg/
12:47:07.608 Updating base class ->Hill_Volchiypik, by JM\COT\GUI\config.bin/CfgWorlds/ChernarusPlus/Names/Hill_Volchiypik/
12:47:07.608 Updating base class ->Ruin_Krona, by JM\COT\GUI\config.bin/CfgWorlds/ChernarusPlus/Names/Ruin_Krona/
12:47:07.608 Updating base class ->Local_TriKresta, by JM\COT\GUI\config.bin/CfgWorlds/ChernarusPlus/Names/Local_TriKresta/
12:47:07.608 Updating base class ->Local_Rostoki, by JM\COT\GUI\config.bin/CfgWorlds/ChernarusPlus/Names/Local_Rostoki/
12:47:07.608 Updating base class ->Marine_OrlyeOzero, by JM\COT\GUI\config.bin/CfgWorlds/ChernarusPlus/Names/Marine_OrlyeOzero/
12:47:07.608 Updating base class ->Local_Makosh, by JM\COT\GUI\config.bin/CfgWorlds/ChernarusPlus/Names/Local_Makosh/
12:47:07.608 Updating base class ->Local_Klenovyipereval, by JM\COT\GUI\config.bin/CfgWorlds/ChernarusPlus/Names/Local_Klenovyipereval/
12:47:07.608 Updating base class ->Local_Zmeinykhrebet, by JM\COT\GUI\config.bin/CfgWorlds/ChernarusPlus/Names/Local_Zmeinykhrebet/
12:47:07.608 Updating base class ->Hill_Sokol, by JM\COT\GUI\config.bin/CfgWorlds/ChernarusPlus/Names/Hill_Sokol/
12:47:07.608 Updating base class ->Local_Krutyeskaly, by JM\COT\GUI\config.bin/CfgWorlds/ChernarusPlus/Names/Local_Krutyeskaly/
12:47:07.608 Updating base class ->Local_Bogat, by JM\COT\GUI\config.bin/CfgWorlds/ChernarusPlus/Names/Local_Bogat/
12:47:07.608 Updating base class ->Local_Dubnik, by JM\COT\GUI\config.bin/CfgWorlds/ChernarusPlus/Names/Local_Dubnik/
12:47:07.608 Updating base class ->Hill_Viselitsa, by JM\COT\GUI\config.bin/CfgWorlds/ChernarusPlus/Names/Hill_Viselitsa/
12:47:07.608 Updating base class ->Local_Dazhbog, by JM\COT\GUI\config.bin/CfgWorlds/ChernarusPlus/Names/Local_Dazhbog/
12:47:07.608 Updating base class ->Marine_Verbnik, by JM\COT\GUI\config.bin/CfgWorlds/ChernarusPlus/Names/Marine_Verbnik/
12:47:07.608 Updating base class ->Local_Medvezhilugi, by JM\COT\GUI\config.bin/CfgWorlds/ChernarusPlus/Names/Local_Medvezhilugi/
12:47:07.608 Updating base class ->Ruin_Voron, by JM\COT\GUI\config.bin/CfgWorlds/ChernarusPlus/Names/Ruin_Voron/
12:47:07.608 Updating base class ->Ruin_Gnomovzamok, by JM\COT\GUI\config.bin/CfgWorlds/ChernarusPlus/Names/Ruin_Gnomovzamok/
12:47:07.608 Updating base class ->Marine_Glaza, by JM\COT\GUI\config.bin/CfgWorlds/ChernarusPlus/Names/Marine_Glaza/
12:47:07.608 Updating base class ->Local_KarerKrasnayaZarya, by JM\COT\GUI\config.bin/CfgWorlds/ChernarusPlus/Names/Local_KarerKrasnayaZarya/
12:47:07.608 Updating base class ->Local_Matveyevo, by JM\COT\GUI\config.bin/CfgWorlds/ChernarusPlus/Names/Local_Matveyevo/
12:47:07.608 Updating base class ->Local_Kotka, by JM\COT\GUI\config.bin/CfgWorlds/ChernarusPlus/Names/Local_Kotka/
12:47:07.608 Updating base class ->Local_Chernyeskaly, by JM\COT\GUI\config.bin/CfgWorlds/ChernarusPlus/Names/Local_Chernyeskaly/
12:47:07.608 Updating base class ->Hill_SvyatoyRoman, by JM\COT\GUI\config.bin/CfgWorlds/ChernarusPlus/Names/Hill_SvyatoyRoman/
12:47:07.608 Updating base class ->Hill_Koman, by JM\COT\GUI\config.bin/CfgWorlds/ChernarusPlus/Names/Hill_Koman/
12:47:07.608 Updating base class ->Hill_Mayak, by JM\COT\GUI\config.bin/CfgWorlds/ChernarusPlus/Names/Hill_Mayak/
12:47:07.608 Updating base class ->Local_MB_VMC, by JM\COT\GUI\config.bin/CfgWorlds/ChernarusPlus/Names/Local_MB_VMC/
12:47:07.608 Updating base class ->Local_MB_Tisy, by JM\COT\GUI\config.bin/CfgWorlds/ChernarusPlus/Names/Local_MB_Tisy/
12:47:07.608 Updating base class ->Local_MB_Kamensk, by JM\COT\GUI\config.bin/CfgWorlds/ChernarusPlus/Names/Local_MB_Kamensk/
12:47:07.608 Updating base class ->Local_MB_Zeleno, by JM\COT\GUI\config.bin/CfgWorlds/ChernarusPlus/Names/Local_MB_Zeleno/
12:47:07.608 Updating base class ->Local_MB_Pavlovo, by JM\COT\GUI\config.bin/CfgWorlds/ChernarusPlus/Names/Local_MB_Pavlovo/
12:47:07.608 Updating base class ->Local_AF_Balota, by JM\COT\GUI\config.bin/CfgWorlds/ChernarusPlus/Names/Local_AF_Balota/
12:47:07.608 Updating base class ->Local_AF_Krasno, by JM\COT\GUI\config.bin/CfgWorlds/ChernarusPlus/Names/Local_AF_Krasno/
12:47:07.608 Updating base class ->Local_AF_Vybor, by JM\COT\GUI\config.bin/CfgWorlds/ChernarusPlus/Names/Local_AF_Vybor/
12:47:07.637 Updating base class ->ItemOptics, by MunghardsItems\testscope\config.bin/cfgvehicles/Leupold_mung/
12:47:07.702 Updating base class TentBase->Container_Base, by CodeLock\codelock\config.bin/CfgVehicles/MediumTent/
12:47:07.702 Updating base class TentBase->Container_Base, by CodeLock\codelock\config.bin/CfgVehicles/LargeTent/
12:47:07.702 Updating base class TentBase->Container_Base, by CodeLock\codelock\config.bin/CfgVehicles/CarTent/
12:47:07.711 Updating base class MapDefaults->, by DayZExpansion\Navigation\Worlds\chernarusplus\config.bin/RscMapControl/
12:47:07.711 Updating base class Container_Base->TentBase, by DayZExpansion\Objects\Basebuilding\Vanilla\Tents\config.bin/CfgVehicles/MediumTent/
12:47:07.711 Updating base class ->GUIInventoryAttachmentsProps, by DayZExpansion\Objects\Basebuilding\Vanilla\Tents\config.bin/CfgVehicles/MediumTent/GUIInventoryAttachmentsProps/
12:47:07.711 Updating base class Container_Base->TentBase, by DayZExpansion\Objects\Basebuilding\Vanilla\Tents\config.bin/CfgVehicles/LargeTent/
12:47:07.711 Updating base class ->GUIInventoryAttachmentsProps, by DayZExpansion\Objects\Basebuilding\Vanilla\Tents\config.bin/CfgVehicles/LargeTent/GUIInventoryAttachmentsProps/
12:47:07.711 Updating base class Container_Base->TentBase, by DayZExpansion\Objects\Basebuilding\Vanilla\Tents\config.bin/CfgVehicles/CarTent/
12:47:07.711 Updating base class ->GUIInventoryAttachmentsProps, by DayZExpansion\Objects\Basebuilding\Vanilla\Tents\config.bin/CfgVehicles/CarTent/GUIInventoryAttachmentsProps/
12:47:07.711 Updating base class ->GUIInventoryAttachmentsProps, by DayZExpansion\Objects\Basebuilding\Vanilla\Tents\config.bin/CfgVehicles/PartyTent/GUIInventoryAttachmentsProps/
12:47:07.927 Updating base class ->GUIInventoryAttachmentsProps, by DayZExpansion\Vehicles\Ground\CivillianSedan\config.bin/CfgVehicles/CivilianSedan/GUIInventoryAttachmentsProps/
12:47:07.927 Updating base class ->Body, by DayZExpansion\Vehicles\Ground\CivillianSedan\config.bin/CfgVehicles/CivilianSedan/GUIInventoryAttachmentsProps/Body/
12:47:07.927 Updating base class DamageSystem->, by DayZExpansion\Vehicles\Ground\CivillianSedan\config.bin/CfgVehicles/CivSedanDoors_Driver/DamageSystem/
12:47:07.927 Updating base class GlobalHealth->, by DayZExpansion\Vehicles\Ground\CivillianSedan\config.bin/CfgVehicles/CivSedanDoors_Driver/DamageSystem/GlobalHealth/
12:47:07.927 Updating base class DamageZones->, by DayZExpansion\Vehicles\Ground\CivillianSedan\config.bin/CfgVehicles/CivSedanDoors_Driver/DamageSystem/DamageZones/
12:47:07.927 Updating base class Window->, by DayZExpansion\Vehicles\Ground\CivillianSedan\config.bin/CfgVehicles/CivSedanDoors_Driver/DamageSystem/DamageZones/Window/
12:47:07.927 Updating base class Health->, by DayZExpansion\Vehicles\Ground\CivillianSedan\config.bin/CfgVehicles/CivSedanDoors_Driver/DamageSystem/DamageZones/Window/Health/
12:47:07.927 Updating base class Doors->, by DayZExpansion\Vehicles\Ground\CivillianSedan\config.bin/CfgVehicles/CivSedanDoors_Driver/DamageSystem/DamageZones/Doors/
12:47:07.927 Updating base class Health->, by DayZExpansion\Vehicles\Ground\CivillianSedan\config.bin/CfgVehicles/CivSedanDoors_Driver/DamageSystem/DamageZones/Doors/Health/
12:47:07.934 Updating base class ->GUIInventoryAttachmentsProps, by DayZExpansion\Vehicles\Ground\Hatchback_02\config.bin/CfgVehicles/Hatchback_02/GUIInventoryAttachmentsProps/
12:47:07.934 Updating base class ->Body, by DayZExpansion\Vehicles\Ground\Hatchback_02\config.bin/CfgVehicles/Hatchback_02/GUIInventoryAttachmentsProps/Body/
12:47:07.934 Updating base class DamageSystem->, by DayZExpansion\Vehicles\Ground\Hatchback_02\config.bin/CfgVehicles/Hatchback_02_Door_1_1/DamageSystem/
12:47:07.934 Updating base class GlobalHealth->, by DayZExpansion\Vehicles\Ground\Hatchback_02\config.bin/CfgVehicles/Hatchback_02_Door_1_1/DamageSystem/GlobalHealth/
12:47:07.934 Updating base class DamageZones->, by DayZExpansion\Vehicles\Ground\Hatchback_02\config.bin/CfgVehicles/Hatchback_02_Door_1_1/DamageSystem/DamageZones/
12:47:07.934 Updating base class Window->, by DayZExpansion\Vehicles\Ground\Hatchback_02\config.bin/CfgVehicles/Hatchback_02_Door_1_1/DamageSystem/DamageZones/Window/
12:47:07.934 Updating base class Health->, by DayZExpansion\Vehicles\Ground\Hatchback_02\config.bin/CfgVehicles/Hatchback_02_Door_1_1/DamageSystem/DamageZones/Window/Health/
12:47:07.934 Updating base class Doors->, by DayZExpansion\Vehicles\Ground\Hatchback_02\config.bin/CfgVehicles/Hatchback_02_Door_1_1/DamageSystem/DamageZones/Doors/
12:47:07.934 Updating base class Health->, by DayZExpansion\Vehicles\Ground\Hatchback_02\config.bin/CfgVehicles/Hatchback_02_Door_1_1/DamageSystem/DamageZones/Doors/Health/
12:47:07.934 Updating base class DamageSystem->, by DayZExpansion\Vehicles\Ground\Hatchback_02\config.bin/CfgVehicles/Hatchback_02_Door_1_2/DamageSystem/
12:47:07.934 Updating base class GlobalHealth->, by DayZExpansion\Vehicles\Ground\Hatchback_02\config.bin/CfgVehicles/Hatchback_02_Door_1_2/DamageSystem/GlobalHealth/
12:47:07.934 Updating base class DamageZones->, by DayZExpansion\Vehicles\Ground\Hatchback_02\config.bin/CfgVehicles/Hatchback_02_Door_1_2/DamageSystem/DamageZones/
12:47:07.934 Updating base class Window->, by DayZExpansion\Vehicles\Ground\Hatchback_02\config.bin/CfgVehicles/Hatchback_02_Door_1_2/DamageSystem/DamageZones/Window/
12:47:07.934 Updating base class Health->, by DayZExpansion\Vehicles\Ground\Hatchback_02\config.bin/CfgVehicles/Hatchback_02_Door_1_2/DamageSystem/DamageZones/Window/Health/
12:47:07.934 Updating base class Doors->, by DayZExpansion\Vehicles\Ground\Hatchback_02\config.bin/CfgVehicles/Hatchback_02_Door_1_2/DamageSystem/DamageZones/Doors/
12:47:07.934 Updating base class Health->, by DayZExpansion\Vehicles\Ground\Hatchback_02\config.bin/CfgVehicles/Hatchback_02_Door_1_2/DamageSystem/DamageZones/Doors/Health/
12:47:07.934 Updating base class Hatchback_02_Door_1_1->CarDoor, by DayZExpansion\Vehicles\Ground\Hatchback_02\config.bin/CfgVehicles/Hatchback_02_Hood/
12:47:07.934 Updating base class Hatchback_02_Door_1_1->CarDoor, by DayZExpansion\Vehicles\Ground\Hatchback_02\config.bin/CfgVehicles/Hatchback_02_Trunk/
12:47:07.934 Updating base class DamageSystem->, by DayZExpansion\Vehicles\Ground\Hatchback_02\config.bin/CfgVehicles/Hatchback_02_Trunk/DamageSystem/
12:47:07.934 Updating base class GlobalHealth->, by DayZExpansion\Vehicles\Ground\Hatchback_02\config.bin/CfgVehicles/Hatchback_02_Trunk/DamageSystem/GlobalHealth/
12:47:07.950 Updating base class ->GUIInventoryAttachmentsProps, by DayZExpansion\Vehicles\Ground\OffroadHatchback\config.bin/CfgVehicles/OffroadHatchback/GUIInventoryAttachmentsProps/
12:47:07.950 Updating base class ->Body, by DayZExpansion\Vehicles\Ground\OffroadHatchback\config.bin/CfgVehicles/OffroadHatchback/GUIInventoryAttachmentsProps/Body/
12:47:07.950 Updating base class DamageSystem->, by DayZExpansion\Vehicles\Ground\OffroadHatchback\config.bin/CfgVehicles/HatchbackDoors_Driver/DamageSystem/
12:47:07.950 Updating base class GlobalHealth->, by DayZExpansion\Vehicles\Ground\OffroadHatchback\config.bin/CfgVehicles/HatchbackDoors_Driver/DamageSystem/GlobalHealth/
12:47:07.950 Updating base class DamageZones->, by DayZExpansion\Vehicles\Ground\OffroadHatchback\config.bin/CfgVehicles/HatchbackDoors_Driver/DamageSystem/DamageZones/
12:47:07.950 Updating base class Window->, by DayZExpansion\Vehicles\Ground\OffroadHatchback\config.bin/CfgVehicles/HatchbackDoors_Driver/DamageSystem/DamageZones/Window/
12:47:07.950 Updating base class Health->, by DayZExpansion\Vehicles\Ground\OffroadHatchback\config.bin/CfgVehicles/HatchbackDoors_Driver/DamageSystem/DamageZones/Window/Health/
12:47:07.950 Updating base class Doors->, by DayZExpansion\Vehicles\Ground\OffroadHatchback\config.bin/CfgVehicles/HatchbackDoors_Driver/DamageSystem/DamageZones/Doors/
12:47:07.950 Updating base class Health->, by DayZExpansion\Vehicles\Ground\OffroadHatchback\config.bin/CfgVehicles/HatchbackDoors_Driver/DamageSystem/DamageZones/Doors/Health/
12:47:07.951 Updating base class DamageSystem->, by DayZExpansion\Vehicles\Ground\OffroadHatchback\config.bin/CfgVehicles/HatchbackTrunk/DamageSystem/
12:47:07.958 Updating base class ->GUIInventoryAttachmentsProps, by DayZExpansion\Vehicles\Ground\Sedan_02\config.bin/CfgVehicles/Sedan_02/GUIInventoryAttachmentsProps/
12:47:07.958 Updating base class ->Body, by DayZExpansion\Vehicles\Ground\Sedan_02\config.bin/CfgVehicles/Sedan_02/GUIInventoryAttachmentsProps/Body/
12:47:07.958 Updating base class DamageSystem->, by DayZExpansion\Vehicles\Ground\Sedan_02\config.bin/CfgVehicles/Sedan_02_Door_1_1/DamageSystem/
12:47:07.958 Updating base class GlobalHealth->, by DayZExpansion\Vehicles\Ground\Sedan_02\config.bin/CfgVehicles/Sedan_02_Door_1_1/DamageSystem/GlobalHealth/
12:47:07.958 Updating base class DamageZones->, by DayZExpansion\Vehicles\Ground\Sedan_02\config.bin/CfgVehicles/Sedan_02_Door_1_1/DamageSystem/DamageZones/
12:47:07.958 Updating base class Window->, by DayZExpansion\Vehicles\Ground\Sedan_02\config.bin/CfgVehicles/Sedan_02_Door_1_1/DamageSystem/DamageZones/Window/
12:47:07.958 Updating base class Health->, by DayZExpansion\Vehicles\Ground\Sedan_02\config.bin/CfgVehicles/Sedan_02_Door_1_1/DamageSystem/DamageZones/Window/Health/
12:47:07.958 Updating base class Doors->, by DayZExpansion\Vehicles\Ground\Sedan_02\config.bin/CfgVehicles/Sedan_02_Door_1_1/DamageSystem/DamageZones/Doors/
12:47:07.958 Updating base class Health->, by DayZExpansion\Vehicles\Ground\Sedan_02\config.bin/CfgVehicles/Sedan_02_Door_1_1/DamageSystem/DamageZones/Doors/Health/
12:47:07.958 Updating base class DamageSystem->, by DayZExpansion\Vehicles\Ground\Sedan_02\config.bin/CfgVehicles/Sedan_02_Door_1_2/DamageSystem/
12:47:07.958 Updating base class GlobalHealth->, by DayZExpansion\Vehicles\Ground\Sedan_02\config.bin/CfgVehicles/Sedan_02_Door_1_2/DamageSystem/GlobalHealth/
12:47:07.958 Updating base class DamageZones->, by DayZExpansion\Vehicles\Ground\Sedan_02\config.bin/CfgVehicles/Sedan_02_Door_1_2/DamageSystem/DamageZones/
12:47:07.958 Updating base class Window->, by DayZExpansion\Vehicles\Ground\Sedan_02\config.bin/CfgVehicles/Sedan_02_Door_1_2/DamageSystem/DamageZones/Window/
12:47:07.958 Updating base class Health->, by DayZExpansion\Vehicles\Ground\Sedan_02\config.bin/CfgVehicles/Sedan_02_Door_1_2/DamageSystem/DamageZones/Window/Health/
12:47:07.958 Updating base class Doors->, by DayZExpansion\Vehicles\Ground\Sedan_02\config.bin/CfgVehicles/Sedan_02_Door_1_2/DamageSystem/DamageZones/Doors/
12:47:07.958 Updating base class Health->, by DayZExpansion\Vehicles\Ground\Sedan_02\config.bin/CfgVehicles/Sedan_02_Door_1_2/DamageSystem/DamageZones/Doors/Health/
12:47:07.958 Updating base class DamageSystem->, by DayZExpansion\Vehicles\Ground\Sedan_02\config.bin/CfgVehicles/Sedan_02_Door_2_2/DamageSystem/
12:47:07.958 Updating base class GlobalHealth->, by DayZExpansion\Vehicles\Ground\Sedan_02\config.bin/CfgVehicles/Sedan_02_Door_2_2/DamageSystem/GlobalHealth/
12:47:07.958 Updating base class DamageZones->, by DayZExpansion\Vehicles\Ground\Sedan_02\config.bin/CfgVehicles/Sedan_02_Door_2_2/DamageSystem/DamageZones/
12:47:07.958 Updating base class Window->, by DayZExpansion\Vehicles\Ground\Sedan_02\config.bin/CfgVehicles/Sedan_02_Door_2_2/DamageSystem/DamageZones/Window/
12:47:07.958 Updating base class Health->, by DayZExpansion\Vehicles\Ground\Sedan_02\config.bin/CfgVehicles/Sedan_02_Door_2_2/DamageSystem/DamageZones/Window/Health/
12:47:07.958 Updating base class Doors->, by DayZExpansion\Vehicles\Ground\Sedan_02\config.bin/CfgVehicles/Sedan_02_Door_2_2/DamageSystem/DamageZones/Doors/
12:47:07.958 Updating base class Health->, by DayZExpansion\Vehicles\Ground\Sedan_02\config.bin/CfgVehicles/Sedan_02_Door_2_2/DamageSystem/DamageZones/Doors/Health/
12:47:07.971 Updating base class ->GUIInventoryAttachmentsProps, by DayZExpansion\Vehicles\Ground\Truck_01\config.bin/CfgVehicles/Truck_01_Covered/GUIInventoryAttachmentsProps/
12:47:07.971 Updating base class ->Body, by DayZExpansion\Vehicles\Ground\Truck_01\config.bin/CfgVehicles/Truck_01_Covered/GUIInventoryAttachmentsProps/Body/
12:47:07.995 Updating base class Inventory_Base->CamoNet, by DayZExpansion\Vehicles\Objects\Gear\config.bin/CfgVehicles/CamoNetCivil/
12:47:07.995 Updating base class Inventory_Base->CamoNet, by DayZExpansion\Vehicles\Objects\Gear\config.bin/CfgVehicles/CamoNetDesert/
12:47:07.995 Updating base class Inventory_Base->CamoNet, by DayZExpansion\Vehicles\Objects\Gear\config.bin/CfgVehicles/CamoNetWinter/
12:47:07.995 Updating base class ->Inventory_Base, by DayZExpansion\Vehicles\Objects\Gear\config.bin/CfgVehicles/ExpansionVehicleCover/
12:47:07.995 Updating base class CarCoverBase->ExpansionVehicleCover, by DayZExpansion\Vehicles\Objects\Gear\config.bin/CfgVehicles/ExpansionBus_Cover/
12:47:07.995 Updating base class CarCoverBase->ExpansionVehicleCover, by DayZExpansion\Vehicles\Objects\Gear\config.bin/CfgVehicles/ExpansionUAZ_Cover/
12:47:07.996 Updating base class CarCoverBase->ExpansionVehicleCover, by DayZExpansion\Vehicles\Objects\Gear\config.bin/CfgVehicles/ExpansionMh6_Cover/
12:47:07.996 Updating base class CarCoverBase->ExpansionVehicleCover, by DayZExpansion\Vehicles\Objects\Gear\config.bin/CfgVehicles/ExpansionUh1h_Cover/
12:47:07.996 Updating base class CarCoverBase->ExpansionVehicleCover, by DayZExpansion\Vehicles\Objects\Gear\config.bin/CfgVehicles/ExpansionMerlin_Cover/
12:47:07.997 Updating base class CarCoverBase->ExpansionVehicleCover, by DayZExpansion\Vehicles\Objects\Gear\config.bin/CfgVehicles/ExpansionTractor_Cover/
12:47:07.997 Updating base class CarCoverBase->ExpansionVehicleCover, by DayZExpansion\Vehicles\Objects\Gear\config.bin/CfgVehicles/ExpansionVodnik_Cover/
12:47:08.50 Updating base class base_closeShot_SoundShader->closeShotRifle_SoundShader, by DZ\sounds\hpp\config.bin/CfgSoundShaders/Famas_closeShot_SoundShader/
12:47:08.50 Updating base class base_midShot_SoundShader->midShotRifle_SoundShader, by DZ\sounds\hpp\config.bin/CfgSoundShaders/Famas_midShot_SoundShader/
12:47:08.50 Updating base class base_distShot_SoundShader->distShotRifle_SoundShader, by DZ\sounds\hpp\config.bin/CfgSoundShaders/Famas_distShot_SoundShader/
12:47:08.329 Updating base class Weather->, by DZ\sounds\hpp\config.bin/CfgWorlds/CAWorld/Weather/
12:47:08.350 Updating base class ->Magazine_Base, by DZ\weapons\ammunition\config.bin/CfgMagazines/Ammunition_Base/
12:47:08.350 Updating base class ->Ammunition_Base, by DZ\weapons\ammunition\config.bin/CfgMagazines/Ammo_22/
12:47:08.350 Updating base class ->Box_Base, by DZ\weapons\ammunition\config.bin/CfgVehicles/AmmoBox_556x45_20Rnd/
12:47:08.352 Updating base class ->Bullet_Base, by DZ\weapons\melee\config.bin/CfgAmmo/MeleeDamage/
12:47:08.353 Updating base class ->MeleeDamage, by DZ\weapons\melee\config.bin/CfgAmmo/MeleeFist/
12:47:08.353 Updating base class ->MeleeFist, by DZ\weapons\melee\config.bin/CfgAmmo/MeleeFist_Heavy/
12:47:08.443 Updating base class ->Inventory_Base, by ModularVestSystem\config.cpp/cfgVehicles/Pliers/
12:47:08.443 Updating base class Inventory_Base->Container_Base, by ModularVestSystem\config.cpp/cfgVehicles/Morphine/
12:47:08.443 Updating base class Inventory_Base->Container_Base, by ModularVestSystem\config.cpp/cfgVehicles/Epinephrine/
12:47:08.513 Updating base class Inventory_Base->SNAFU_Atlasbipod_Base, by SNAFU_Guns_02\data\bipods\atlas\config.bin/cfgVehicles/SNAFU_Bipod_Base/
12:47:08.587 Updating base class ->ExpansionSpraycanBase, by DayZExpansion\Vehicles\Air\Merlin\config.bin/CfgVehicles/ExpansionSpraycanDahoman/
12:47:08.587 Updating base class ->ExpansionSpraycanBase, by DayZExpansion\Vehicles\Air\Merlin\config.bin/CfgVehicles/ExpansionSpraycanIon/
12:47:08.588 Updating base class ->ExpansionSpraycanBase, by DayZExpansion\Vehicles\Air\Merlin\config.bin/CfgVehicles/ExpansionSpraycanPresident/
12:47:08.588 Updating base class ->ExpansionSpraycanBase, by DayZExpansion\Vehicles\Air\Merlin\config.bin/CfgVehicles/ExpansionSpraycanVrana/
12:47:08.588 Updating base class ->ExpansionSpraycanBase, by DayZExpansion\Vehicles\Air\Merlin\config.bin/CfgVehicles/ExpansionSpraycanWave/
12:47:08.593 Updating base class ->ExpansionSpraycanBase, by DayZExpansion\Vehicles\Air\Mh6\config.bin/CfgVehicles/ExpansionSpraycanBlueline/
12:47:08.594 Updating base class ->ExpansionSpraycanBase, by DayZExpansion\Vehicles\Air\Mh6\config.bin/CfgVehicles/ExpansionSpraycanDigital/
12:47:08.594 Updating base class ->ExpansionSpraycanBase, by DayZExpansion\Vehicles\Air\Mh6\config.bin/CfgVehicles/ExpansionSpraycanElliptical/
12:47:08.595 Updating base class ->ExpansionSpraycanBase, by DayZExpansion\Vehicles\Air\Mh6\config.bin/CfgVehicles/ExpansionSpraycanFurious/
12:47:08.596 Updating base class ->ExpansionSpraycanBase, by DayZExpansion\Vehicles\Air\Mh6\config.bin/CfgVehicles/ExpansionSpraycanGrayWatcher/
12:47:08.597 Updating base class ->ExpansionSpraycanBase, by DayZExpansion\Vehicles\Air\Mh6\config.bin/CfgVehicles/ExpansionSpraycanJeans/
12:47:08.598 Updating base class ->ExpansionSpraycanBase, by DayZExpansion\Vehicles\Air\Mh6\config.bin/CfgVehicles/ExpansionSpraycanResistance/
12:47:08.599 Updating base class ->ExpansionSpraycanBase, by DayZExpansion\Vehicles\Air\Mh6\config.bin/CfgVehicles/ExpansionSpraycanShadow/
12:47:08.600 Updating base class ->ExpansionSpraycanBase, by DayZExpansion\Vehicles\Air\Mh6\config.bin/CfgVehicles/ExpansionSpraycanSheriff/
12:47:08.601 Updating base class ->ExpansionSpraycanBase, by DayZExpansion\Vehicles\Air\Mh6\config.bin/CfgVehicles/ExpansionSpraycanSpeedy/
12:47:08.602 Updating base class ->ExpansionSpraycanBase, by DayZExpansion\Vehicles\Air\Mh6\config.bin/CfgVehicles/ExpansionSpraycanSunset/
12:47:08.604 Updating base class ->ExpansionSpraycanBase, by DayZExpansion\Vehicles\Air\Mh6\config.bin/CfgVehicles/ExpansionSpraycanWasp/
12:47:08.611 Updating base class ->ExpansionSpraycanBase, by DayZExpansion\Vehicles\Air\Uh1h\config.bin/CfgVehicles/ExpansionSpraycanCivilian/
12:47:08.612 Updating base class ->ExpansionSpraycanBase, by DayZExpansion\Vehicles\Air\Uh1h\config.bin/CfgVehicles/ExpansionSpraycanMedical/
12:47:08.613 Updating base class ->ExpansionSpraycanBase, by DayZExpansion\Vehicles\Air\Uh1h\config.bin/CfgVehicles/ExpansionSpraycanUber/
12:47:08.619 Updating base class ->Bottle_Base, by DZ\gear\cooking\config.bin/CfgVehicles/Pot/
12:47:08.620 Updating base class ->Inventory_Base, by DZ\gear\tools\config.bin/CfgVehicles/Pen_ColorBase/
12:47:08.626 Updating base class ->GUIInventoryAttachmentsProps, by Extension_Helicopters\Toolbox\config.bin/CfgVehicles/ExpansionGyrocopter/GUIInventoryAttachmentsProps/
12:47:08.626 Updating base class ->GUIInventoryAttachmentsProps, by Extension_Helicopters\Toolbox\config.bin/CfgVehicles/ExpansionMerlin/GUIInventoryAttachmentsProps/
12:47:08.626 Updating base class ->GUIInventoryAttachmentsProps, by Extension_Helicopters\Toolbox\config.bin/CfgVehicles/ExpansionMh6/GUIInventoryAttachmentsProps/
12:47:08.626 Updating base class ->GUIInventoryAttachmentsProps, by Extension_Helicopters\Toolbox\config.bin/CfgVehicles/ExpansionUh1h/GUIInventoryAttachmentsProps/
12:47:08.629 Updating base class ->ProxyAttachment, by MassTextures\config.bin/CfgNonAIVehicles/Proxyweapon/
12:47:08.667 Updating base class ->MountainBag_ColorBase, by MassTextures\config.bin/cfgVehicles/MassBox/
12:47:08.678 Updating base class ExplosivesBase->Inventory_Base, by MuchStuffPack\MSP_Storage_proxies\config.bin/CfgVehicles/Grenade_Base/
12:47:08.680 MuchStuffPack\MSP_Storage_proxies\config.bin/CfgNonAIVehicles/Proxyshoulder1.inventorySlot: Cannot update non array from array
12:47:08.680 MuchStuffPack\MSP_Storage_proxies\config.bin/CfgNonAIVehicles/Proxyshoulder2.inventorySlot: Cannot update non array from array
12:47:08.680 MuchStuffPack\MSP_Storage_proxies\config.bin/CfgNonAIVehicles/Proxyshoulder3.inventorySlot: Cannot update non array from array
12:47:08.680 MuchStuffPack\MSP_Storage_proxies\config.bin/CfgNonAIVehicles/Proxyshoulder4.inventorySlot: Cannot update non array from array
12:47:08.680 MuchStuffPack\MSP_Storage_proxies\config.bin/CfgNonAIVehicles/Proxyshoulder5.inventorySlot: Cannot update non array from array
12:47:08.680 MuchStuffPack\MSP_Storage_proxies\config.bin/CfgNonAIVehicles/Proxyshoulder6.inventorySlot: Cannot update non array from array
12:47:08.680 MuchStuffPack\MSP_Storage_proxies\config.bin/CfgNonAIVehicles/Proxyshoulder7.inventorySlot: Cannot update non array from array
12:47:08.681 MunghardsItems\6b38\config.bin/CfgSlots/Slot_flashlight.name: Cannot update non array from array
12:47:08.687 Updating base class ItemCompass->Inventory_Base, by MunghardsItems\hikingbag\config.bin/CfgVehicles/OrienteeringCompass/
12:47:08.688 Updating base class TentBase->Container_Base, by MunghardsItems\hikingbag\config.bin/CfgVehicles/MediumTent/
12:47:08.688 MunghardsItems\hikingbag\config.bin/CfgSlots/Slot_flashlight.name: Cannot update non array from array
12:47:08.703 Updating base class ->Inventory_Base, by BaseBuildingPlus\config.cpp/CfgVehicles/BBP_KIT_BASE/
12:47:09.498 ENGINE    (W): No module info used, trying to identify -> 0x1F4F0000

12:47:09.499 ENGINE    (W): Global job queue size 20480 is not power of 2. Increasing to next power of 2.

12:47:09.499 ENGINE    (W): Per thread job queue size 10240 is not power of 2. Increasing to next power of 2.

12:47:09.624 [Inputs] Loading inputs default "bin/constants.xml"
12:47:09.628 [Inputs] Loading inputs default "bin/specific.xml"
12:47:09.629 [Inputs] Loading inputs default "BBP_keybind/data/modded_Inputs.xml"
12:47:09.630 [Inputs] Loading inputs default "JM/COT/Scripts/Data/Inputs.xml"
12:47:09.630 !!! [Inputs] Cannot Register "UAObjectModuleDeleteOnCursor" non-existent input - Fix Preset!
12:47:09.630 [Inputs] Loading inputs default "WindstrideClothing/Inputs.xml"
12:47:09.631 [Inputs] Loading inputs default "DayZExpansion/Navigation/Scripts/Data/Inputs.xml"
12:47:09.631 [Inputs] Loading inputs default "DayZExpansion/PlayerList/Scripts/Data/Inputs.xml"
12:47:09.631 !!! [Inputs] Attempt to register duplicate exclusion group "chatexpansion"
12:47:09.632 [Inputs] Loading inputs default "DayZExpansion/Scripts/Data/Inputs.xml"
12:47:09.632 !!! [Inputs] Attempt to register duplicate exclusion group "chatexpansion"
12:47:09.632 [Inputs] Loading inputs default "DayZExpansion/Vehicles/Scripts/Data/Inputs.xml"
12:47:09.633 [Inputs] Loading inputs default "extension_helicopters/scripts/Inputs.xml"
12:47:09.633 !!! [Inputs] Cannot load inputs default "", file does not exist
12:47:09.634 !!! [Inputs] Failed to load MODDED inputs - file name/ path invalid?
12:47:09.634 [Inputs] Loading inputs default "DayZExpansion/BaseBuilding/Scripts/Data/Inputs.xml"
12:47:09.634 !!! [Inputs] Attempt to register duplicate exclusion group "chatexpansion"
12:47:09.634 [Inputs] Loading inputs default "DayZExpansion/Book/Scripts/Data/Inputs.xml"
12:47:09.634 !!! [Inputs] Attempt to register duplicate exclusion group "chatexpansion"
12:47:09.634 [Inputs] Loading inputs default "DayZExpansion/Chat/Scripts/Data/Inputs.xml"
12:47:09.635 !!! [Inputs] Attempt to register duplicate exclusion group "chatexpansion"
12:47:09.635 [Inputs] Loading inputs cfg "profiles\Users\Survivor\Server.core.xml"
12:47:09.635 !!! [Inputs] Cannot read inputs cfg "profiles\Users\Survivor\Server.core.xml", parser error
12:47:09.635 [Inputs] Loading inputs cfg "bin/core.xml"
12:47:09.635 !!! [Inputs] Cannot load input preset "#STR_USER", file does not exist
12:47:09.637 [Inputs] Exporting inputs cfg "profiles\Users\Survivor\Server.core.xml"
12:47:09.869 SCRIPT    (E): @"CL2ECL_Bridge/Scripts/3_Game/codelockconfig.c,2": Multiple declaration of class 'CodeLockConfig'

12:47:09.869 SCRIPT    (E): @"CL2ECL_Bridge/Scripts/3_Game/const.c,2": Multiple declaration of class 'CLConst'

12:47:09.875 SCRIPT    (E): Can't compile "Game" script module!

CL2ECL_Bridge/Scripts/3_Game/codelockconfig.c(2): Multiple declaration of class 'CodeLockConfig'

12:47:25.561 SCRIPT    (E): Failed to load game scripts!

note: Minidump has been generated into the file profiles\DayZServer_x64_2023-07-26_12-47-04_2023-07-26_12-47-25.mdmp
===ErrorMessage====>>>>>>BEG
===ErrorMessage====>>>>>>END
